******************************************************************************
                  TI ARM Linker PC v16.6.0                     
******************************************************************************
>> Linked Sat Sep 10 21:39:11 2016

OUTPUT FILE NAME:   <LEDs_Timers_ExInt.out>
ENTRY POINT SYMBOL: "_c_int00"  address: 00000851


MEMORY CONFIGURATION

         name            origin    length      used     unused   attr    fill
----------------------  --------  ---------  --------  --------  ----  --------
  MAIN                  00000000   00040000  000009ba  0003f646  R  X
  INFO                  00200000   00004000  00000000  00004000  R  X
  SRAM_CODE             01000000   00010000  0000021d  0000fde3  RW X
  SRAM_DATA             20000000   00010000  0000021d  0000fde3  RW  


SEGMENT ALLOCATION MAP

run origin  load origin   length   init length attrs members
----------  ----------- ---------- ----------- ----- -------
00000000    00000000    000009c0   000009c0    r-x
  00000000    00000000    000000e4   000000e4    r-- .intvecs
  000000e4    000000e4    000008ae   000008ae    r-x .text
  00000998    00000998    00000028   00000028    r-- .cinit
20000000    20000000    0000001d   00000000    rw-
  20000000    20000000    0000001d   00000000    rw- .data
2000fe00    2000fe00    00000200   00000000    rw-
  2000fe00    2000fe00    00000200   00000000    rw- .stack


SECTION ALLOCATION MAP

 output                                  attributes/
section   page    origin      length       input sections
--------  ----  ----------  ----------   ----------------
.intvecs   0    00000000    000000e4     
                  00000000    000000e4     startup_msp432p401r_ccs.obj (.intvecs:retain)

.binit     0    00000000    00000000     

.text      0    000000e4    000008ae     
                  000000e4    0000032c     system_msp432p401r.obj (.text)
                  00000410    0000014c     functions.obj (.text)
                  0000055c    000000c4     main.obj (.text)
                  00000620    000000bc     interrupts.obj (.text)
                  000006dc    0000009c     rtsv7M4_T_le_v4SPD16_eabi.lib : memcpy_t2.obj (.text)
                  00000778    00000070                                   : autoinit.obj (.text)
                  000007e8    00000066                                   : copy_decompress_lzss.obj (.text:decompress:lzss)
                  0000084e    00000002                                   : mpu_init.obj (.text)
                  00000850    00000054                                   : boot.obj (.text)
                  000008a4    00000054                                   : exit.obj (.text)
                  000008f8    0000004c                                   : cpy_tbl.obj (.text)
                  00000944    00000018                                   : args_main.obj (.text)
                  0000095c    00000014                                   : _lock.obj (.text)
                  00000970    0000000e                                   : copy_decompress_none.obj (.text:decompress:none)
                  0000097e    0000000e     startup_msp432p401r_ccs.obj (.text)
                  0000098c    00000004     rtsv7M4_T_le_v4SPD16_eabi.lib : pre_init.obj (.text)
                  00000990    00000002                                   : startup.obj (.text)

.cinit     0    00000998    00000028     
                  00000998    00000016     (.cinit..data.load) [load image, compression = lzss]
                  000009ae    00000002     --HOLE-- [fill = 0]
                  000009b0    00000008     (__TI_handler_table)
                  000009b8    00000008     (__TI_cinit_table)

.init_array 
*          0    00000000    00000000     UNINITIALIZED

.data      0    20000000    0000001d     UNINITIALIZED
                  20000000    0000000c     rtsv7M4_T_le_v4SPD16_eabi.lib : exit.obj (.data:$O1$$)
                  2000000c    00000008                                   : _lock.obj (.data:$O1$$)
                  20000014    00000004                                   : stkdepth_vars.obj (.data)
                  20000018    00000004     system_msp432p401r.obj (.data)
                  2000001c    00000001     interrupts.obj (.data)

.stack     0    2000fe00    00000200     UNINITIALIZED
                  2000fe00    00000200     --HOLE--

MODULE SUMMARY

       Module                        code   ro data   rw data
       ------                        ----   -------   -------
    .\
       system_msp432p401r.obj        812    0         8      
       functions.obj                 332    0         0      
       startup_msp432p401r_ccs.obj   14     228       0      
       main.obj                      196    0         0      
       interrupts.obj                188    0         2      
    +--+-----------------------------+------+---------+---------+
       Total:                        1542   228       10     
                                                             
    C:\ti\ccsv6\tools\compiler\ti-cgt-arm_16.6.0.STS\lib\rtsv7M4_T_le_v4SPD16_eabi.lib
       memcpy_t2.obj                 156    0         0      
       autoinit.obj                  112    0         0      
       exit.obj                      84     0         24     
       copy_decompress_lzss.obj      102    0         0      
       boot.obj                      84     0         0      
       cpy_tbl.obj                   76     0         0      
       _lock.obj                     20     0         16     
       args_main.obj                 24     0         0      
       copy_decompress_none.obj      14     0         0      
       stkdepth_vars.obj             0      0         8      
       pre_init.obj                  4      0         0      
       mpu_init.obj                  2      0         0      
       startup.obj                   2      0         0      
    +--+-----------------------------+------+---------+---------+
       Total:                        680    0         48     
                                                             
       Stack:                        0      0         1024   
       Linker Generated:             0      38        0      
    +--+-----------------------------+------+---------+---------+
       Grand Total:                  2222   266       1082   


LINKER GENERATED COPY TABLES

__TI_cinit_table @ 000009b8 records: 1, size/record: 8, table size: 8
	.data: load addr=00000998, load size=00000016 bytes, run addr=20000000, run size=0000001d bytes, compression=lzss


LINKER GENERATED HANDLER TABLE

__TI_handler_table @ 000009b0 records: 2, size/record: 4, table size: 8
	index: 0, handler: __TI_decompress_lzss
	index: 1, handler: __TI_decompress_none


GLOBAL SYMBOLS: SORTED ALPHABETICALLY BY Name 

address   name                           
-------   ----                           
0000098b  ADC14_IRQHandler               
0000098b  AES256_IRQHandler              
0000098b  BusFault_Handler               
000008a5  C$$EXIT                        
0000098b  COMP_E0_IRQHandler             
0000098b  COMP_E1_IRQHandler             
0000098b  CS_IRQHandler                  
0000098b  DMA_ERR_IRQHandler             
0000098b  DMA_INT0_IRQHandler            
0000098b  DMA_INT1_IRQHandler            
0000098b  DMA_INT2_IRQHandler            
0000098b  DMA_INT3_IRQHandler            
0000098b  DebugMon_Handler               
0000098b  Default_Handler                
0000098b  EUSCIA0_IRQHandler             
0000098b  EUSCIA1_IRQHandler             
0000098b  EUSCIA2_IRQHandler             
0000098b  EUSCIA3_IRQHandler             
0000098b  EUSCIB0_IRQHandler             
0000098b  EUSCIB1_IRQHandler             
0000098b  EUSCIB2_IRQHandler             
0000098b  EUSCIB3_IRQHandler             
0000098b  FLCTL_IRQHandler               
0000098b  FPU_IRQHandler                 
0000098b  HardFault_Handler              
0000098b  MemManage_Handler              
0000098b  NMI_Handler                    
0000098b  PCM_IRQHandler                 
00000621  PORT1_IRQHandler               
00000621  PORT1_IRQHandler               
0000098b  PORT2_IRQHandler               
0000098b  PORT3_IRQHandler               
0000098b  PORT4_IRQHandler               
0000098b  PORT5_IRQHandler               
0000098b  PORT6_IRQHandler               
0000098b  PSS_IRQHandler                 
0000098b  PendSV_Handler                 
0000098b  RTC_C_IRQHandler               
0000097f  Reset_Handler                  
UNDEFED   SHT$$INIT_ARRAY$$Base          
UNDEFED   SHT$$INIT_ARRAY$$Limit         
0000098b  SVC_Handler                    
0000098b  SysTick_Handler                
20000018  SystemCoreClock                
000000e5  SystemCoreClockUpdate          
00000359  SystemInit                     
0000098b  T32_INT1_IRQHandler            
0000098b  T32_INT2_IRQHandler            
0000098b  T32_INTC_IRQHandler            
0000098b  TA0_0_IRQHandler               
0000098b  TA0_N_IRQHandler               
0000098b  TA1_0_IRQHandler               
0000098b  TA1_N_IRQHandler               
0000098b  TA2_0_IRQHandler               
0000098b  TA2_N_IRQHandler               
0000098b  TA3_0_IRQHandler               
0000098b  TA3_N_IRQHandler               
0000098b  UsageFault_Handler             
4000480c  WDTCTL_SYM                     
0000098b  WDT_A_IRQHandler               
20010000  __STACK_END                    
00000200  __STACK_SIZE                   
000009b8  __TI_CINIT_Base                
000009c0  __TI_CINIT_Limit               
000009b0  __TI_Handler_Table_Base        
000009b8  __TI_Handler_Table_Limit       
00000779  __TI_auto_init                 
20000000  __TI_cleanup_ptr               
000007e9  __TI_decompress_lzss           
00000971  __TI_decompress_none           
20000004  __TI_dtors_ptr                 
20000008  __TI_enable_exit_profile_output
ffffffff  __TI_pprof_out_hndl            
ffffffff  __TI_prof_data_size            
ffffffff  __TI_prof_data_start           
00000000  __TI_static_base__             
000006dd  __aeabi_memcpy                 
000006dd  __aeabi_memcpy4                
000006dd  __aeabi_memcpy8                
ffffffff  __binit__                      
ffffffff  __c_args__                     
0000084f  __mpu_init                     
2000fe00  __stack                        
00000945  _args_main                     
00000851  _c_int00                       
2000000c  _lock                          
0000096b  _nop                           
00000963  _register_lock                 
0000095d  _register_unlock               
00000991  _system_post_cinit             
0000098d  _system_pre_init               
20000010  _unlock                        
000008a9  abort                          
ffffffff  binit                          
0000047d  conf_IO                        
00000473  conf_WDT                       
000008f9  copy_in                        
000008b1  exit                           
2000001c  hola                           
00000000  interruptVectors               
000005d1  main                           
20000014  main_func_sp                   
000006dd  memcpy                         


GLOBAL SYMBOLS: SORTED BY Symbol Address 

address   name                           
-------   ----                           
00000000  __TI_static_base__             
00000000  interruptVectors               
000000e5  SystemCoreClockUpdate          
00000200  __STACK_SIZE                   
00000359  SystemInit                     
00000473  conf_WDT                       
0000047d  conf_IO                        
000005d1  main                           
00000621  PORT1_IRQHandler               
00000621  PORT1_IRQHandler               
000006dd  __aeabi_memcpy                 
000006dd  __aeabi_memcpy4                
000006dd  __aeabi_memcpy8                
000006dd  memcpy                         
00000779  __TI_auto_init                 
000007e9  __TI_decompress_lzss           
0000084f  __mpu_init                     
00000851  _c_int00                       
000008a5  C$$EXIT                        
000008a9  abort                          
000008b1  exit                           
000008f9  copy_in                        
00000945  _args_main                     
0000095d  _register_unlock               
00000963  _register_lock                 
0000096b  _nop                           
00000971  __TI_decompress_none           
0000097f  Reset_Handler                  
0000098b  ADC14_IRQHandler               
0000098b  AES256_IRQHandler              
0000098b  BusFault_Handler               
0000098b  COMP_E0_IRQHandler             
0000098b  COMP_E1_IRQHandler             
0000098b  CS_IRQHandler                  
0000098b  DMA_ERR_IRQHandler             
0000098b  DMA_INT0_IRQHandler            
0000098b  DMA_INT1_IRQHandler            
0000098b  DMA_INT2_IRQHandler            
0000098b  DMA_INT3_IRQHandler            
0000098b  DebugMon_Handler               
0000098b  Default_Handler                
0000098b  EUSCIA0_IRQHandler             
0000098b  EUSCIA1_IRQHandler             
0000098b  EUSCIA2_IRQHandler             
0000098b  EUSCIA3_IRQHandler             
0000098b  EUSCIB0_IRQHandler             
0000098b  EUSCIB1_IRQHandler             
0000098b  EUSCIB2_IRQHandler             
0000098b  EUSCIB3_IRQHandler             
0000098b  FLCTL_IRQHandler               
0000098b  FPU_IRQHandler                 
0000098b  HardFault_Handler              
0000098b  MemManage_Handler              
0000098b  NMI_Handler                    
0000098b  PCM_IRQHandler                 
0000098b  PORT2_IRQHandler               
0000098b  PORT3_IRQHandler               
0000098b  PORT4_IRQHandler               
0000098b  PORT5_IRQHandler               
0000098b  PORT6_IRQHandler               
0000098b  PSS_IRQHandler                 
0000098b  PendSV_Handler                 
0000098b  RTC_C_IRQHandler               
0000098b  SVC_Handler                    
0000098b  SysTick_Handler                
0000098b  T32_INT1_IRQHandler            
0000098b  T32_INT2_IRQHandler            
0000098b  T32_INTC_IRQHandler            
0000098b  TA0_0_IRQHandler               
0000098b  TA0_N_IRQHandler               
0000098b  TA1_0_IRQHandler               
0000098b  TA1_N_IRQHandler               
0000098b  TA2_0_IRQHandler               
0000098b  TA2_N_IRQHandler               
0000098b  TA3_0_IRQHandler               
0000098b  TA3_N_IRQHandler               
0000098b  UsageFault_Handler             
0000098b  WDT_A_IRQHandler               
0000098d  _system_pre_init               
00000991  _system_post_cinit             
000009b0  __TI_Handler_Table_Base        
000009b8  __TI_CINIT_Base                
000009b8  __TI_Handler_Table_Limit       
000009c0  __TI_CINIT_Limit               
20000000  __TI_cleanup_ptr               
20000004  __TI_dtors_ptr                 
20000008  __TI_enable_exit_profile_output
2000000c  _lock                          
20000010  _unlock                        
20000014  main_func_sp                   
20000018  SystemCoreClock                
2000001c  hola                           
2000fe00  __stack                        
20010000  __STACK_END                    
4000480c  WDTCTL_SYM                     
ffffffff  __TI_pprof_out_hndl            
ffffffff  __TI_prof_data_size            
ffffffff  __TI_prof_data_start           
ffffffff  __binit__                      
ffffffff  __c_args__                     
ffffffff  binit                          
UNDEFED   SHT$$INIT_ARRAY$$Base          
UNDEFED   SHT$$INIT_ARRAY$$Limit         

[103 symbols]
