Archive member included to satisfy reference by file (symbol)

c:/program files (x86)/embitz/1.11/share/em_armgcc/bin/../lib/gcc/arm-none-eabi/5.4.1/../../../../arm-none-eabi/lib/armv6-m\libg_n.a(lib_a-exit.o)
                              c:/program files (x86)/embitz/1.11/share/em_armgcc/bin/../lib/gcc/arm-none-eabi/5.4.1/../../../../arm-none-eabi/lib/armv6-m/crt0.o (exit)
c:/program files (x86)/embitz/1.11/share/em_armgcc/bin/../lib/gcc/arm-none-eabi/5.4.1/../../../../arm-none-eabi/lib/armv6-m\libg_n.a(lib_a-impure.o)
                              c:/program files (x86)/embitz/1.11/share/em_armgcc/bin/../lib/gcc/arm-none-eabi/5.4.1/../../../../arm-none-eabi/lib/armv6-m\libg_n.a(lib_a-exit.o) (_global_impure_ptr)
c:/program files (x86)/embitz/1.11/share/em_armgcc/bin/../lib/gcc/arm-none-eabi/5.4.1/../../../../arm-none-eabi/lib/armv6-m\libg_n.a(lib_a-init.o)
                              c:/program files (x86)/embitz/1.11/share/em_armgcc/bin/../lib/gcc/arm-none-eabi/5.4.1/../../../../arm-none-eabi/lib/armv6-m/crt0.o (__libc_init_array)
c:/program files (x86)/embitz/1.11/share/em_armgcc/bin/../lib/gcc/arm-none-eabi/5.4.1/../../../../arm-none-eabi/lib/armv6-m\libg_n.a(lib_a-memset.o)
                              c:/program files (x86)/embitz/1.11/share/em_armgcc/bin/../lib/gcc/arm-none-eabi/5.4.1/../../../../arm-none-eabi/lib/armv6-m/crt0.o (memset)
c:/program files (x86)/embitz/1.11/share/em_armgcc/bin/../lib/gcc/arm-none-eabi/5.4.1/../../../../arm-none-eabi/lib/armv6-m\libnosys_s.a(_exit.o)
                              c:/program files (x86)/embitz/1.11/share/em_armgcc/bin/../lib/gcc/arm-none-eabi/5.4.1/../../../../arm-none-eabi/lib/armv6-m\libg_n.a(lib_a-exit.o) (_exit)

Allocating common symbols
Common symbol       size              file

changeLEDsSTATE     0x4               obj\debug\src\functions.o

Discarded input sections

 .text          0x00000000        0x0 c:/program files (x86)/embitz/1.11/share/em_armgcc/bin/../lib/gcc/arm-none-eabi/5.4.1/armv6-m/crti.o
 .data          0x00000000        0x0 c:/program files (x86)/embitz/1.11/share/em_armgcc/bin/../lib/gcc/arm-none-eabi/5.4.1/armv6-m/crti.o
 .bss           0x00000000        0x0 c:/program files (x86)/embitz/1.11/share/em_armgcc/bin/../lib/gcc/arm-none-eabi/5.4.1/armv6-m/crti.o
 .text          0x00000000       0x60 c:/program files (x86)/embitz/1.11/share/em_armgcc/bin/../lib/gcc/arm-none-eabi/5.4.1/armv6-m/crtbegin.o
 .data          0x00000000        0x4 c:/program files (x86)/embitz/1.11/share/em_armgcc/bin/../lib/gcc/arm-none-eabi/5.4.1/armv6-m/crtbegin.o
 .bss           0x00000000       0x1c c:/program files (x86)/embitz/1.11/share/em_armgcc/bin/../lib/gcc/arm-none-eabi/5.4.1/armv6-m/crtbegin.o
 .init_array    0x00000000        0x4 c:/program files (x86)/embitz/1.11/share/em_armgcc/bin/../lib/gcc/arm-none-eabi/5.4.1/armv6-m/crtbegin.o
 .fini_array    0x00000000        0x4 c:/program files (x86)/embitz/1.11/share/em_armgcc/bin/../lib/gcc/arm-none-eabi/5.4.1/armv6-m/crtbegin.o
 .eh_frame      0x00000000        0x0 c:/program files (x86)/embitz/1.11/share/em_armgcc/bin/../lib/gcc/arm-none-eabi/5.4.1/armv6-m/crtbegin.o
 .jcr           0x00000000        0x0 c:/program files (x86)/embitz/1.11/share/em_armgcc/bin/../lib/gcc/arm-none-eabi/5.4.1/armv6-m/crtbegin.o
 .ARM.attributes
                0x00000000       0x2c c:/program files (x86)/embitz/1.11/share/em_armgcc/bin/../lib/gcc/arm-none-eabi/5.4.1/armv6-m/crtbegin.o
 .data          0x00000000        0x0 c:/program files (x86)/embitz/1.11/share/em_armgcc/bin/../lib/gcc/arm-none-eabi/5.4.1/../../../../arm-none-eabi/lib/armv6-m/crt0.o
 .bss           0x00000000        0x0 c:/program files (x86)/embitz/1.11/share/em_armgcc/bin/../lib/gcc/arm-none-eabi/5.4.1/../../../../arm-none-eabi/lib/armv6-m/crt0.o
 .ARM.extab     0x00000000        0x0 c:/program files (x86)/embitz/1.11/share/em_armgcc/bin/../lib/gcc/arm-none-eabi/5.4.1/../../../../arm-none-eabi/lib/armv6-m/crt0.o
 .group         0x00000000        0x8 obj\debug\src\functions.o
 .group         0x00000000        0x8 obj\debug\src\functions.o
 .group         0x00000000        0x8 obj\debug\src\functions.o
 .group         0x00000000        0x8 obj\debug\src\functions.o
 .group         0x00000000        0x8 obj\debug\src\functions.o
 .group         0x00000000        0x8 obj\debug\src\functions.o
 .group         0x00000000        0x8 obj\debug\src\functions.o
 .group         0x00000000        0x8 obj\debug\src\functions.o
 .group         0x00000000        0x8 obj\debug\src\functions.o
 .group         0x00000000        0x8 obj\debug\src\functions.o
 .group         0x00000000        0x8 obj\debug\src\functions.o
 .group         0x00000000        0x8 obj\debug\src\functions.o
 .group         0x00000000        0x8 obj\debug\src\functions.o
 .group         0x00000000        0x8 obj\debug\src\functions.o
 .group         0x00000000        0x8 obj\debug\src\functions.o
 .group         0x00000000        0x8 obj\debug\src\functions.o
 .text          0x00000000        0x0 obj\debug\src\functions.o
 .data          0x00000000        0x0 obj\debug\src\functions.o
 .bss           0x00000000        0x0 obj\debug\src\functions.o
 .group         0x00000000        0x8 obj\debug\src\interrupts.o
 .group         0x00000000        0x8 obj\debug\src\interrupts.o
 .group         0x00000000        0x8 obj\debug\src\interrupts.o
 .group         0x00000000        0x8 obj\debug\src\interrupts.o
 .group         0x00000000        0x8 obj\debug\src\interrupts.o
 .group         0x00000000        0x8 obj\debug\src\interrupts.o
 .group         0x00000000        0x8 obj\debug\src\interrupts.o
 .group         0x00000000        0x8 obj\debug\src\interrupts.o
 .group         0x00000000        0x8 obj\debug\src\interrupts.o
 .group         0x00000000        0x8 obj\debug\src\interrupts.o
 .group         0x00000000        0x8 obj\debug\src\interrupts.o
 .group         0x00000000        0x8 obj\debug\src\interrupts.o
 .group         0x00000000        0x8 obj\debug\src\interrupts.o
 .group         0x00000000        0x8 obj\debug\src\interrupts.o
 .group         0x00000000        0x8 obj\debug\src\interrupts.o
 .group         0x00000000        0x8 obj\debug\src\interrupts.o
 .text          0x00000000        0x0 obj\debug\src\interrupts.o
 .data          0x00000000        0x0 obj\debug\src\interrupts.o
 .bss           0x00000000        0x0 obj\debug\src\interrupts.o
 .debug_macro   0x00000000      0x82c obj\debug\src\interrupts.o
 .debug_macro   0x00000000       0x22 obj\debug\src\interrupts.o
 .debug_macro   0x00000000       0x3a obj\debug\src\interrupts.o
 .debug_macro   0x00000000       0x22 obj\debug\src\interrupts.o
 .debug_macro   0x00000000       0x87 obj\debug\src\interrupts.o
 .debug_macro   0x00000000       0x44 obj\debug\src\interrupts.o
 .debug_macro   0x00000000       0xfd obj\debug\src\interrupts.o
 .debug_macro   0x00000000       0x5e obj\debug\src\interrupts.o
 .debug_macro   0x00000000      0x1df obj\debug\src\interrupts.o
 .debug_macro   0x00000000      0x241 obj\debug\src\interrupts.o
 .debug_macro   0x00000000      0x1d2 obj\debug\src\interrupts.o
 .debug_macro   0x00000000     0x74a3 obj\debug\src\interrupts.o
 .debug_macro   0x00000000      0x976 obj\debug\src\interrupts.o
 .debug_macro   0x00000000       0x10 obj\debug\src\interrupts.o
 .debug_macro   0x00000000       0x34 obj\debug\src\interrupts.o
 .debug_macro   0x00000000       0x10 obj\debug\src\interrupts.o
 .group         0x00000000        0x8 obj\debug\src\main.o
 .group         0x00000000        0x8 obj\debug\src\main.o
 .group         0x00000000        0x8 obj\debug\src\main.o
 .group         0x00000000        0x8 obj\debug\src\main.o
 .group         0x00000000        0x8 obj\debug\src\main.o
 .group         0x00000000        0x8 obj\debug\src\main.o
 .group         0x00000000        0x8 obj\debug\src\main.o
 .group         0x00000000        0x8 obj\debug\src\main.o
 .group         0x00000000        0x8 obj\debug\src\main.o
 .group         0x00000000        0x8 obj\debug\src\main.o
 .group         0x00000000        0x8 obj\debug\src\main.o
 .group         0x00000000        0x8 obj\debug\src\main.o
 .group         0x00000000        0x8 obj\debug\src\main.o
 .group         0x00000000        0x8 obj\debug\src\main.o
 .group         0x00000000        0x8 obj\debug\src\main.o
 .group         0x00000000        0x8 obj\debug\src\main.o
 .group         0x00000000        0x8 obj\debug\src\main.o
 .group         0x00000000        0x8 obj\debug\src\main.o
 .group         0x00000000        0x8 obj\debug\src\main.o
 .group         0x00000000        0x8 obj\debug\src\main.o
 .group         0x00000000        0x8 obj\debug\src\main.o
 .group         0x00000000        0x8 obj\debug\src\main.o
 .group         0x00000000        0x8 obj\debug\src\main.o
 .group         0x00000000        0x8 obj\debug\src\main.o
 .group         0x00000000        0x8 obj\debug\src\main.o
 .group         0x00000000        0x8 obj\debug\src\main.o
 .group         0x00000000        0x8 obj\debug\src\main.o
 .text          0x00000000        0x0 obj\debug\src\main.o
 .data          0x00000000        0x0 obj\debug\src\main.o
 .bss           0x00000000        0x0 obj\debug\src\main.o
 .text.sd_ble_gap_address_set
                0x00000000        0x8 obj\debug\src\main.o
 .text.sd_ble_gap_address_get
                0x00000000        0x8 obj\debug\src\main.o
 .text.sd_ble_gap_adv_data_set
                0x00000000        0x8 obj\debug\src\main.o
 .text.sd_ble_gap_adv_start
                0x00000000        0x8 obj\debug\src\main.o
 .text.sd_ble_gap_adv_stop
                0x00000000        0x8 obj\debug\src\main.o
 .text.sd_ble_gap_conn_param_update
                0x00000000        0x8 obj\debug\src\main.o
 .text.sd_ble_gap_disconnect
                0x00000000        0x8 obj\debug\src\main.o
 .text.sd_ble_gap_tx_power_set
                0x00000000        0x8 obj\debug\src\main.o
 .text.sd_ble_gap_appearance_set
                0x00000000        0x8 obj\debug\src\main.o
 .text.sd_ble_gap_appearance_get
                0x00000000        0x8 obj\debug\src\main.o
 .text.sd_ble_gap_ppcp_set
                0x00000000        0x8 obj\debug\src\main.o
 .text.sd_ble_gap_ppcp_get
                0x00000000        0x8 obj\debug\src\main.o
 .text.sd_ble_gap_device_name_set
                0x00000000        0x8 obj\debug\src\main.o
 .text.sd_ble_gap_device_name_get
                0x00000000        0x8 obj\debug\src\main.o
 .text.sd_ble_gap_authenticate
                0x00000000        0x8 obj\debug\src\main.o
 .text.sd_ble_gap_sec_params_reply
                0x00000000        0x8 obj\debug\src\main.o
 .text.sd_ble_gap_auth_key_reply
                0x00000000        0x8 obj\debug\src\main.o
 .text.sd_ble_gap_encrypt
                0x00000000        0x8 obj\debug\src\main.o
 .text.sd_ble_gap_sec_info_reply
                0x00000000        0x8 obj\debug\src\main.o
 .text.sd_ble_gap_conn_sec_get
                0x00000000        0x8 obj\debug\src\main.o
 .text.sd_ble_gap_rssi_start
                0x00000000        0x8 obj\debug\src\main.o
 .text.sd_ble_gap_rssi_stop
                0x00000000        0x8 obj\debug\src\main.o
 .text.sd_ble_gap_rssi_get
                0x00000000        0x8 obj\debug\src\main.o
 .text.sd_ble_gap_scan_start
                0x00000000        0x8 obj\debug\src\main.o
 .text.sd_ble_gap_scan_stop
                0x00000000        0x8 obj\debug\src\main.o
 .text.sd_ble_gap_connect
                0x00000000        0x8 obj\debug\src\main.o
 .text.sd_ble_gap_connect_cancel
                0x00000000        0x8 obj\debug\src\main.o
 .text.sd_ble_l2cap_cid_register
                0x00000000        0x8 obj\debug\src\main.o
 .text.sd_ble_l2cap_cid_unregister
                0x00000000        0x8 obj\debug\src\main.o
 .text.sd_ble_l2cap_tx
                0x00000000        0x8 obj\debug\src\main.o
 .text.sd_ble_gattc_primary_services_discover
                0x00000000        0x8 obj\debug\src\main.o
 .text.sd_ble_gattc_relationships_discover
                0x00000000        0x8 obj\debug\src\main.o
 .text.sd_ble_gattc_characteristics_discover
                0x00000000        0x8 obj\debug\src\main.o
 .text.sd_ble_gattc_descriptors_discover
                0x00000000        0x8 obj\debug\src\main.o
 .text.sd_ble_gattc_char_value_by_uuid_read
                0x00000000        0x8 obj\debug\src\main.o
 .text.sd_ble_gattc_read
                0x00000000        0x8 obj\debug\src\main.o
 .text.sd_ble_gattc_char_values_read
                0x00000000        0x8 obj\debug\src\main.o
 .text.sd_ble_gattc_write
                0x00000000        0x8 obj\debug\src\main.o
 .text.sd_ble_gattc_hv_confirm
                0x00000000        0x8 obj\debug\src\main.o
 .text.sd_ble_gatts_service_add
                0x00000000        0x8 obj\debug\src\main.o
 .text.sd_ble_gatts_include_add
                0x00000000        0x8 obj\debug\src\main.o
 .text.sd_ble_gatts_characteristic_add
                0x00000000        0x8 obj\debug\src\main.o
 .text.sd_ble_gatts_descriptor_add
                0x00000000        0x8 obj\debug\src\main.o
 .text.sd_ble_gatts_value_set
                0x00000000        0x8 obj\debug\src\main.o
 .text.sd_ble_gatts_value_get
                0x00000000        0x8 obj\debug\src\main.o
 .text.sd_ble_gatts_hvx
                0x00000000        0x8 obj\debug\src\main.o
 .text.sd_ble_gatts_service_changed
                0x00000000        0x8 obj\debug\src\main.o
 .text.sd_ble_gatts_rw_authorize_reply
                0x00000000        0x8 obj\debug\src\main.o
 .text.sd_ble_gatts_sys_attr_set
                0x00000000        0x8 obj\debug\src\main.o
 .text.sd_ble_gatts_sys_attr_get
                0x00000000        0x8 obj\debug\src\main.o
 .text.sd_ble_enable
                0x00000000        0x8 obj\debug\src\main.o
 .text.sd_ble_evt_get
                0x00000000        0x8 obj\debug\src\main.o
 .text.sd_ble_tx_buffer_count_get
                0x00000000        0x8 obj\debug\src\main.o
 .text.sd_ble_uuid_vs_add
                0x00000000        0x8 obj\debug\src\main.o
 .text.sd_ble_uuid_decode
                0x00000000        0x8 obj\debug\src\main.o
 .text.sd_ble_uuid_encode
                0x00000000        0x8 obj\debug\src\main.o
 .text.sd_ble_version_get
                0x00000000        0x8 obj\debug\src\main.o
 .text.sd_ble_user_mem_reply
                0x00000000        0x8 obj\debug\src\main.o
 .text.sd_ble_opt_set
                0x00000000        0x8 obj\debug\src\main.o
 .text.sd_ble_opt_get
                0x00000000        0x8 obj\debug\src\main.o
 .debug_macro   0x00000000      0x82c obj\debug\src\main.o
 .debug_macro   0x00000000       0x22 obj\debug\src\main.o
 .debug_macro   0x00000000       0x3a obj\debug\src\main.o
 .debug_macro   0x00000000       0x22 obj\debug\src\main.o
 .debug_macro   0x00000000       0x87 obj\debug\src\main.o
 .debug_macro   0x00000000       0x44 obj\debug\src\main.o
 .debug_macro   0x00000000       0xfd obj\debug\src\main.o
 .debug_macro   0x00000000       0x5e obj\debug\src\main.o
 .debug_macro   0x00000000      0x1df obj\debug\src\main.o
 .debug_macro   0x00000000      0x241 obj\debug\src\main.o
 .debug_macro   0x00000000      0x1d2 obj\debug\src\main.o
 .debug_macro   0x00000000     0x74a3 obj\debug\src\main.o
 .debug_macro   0x00000000      0x976 obj\debug\src\main.o
 .debug_macro   0x00000000       0x10 obj\debug\src\main.o
 .debug_macro   0x00000000       0x34 obj\debug\src\main.o
 .debug_macro   0x00000000       0x10 obj\debug\src\main.o
 .group         0x00000000        0x8 obj\debug\src\system_nrf51.o
 .group         0x00000000        0x8 obj\debug\src\system_nrf51.o
 .group         0x00000000        0x8 obj\debug\src\system_nrf51.o
 .group         0x00000000        0x8 obj\debug\src\system_nrf51.o
 .group         0x00000000        0x8 obj\debug\src\system_nrf51.o
 .group         0x00000000        0x8 obj\debug\src\system_nrf51.o
 .group         0x00000000        0x8 obj\debug\src\system_nrf51.o
 .group         0x00000000        0x8 obj\debug\src\system_nrf51.o
 .group         0x00000000        0x8 obj\debug\src\system_nrf51.o
 .group         0x00000000        0x8 obj\debug\src\system_nrf51.o
 .group         0x00000000        0x8 obj\debug\src\system_nrf51.o
 .group         0x00000000        0x8 obj\debug\src\system_nrf51.o
 .group         0x00000000        0x8 obj\debug\src\system_nrf51.o
 .group         0x00000000        0x8 obj\debug\src\system_nrf51.o
 .group         0x00000000        0x8 obj\debug\src\system_nrf51.o
 .text          0x00000000        0x0 obj\debug\src\system_nrf51.o
 .data          0x00000000        0x0 obj\debug\src\system_nrf51.o
 .bss           0x00000000        0x0 obj\debug\src\system_nrf51.o
 .data.SystemCoreClock
                0x00000000        0x4 obj\debug\src\system_nrf51.o
 .text.SystemCoreClockUpdate
                0x00000000       0x18 obj\debug\src\system_nrf51.o
 .debug_macro   0x00000000      0x82c obj\debug\src\system_nrf51.o
 .debug_macro   0x00000000       0x22 obj\debug\src\system_nrf51.o
 .debug_macro   0x00000000       0x87 obj\debug\src\system_nrf51.o
 .debug_macro   0x00000000       0x44 obj\debug\src\system_nrf51.o
 .debug_macro   0x00000000       0xfd obj\debug\src\system_nrf51.o
 .debug_macro   0x00000000       0x5e obj\debug\src\system_nrf51.o
 .debug_macro   0x00000000      0x1df obj\debug\src\system_nrf51.o
 .debug_macro   0x00000000       0x22 obj\debug\src\system_nrf51.o
 .debug_macro   0x00000000       0x3a obj\debug\src\system_nrf51.o
 .debug_macro   0x00000000      0x241 obj\debug\src\system_nrf51.o
 .debug_macro   0x00000000      0x1d2 obj\debug\src\system_nrf51.o
 .debug_macro   0x00000000     0x74a3 obj\debug\src\system_nrf51.o
 .debug_macro   0x00000000      0x976 obj\debug\src\system_nrf51.o
 .debug_macro   0x00000000       0x10 obj\debug\src\system_nrf51.o
 .data          0x00000000        0x0 obj\debug\startup_nrf51.o
 .bss           0x00000000        0x0 obj\debug\startup_nrf51.o
 .ARM.extab     0x00000000        0x0 obj\debug\startup_nrf51.o
 .group         0x00000000        0x8 obj\debug\s130.o
 .text          0x00000000        0x0 obj\debug\s130.o
 .data          0x00000000        0x0 obj\debug\s130.o
 .bss           0x00000000        0x0 obj\debug\s130.o
 .debug_macro   0x00000000      0x82c obj\debug\s130.o
 .text          0x00000000        0x0 c:/program files (x86)/embitz/1.11/share/em_armgcc/bin/../lib/gcc/arm-none-eabi/5.4.1/../../../../arm-none-eabi/lib/armv6-m\libg_n.a(lib_a-exit.o)
 .data          0x00000000        0x0 c:/program files (x86)/embitz/1.11/share/em_armgcc/bin/../lib/gcc/arm-none-eabi/5.4.1/../../../../arm-none-eabi/lib/armv6-m\libg_n.a(lib_a-exit.o)
 .bss           0x00000000        0x0 c:/program files (x86)/embitz/1.11/share/em_armgcc/bin/../lib/gcc/arm-none-eabi/5.4.1/../../../../arm-none-eabi/lib/armv6-m\libg_n.a(lib_a-exit.o)
 .text          0x00000000        0x0 c:/program files (x86)/embitz/1.11/share/em_armgcc/bin/../lib/gcc/arm-none-eabi/5.4.1/../../../../arm-none-eabi/lib/armv6-m\libg_n.a(lib_a-impure.o)
 .data          0x00000000        0x0 c:/program files (x86)/embitz/1.11/share/em_armgcc/bin/../lib/gcc/arm-none-eabi/5.4.1/../../../../arm-none-eabi/lib/armv6-m\libg_n.a(lib_a-impure.o)
 .bss           0x00000000        0x0 c:/program files (x86)/embitz/1.11/share/em_armgcc/bin/../lib/gcc/arm-none-eabi/5.4.1/../../../../arm-none-eabi/lib/armv6-m\libg_n.a(lib_a-impure.o)
 .data._impure_ptr
                0x00000000        0x4 c:/program files (x86)/embitz/1.11/share/em_armgcc/bin/../lib/gcc/arm-none-eabi/5.4.1/../../../../arm-none-eabi/lib/armv6-m\libg_n.a(lib_a-impure.o)
 .text          0x00000000        0x0 c:/program files (x86)/embitz/1.11/share/em_armgcc/bin/../lib/gcc/arm-none-eabi/5.4.1/../../../../arm-none-eabi/lib/armv6-m\libg_n.a(lib_a-init.o)
 .data          0x00000000        0x0 c:/program files (x86)/embitz/1.11/share/em_armgcc/bin/../lib/gcc/arm-none-eabi/5.4.1/../../../../arm-none-eabi/lib/armv6-m\libg_n.a(lib_a-init.o)
 .bss           0x00000000        0x0 c:/program files (x86)/embitz/1.11/share/em_armgcc/bin/../lib/gcc/arm-none-eabi/5.4.1/../../../../arm-none-eabi/lib/armv6-m\libg_n.a(lib_a-init.o)
 .text          0x00000000        0x0 c:/program files (x86)/embitz/1.11/share/em_armgcc/bin/../lib/gcc/arm-none-eabi/5.4.1/../../../../arm-none-eabi/lib/armv6-m\libg_n.a(lib_a-memset.o)
 .data          0x00000000        0x0 c:/program files (x86)/embitz/1.11/share/em_armgcc/bin/../lib/gcc/arm-none-eabi/5.4.1/../../../../arm-none-eabi/lib/armv6-m\libg_n.a(lib_a-memset.o)
 .bss           0x00000000        0x0 c:/program files (x86)/embitz/1.11/share/em_armgcc/bin/../lib/gcc/arm-none-eabi/5.4.1/../../../../arm-none-eabi/lib/armv6-m\libg_n.a(lib_a-memset.o)
 .text          0x00000000        0x0 c:/program files (x86)/embitz/1.11/share/em_armgcc/bin/../lib/gcc/arm-none-eabi/5.4.1/../../../../arm-none-eabi/lib/armv6-m\libnosys_s.a(_exit.o)
 .data          0x00000000        0x0 c:/program files (x86)/embitz/1.11/share/em_armgcc/bin/../lib/gcc/arm-none-eabi/5.4.1/../../../../arm-none-eabi/lib/armv6-m\libnosys_s.a(_exit.o)
 .bss           0x00000000        0x0 c:/program files (x86)/embitz/1.11/share/em_armgcc/bin/../lib/gcc/arm-none-eabi/5.4.1/../../../../arm-none-eabi/lib/armv6-m\libnosys_s.a(_exit.o)
 .text          0x00000000        0x0 c:/program files (x86)/embitz/1.11/share/em_armgcc/bin/../lib/gcc/arm-none-eabi/5.4.1/armv6-m/crtend.o
 .data          0x00000000        0x0 c:/program files (x86)/embitz/1.11/share/em_armgcc/bin/../lib/gcc/arm-none-eabi/5.4.1/armv6-m/crtend.o
 .bss           0x00000000        0x0 c:/program files (x86)/embitz/1.11/share/em_armgcc/bin/../lib/gcc/arm-none-eabi/5.4.1/armv6-m/crtend.o
 .eh_frame      0x00000000        0x4 c:/program files (x86)/embitz/1.11/share/em_armgcc/bin/../lib/gcc/arm-none-eabi/5.4.1/armv6-m/crtend.o
 .jcr           0x00000000        0x4 c:/program files (x86)/embitz/1.11/share/em_armgcc/bin/../lib/gcc/arm-none-eabi/5.4.1/armv6-m/crtend.o
 .ARM.attributes
                0x00000000       0x2c c:/program files (x86)/embitz/1.11/share/em_armgcc/bin/../lib/gcc/arm-none-eabi/5.4.1/armv6-m/crtend.o
 .text          0x00000000        0x0 c:/program files (x86)/embitz/1.11/share/em_armgcc/bin/../lib/gcc/arm-none-eabi/5.4.1/armv6-m/crtn.o
 .data          0x00000000        0x0 c:/program files (x86)/embitz/1.11/share/em_armgcc/bin/../lib/gcc/arm-none-eabi/5.4.1/armv6-m/crtn.o
 .bss           0x00000000        0x0 c:/program files (x86)/embitz/1.11/share/em_armgcc/bin/../lib/gcc/arm-none-eabi/5.4.1/armv6-m/crtn.o

Memory Configuration

Name             Origin             Length             Attributes
SOFTD            0x00000000         0x0001d000         xr
FLASH            0x0001d000         0x00023000         xr
RAM              0x20002200         0x00005600         xrw
*default*        0x00000000         0xffffffff

Linker script and memory map

LOAD c:/program files (x86)/embitz/1.11/share/em_armgcc/bin/../lib/gcc/arm-none-eabi/5.4.1/armv6-m/crti.o
LOAD c:/program files (x86)/embitz/1.11/share/em_armgcc/bin/../lib/gcc/arm-none-eabi/5.4.1/armv6-m/crtbegin.o
LOAD c:/program files (x86)/embitz/1.11/share/em_armgcc/bin/../lib/gcc/arm-none-eabi/5.4.1/../../../../arm-none-eabi/lib/armv6-m/crt0.o
                0x00000200                __HEAP_SIZE = 0x200
                0x00000400                __STACK_SIZE = 0x400

.softdevice     0x00000000    0x1d000
 *(.softdevice*)
 .softdevice    0x00000000    0x1d000 obj\debug\s130.o
                0x00000000                Nordic_S130_SD

.text           0x0001d000      0x644
 *(.Vectors)
 .Vectors       0x0001d000       0xc0 obj\debug\startup_nrf51.o
                0x0001d000                __Vectors
 *(.text*)
 .text          0x0001d0c0       0x78 c:/program files (x86)/embitz/1.11/share/em_armgcc/bin/../lib/gcc/arm-none-eabi/5.4.1/../../../../arm-none-eabi/lib/armv6-m/crt0.o
                0x0001d0c0                _start
                0x0001d0c0                _mainCRTStartup
 .text.NVIC_EnableIRQ
                0x0001d138       0x2c obj\debug\src\functions.o
 .text.conf_GPIO
                0x0001d164       0x70 obj\debug\src\functions.o
                0x0001d164                conf_GPIO
 .text.conf_GPIOTE
                0x0001d1d4       0xa0 obj\debug\src\functions.o
                0x0001d1d4                conf_GPIOTE
 .text.GPIOTE_IRQHandler
                0x0001d274      0x1a8 obj\debug\src\interrupts.o
                0x0001d274                GPIOTE_IRQHandler
 .text.main     0x0001d41c       0x1c obj\debug\src\main.o
                0x0001d41c                main
 .text.SystemInit
                0x0001d438       0x40 obj\debug\src\system_nrf51.o
                0x0001d438                SystemInit
 .text.is_manual_peripheral_setup_needed
                0x0001d478       0x80 obj\debug\src\system_nrf51.o
 .text.is_disabled_in_debug_needed
                0x0001d4f8       0x4c obj\debug\src\system_nrf51.o
 .text          0x0001d544       0x54 obj\debug\startup_nrf51.o
                0x0001d544                Reset_Handler
                0x0001d58c                NMI_Handler
                0x0001d58e                HardFault_Handler
                0x0001d590                SVC_Handler
                0x0001d592                PendSV_Handler
                0x0001d594                SysTick_Handler
                0x0001d596                RTC0_IRQHandler
                0x0001d596                POWER_CLOCK_IRQHandler
                0x0001d596                SPI0_TWI0_IRQHandler
                0x0001d596                LPCOMP_IRQHandler
                0x0001d596                SWI4_IRQHandler
                0x0001d596                TEMP_IRQHandler
                0x0001d596                QDEC_IRQHandler
                0x0001d596                UART0_IRQHandler
                0x0001d596                SWI5_IRQHandler
                0x0001d596                TIMER0_IRQHandler
                0x0001d596                RADIO_IRQHandler
                0x0001d596                SWI0_IRQHandler
                0x0001d596                TIMER1_IRQHandler
                0x0001d596                ECB_IRQHandler
                0x0001d596                Default_Handler
                0x0001d596                ADC_IRQHandler
                0x0001d596                SWI3_IRQHandler
                0x0001d596                CCM_AAR_IRQHandler
                0x0001d596                WDT_IRQHandler
                0x0001d596                TIMER2_IRQHandler
                0x0001d596                SWI2_IRQHandler
                0x0001d596                RNG_IRQHandler
                0x0001d596                SPI1_TWI1_IRQHandler
                0x0001d596                RTC1_IRQHandler
                0x0001d596                SWI1_IRQHandler
 .text.exit     0x0001d598       0x2c c:/program files (x86)/embitz/1.11/share/em_armgcc/bin/../lib/gcc/arm-none-eabi/5.4.1/../../../../arm-none-eabi/lib/armv6-m\libg_n.a(lib_a-exit.o)
                0x0001d598                exit
 .text.__libc_init_array
                0x0001d5c4       0x4c c:/program files (x86)/embitz/1.11/share/em_armgcc/bin/../lib/gcc/arm-none-eabi/5.4.1/../../../../arm-none-eabi/lib/armv6-m\libg_n.a(lib_a-init.o)
                0x0001d5c4                __libc_init_array
 .text.memset   0x0001d610       0x10 c:/program files (x86)/embitz/1.11/share/em_armgcc/bin/../lib/gcc/arm-none-eabi/5.4.1/../../../../arm-none-eabi/lib/armv6-m\libg_n.a(lib_a-memset.o)
                0x0001d610                memset
 .text._exit    0x0001d620        0x2 c:/program files (x86)/embitz/1.11/share/em_armgcc/bin/../lib/gcc/arm-none-eabi/5.4.1/../../../../arm-none-eabi/lib/armv6-m\libnosys_s.a(_exit.o)
                0x0001d620                _exit
 *(.init)
 *fill*         0x0001d622        0x2 
 .init          0x0001d624        0x4 c:/program files (x86)/embitz/1.11/share/em_armgcc/bin/../lib/gcc/arm-none-eabi/5.4.1/armv6-m/crti.o
                0x0001d624                _init
 .init          0x0001d628        0x8 c:/program files (x86)/embitz/1.11/share/em_armgcc/bin/../lib/gcc/arm-none-eabi/5.4.1/armv6-m/crtn.o
 *(.fini)
 .fini          0x0001d630        0x4 c:/program files (x86)/embitz/1.11/share/em_armgcc/bin/../lib/gcc/arm-none-eabi/5.4.1/armv6-m/crti.o
                0x0001d630                _fini
 .fini          0x0001d634        0x8 c:/program files (x86)/embitz/1.11/share/em_armgcc/bin/../lib/gcc/arm-none-eabi/5.4.1/armv6-m/crtn.o
 *crtbegin.o(.ctors)
 *crtbegin?.o(.ctors)
 *(EXCLUDE_FILE(*crtend.o *crtend?.o) .ctors)
 *(SORT(.ctors.*))
 *(.ctors)
 *crtbegin.o(.dtors)
 *crtbegin?.o(.dtors)
 *(EXCLUDE_FILE(*crtend.o *crtend?.o) .dtors)
 *(SORT(.dtors.*))
 *(.dtors)
 *(.rodata*)
 .rodata.str1.1
                0x0001d63c        0x2 c:/program files (x86)/embitz/1.11/share/em_armgcc/bin/../lib/gcc/arm-none-eabi/5.4.1/../../../../arm-none-eabi/lib/armv6-m\libg_n.a(lib_a-impure.o)
 *fill*         0x0001d63e        0x2 
 .rodata._global_impure_ptr
                0x0001d640        0x4 c:/program files (x86)/embitz/1.11/share/em_armgcc/bin/../lib/gcc/arm-none-eabi/5.4.1/../../../../arm-none-eabi/lib/armv6-m\libg_n.a(lib_a-impure.o)
                0x0001d640                _global_impure_ptr
 *(.eh_frame*)

.glue_7         0x0001d644        0x0
 .glue_7        0x0001d644        0x0 linker stubs

.glue_7t        0x0001d644        0x0
 .glue_7t       0x0001d644        0x0 linker stubs

.vfp11_veneer   0x0001d644        0x0
 .vfp11_veneer  0x0001d644        0x0 linker stubs

.v4_bx          0x0001d644        0x0
 .v4_bx         0x0001d644        0x0 linker stubs

.iplt           0x0001d644        0x0
 .iplt          0x0001d644        0x0 c:/program files (x86)/embitz/1.11/share/em_armgcc/bin/../lib/gcc/arm-none-eabi/5.4.1/armv6-m/crtbegin.o

.ARM.extab
 *(.ARM.extab* .gnu.linkonce.armextab.*)
                0x0001d644                __exidx_start = .

.ARM.exidx      0x0001d644        0x8
 *(.ARM.exidx* .gnu.linkonce.armexidx.*)
 .ARM.exidx     0x0001d644        0x8 c:/program files (x86)/embitz/1.11/share/em_armgcc/bin/../lib/gcc/arm-none-eabi/5.4.1/../../../../arm-none-eabi/lib/armv6-m/crt0.o
 .ARM.exidx     0x0001d64c        0x0 obj\debug\startup_nrf51.o
                                  0x8 (size before relaxing)
                0x0001d64c                __exidx_end = .
                0x0001d64c                __etext = .

.rel.dyn        0x0001d64c        0x0
 .rel.iplt      0x0001d64c        0x0 c:/program files (x86)/embitz/1.11/share/em_armgcc/bin/../lib/gcc/arm-none-eabi/5.4.1/armv6-m/crtbegin.o

.data           0x20002200       0x60 load address 0x0001d64c
                0x20002200                __data_start__ = .
 *(vtable)
 *(.data*)
 .data.impure_data
                0x20002200       0x60 c:/program files (x86)/embitz/1.11/share/em_armgcc/bin/../lib/gcc/arm-none-eabi/5.4.1/../../../../arm-none-eabi/lib/armv6-m\libg_n.a(lib_a-impure.o)
                0x20002260                . = ALIGN (0x4)
                0x20002260                PROVIDE (__preinit_array_start, .)
 *(.preinit_array)
                0x20002260                PROVIDE (__preinit_array_end, .)
                0x20002260                . = ALIGN (0x4)
                0x20002260                PROVIDE (__init_array_start, .)
 *(SORT(.init_array.*))
 *(.init_array)
                0x20002260                PROVIDE (__init_array_end, .)
                0x20002260                . = ALIGN (0x4)
                [!provide]                PROVIDE (__fini_array_start, .)
 *(SORT(.fini_array.*))
 *(.fini_array)
                [!provide]                PROVIDE (__fini_array_end, .)
 *(.jcr)
                0x20002260                . = ALIGN (0x4)
                0x20002260                __data_end__ = .

.igot.plt       0x20002260        0x0 load address 0x0001d6ac
 .igot.plt      0x20002260        0x0 c:/program files (x86)/embitz/1.11/share/em_armgcc/bin/../lib/gcc/arm-none-eabi/5.4.1/armv6-m/crtbegin.o

.bss            0x20002260        0x4 load address 0x0001d6ac
                0x20002260                . = ALIGN (0x4)
                0x20002260                __bss_start__ = .
 *(.bss*)
 *(COMMON)
 COMMON         0x20002260        0x4 obj\debug\src\functions.o
                0x20002260                changeLEDsSTATE
                0x20002264                . = ALIGN (0x4)
                0x20002264                __bss_end__ = .

.heap           0x20002268      0x800
                0x20002268                __end__ = .
                0x20002268                end = __end__
 *(.heap*)
 .heap          0x20002268      0x800 obj\debug\startup_nrf51.o
                0x20002268                __HeapBase
                0x20002a68                __HeapLimit = .

.stack_dummy    0x20002268      0x800
 *(.stack*)
 .stack         0x20002268      0x800 obj\debug\startup_nrf51.o
                0x20007800                __StackTop = (ORIGIN (RAM) + LENGTH (RAM))
                0x20007000                __StackLimit = (__StackTop - SIZEOF (.stack_dummy))
                0x20007800                PROVIDE (__stack, __StackTop)
                0x00000001                ASSERT ((__StackLimit >= __HeapLimit), region RAM overflowed with stack)
LOAD obj\debug\src\functions.o
LOAD obj\debug\src\interrupts.o
LOAD obj\debug\src\main.o
LOAD obj\debug\src\system_nrf51.o
LOAD obj\debug\startup_nrf51.o
LOAD obj\debug\s130.o
START GROUP
LOAD c:/program files (x86)/embitz/1.11/share/em_armgcc/bin/../lib/gcc/arm-none-eabi/5.4.1/armv6-m\libgcc.a
LOAD c:/program files (x86)/embitz/1.11/share/em_armgcc/bin/../lib/gcc/arm-none-eabi/5.4.1/../../../../arm-none-eabi/lib/armv6-m\libg_n.a
LOAD c:/program files (x86)/embitz/1.11/share/em_armgcc/bin/../lib/gcc/arm-none-eabi/5.4.1/../../../../arm-none-eabi/lib/armv6-m\libc_n.a
END GROUP
START GROUP
LOAD c:/program files (x86)/embitz/1.11/share/em_armgcc/bin/../lib/gcc/arm-none-eabi/5.4.1/armv6-m\libgcc.a
LOAD c:/program files (x86)/embitz/1.11/share/em_armgcc/bin/../lib/gcc/arm-none-eabi/5.4.1/../../../../arm-none-eabi/lib/armv6-m\libc_n.a
LOAD c:/program files (x86)/embitz/1.11/share/em_armgcc/bin/../lib/gcc/arm-none-eabi/5.4.1/../../../../arm-none-eabi/lib/armv6-m\libnosys_s.a
END GROUP
LOAD c:/program files (x86)/embitz/1.11/share/em_armgcc/bin/../lib/gcc/arm-none-eabi/5.4.1/armv6-m/crtend.o
LOAD c:/program files (x86)/embitz/1.11/share/em_armgcc/bin/../lib/gcc/arm-none-eabi/5.4.1/armv6-m/crtn.o
OUTPUT(bin\Debug\GPIOTE.elf elf32-littlearm)

.ARM.attributes
                0x00000000       0x27
 .ARM.attributes
                0x00000000       0x1e c:/program files (x86)/embitz/1.11/share/em_armgcc/bin/../lib/gcc/arm-none-eabi/5.4.1/armv6-m/crti.o
 .ARM.attributes
                0x0000001e       0x1b c:/program files (x86)/embitz/1.11/share/em_armgcc/bin/../lib/gcc/arm-none-eabi/5.4.1/../../../../arm-none-eabi/lib/armv6-m/crt0.o
 .ARM.attributes
                0x00000039       0x31 obj\debug\src\functions.o
 .ARM.attributes
                0x0000006a       0x31 obj\debug\src\interrupts.o
 .ARM.attributes
                0x0000009b       0x31 obj\debug\src\main.o
 .ARM.attributes
                0x000000cc       0x31 obj\debug\src\system_nrf51.o
 .ARM.attributes
                0x000000fd       0x1b obj\debug\startup_nrf51.o
 .ARM.attributes
                0x00000118       0x31 obj\debug\s130.o
 .ARM.attributes
                0x00000149       0x2c c:/program files (x86)/embitz/1.11/share/em_armgcc/bin/../lib/gcc/arm-none-eabi/5.4.1/../../../../arm-none-eabi/lib/armv6-m\libg_n.a(lib_a-exit.o)
 .ARM.attributes
                0x00000175       0x2c c:/program files (x86)/embitz/1.11/share/em_armgcc/bin/../lib/gcc/arm-none-eabi/5.4.1/../../../../arm-none-eabi/lib/armv6-m\libg_n.a(lib_a-impure.o)
 .ARM.attributes
                0x000001a1       0x2c c:/program files (x86)/embitz/1.11/share/em_armgcc/bin/../lib/gcc/arm-none-eabi/5.4.1/../../../../arm-none-eabi/lib/armv6-m\libg_n.a(lib_a-init.o)
 .ARM.attributes
                0x000001cd       0x2c c:/program files (x86)/embitz/1.11/share/em_armgcc/bin/../lib/gcc/arm-none-eabi/5.4.1/../../../../arm-none-eabi/lib/armv6-m\libg_n.a(lib_a-memset.o)
 .ARM.attributes
                0x000001f9       0x2c c:/program files (x86)/embitz/1.11/share/em_armgcc/bin/../lib/gcc/arm-none-eabi/5.4.1/../../../../arm-none-eabi/lib/armv6-m\libnosys_s.a(_exit.o)
 .ARM.attributes
                0x00000225       0x1e c:/program files (x86)/embitz/1.11/share/em_armgcc/bin/../lib/gcc/arm-none-eabi/5.4.1/armv6-m/crtn.o

.comment        0x00000000       0x6e
 .comment       0x00000000       0x6e obj\debug\src\functions.o
                                 0x6f (size before relaxing)
 .comment       0x0000006e       0x6f obj\debug\src\interrupts.o
 .comment       0x0000006e       0x6f obj\debug\src\main.o
 .comment       0x0000006e       0x6f obj\debug\src\system_nrf51.o
 .comment       0x0000006e       0x6f obj\debug\s130.o

.debug_info     0x00000000     0x2bb9
 .debug_info    0x00000000      0x52b obj\debug\src\functions.o
 .debug_info    0x0000052b      0x303 obj\debug\src\interrupts.o
 .debug_info    0x0000082e     0x20e1 obj\debug\src\main.o
 .debug_info    0x0000290f      0x1ec obj\debug\src\system_nrf51.o
 .debug_info    0x00002afb       0x60 obj\debug\startup_nrf51.o
 .debug_info    0x00002b5b       0x5e obj\debug\s130.o

.debug_abbrev   0x00000000      0x5b4
 .debug_abbrev  0x00000000      0x146 obj\debug\src\functions.o
 .debug_abbrev  0x00000146       0xd3 obj\debug\src\interrupts.o
 .debug_abbrev  0x00000219      0x24b obj\debug\src\main.o
 .debug_abbrev  0x00000464       0xf4 obj\debug\src\system_nrf51.o
 .debug_abbrev  0x00000558       0x14 obj\debug\startup_nrf51.o
 .debug_abbrev  0x0000056c       0x48 obj\debug\s130.o

.debug_aranges  0x00000000      0x2c0
 .debug_aranges
                0x00000000       0x30 obj\debug\src\functions.o
 .debug_aranges
                0x00000030       0x20 obj\debug\src\interrupts.o
 .debug_aranges
                0x00000050      0x200 obj\debug\src\main.o
 .debug_aranges
                0x00000250       0x38 obj\debug\src\system_nrf51.o
 .debug_aranges
                0x00000288       0x20 obj\debug\startup_nrf51.o
 .debug_aranges
                0x000002a8       0x18 obj\debug\s130.o

.debug_ranges   0x00000000      0x248
 .debug_ranges  0x00000000       0x20 obj\debug\src\functions.o
 .debug_ranges  0x00000020       0x10 obj\debug\src\interrupts.o
 .debug_ranges  0x00000030      0x1f0 obj\debug\src\main.o
 .debug_ranges  0x00000220       0x28 obj\debug\src\system_nrf51.o

.debug_macro    0x00000000     0x9dcc
 .debug_macro   0x00000000       0xe6 obj\debug\src\functions.o
 .debug_macro   0x000000e6      0x82c obj\debug\src\functions.o
 .debug_macro   0x00000912       0x22 obj\debug\src\functions.o
 .debug_macro   0x00000934       0x3a obj\debug\src\functions.o
 .debug_macro   0x0000096e       0x22 obj\debug\src\functions.o
 .debug_macro   0x00000990       0x87 obj\debug\src\functions.o
 .debug_macro   0x00000a17       0x44 obj\debug\src\functions.o
 .debug_macro   0x00000a5b       0xfd obj\debug\src\functions.o
 .debug_macro   0x00000b58       0x5e obj\debug\src\functions.o
 .debug_macro   0x00000bb6      0x1df obj\debug\src\functions.o
 .debug_macro   0x00000d95      0x241 obj\debug\src\functions.o
 .debug_macro   0x00000fd6      0x1d2 obj\debug\src\functions.o
 .debug_macro   0x000011a8     0x74a3 obj\debug\src\functions.o
 .debug_macro   0x0000864b      0x976 obj\debug\src\functions.o
 .debug_macro   0x00008fc1       0x10 obj\debug\src\functions.o
 .debug_macro   0x00008fd1       0x34 obj\debug\src\functions.o
 .debug_macro   0x00009005       0x10 obj\debug\src\functions.o
 .debug_macro   0x00009015       0xe6 obj\debug\src\interrupts.o
 .debug_macro   0x000090fb      0x173 obj\debug\src\main.o
 .debug_macro   0x0000926e       0xd6 obj\debug\src\main.o
 .debug_macro   0x00009344      0x1f7 obj\debug\src\main.o
 .debug_macro   0x0000953b       0x10 obj\debug\src\main.o
 .debug_macro   0x0000954b      0x375 obj\debug\src\main.o
 .debug_macro   0x000098c0       0x8e obj\debug\src\main.o
 .debug_macro   0x0000994e       0x3a obj\debug\src\main.o
 .debug_macro   0x00009988       0x22 obj\debug\src\main.o
 .debug_macro   0x000099aa      0x1f0 obj\debug\src\main.o
 .debug_macro   0x00009b9a       0x16 obj\debug\src\main.o
 .debug_macro   0x00009bb0       0xd9 obj\debug\src\main.o
 .debug_macro   0x00009c89       0x1c obj\debug\src\main.o
 .debug_macro   0x00009ca5       0xdf obj\debug\src\system_nrf51.o
 .debug_macro   0x00009d84       0x22 obj\debug\src\system_nrf51.o
 .debug_macro   0x00009da6       0x26 obj\debug\s130.o

.debug_line     0x00000000     0x127d
 .debug_line    0x00000000      0x368 obj\debug\src\functions.o
 .debug_line    0x00000368      0x331 obj\debug\src\interrupts.o
 .debug_line    0x00000699      0x801 obj\debug\src\main.o
 .debug_line    0x00000e9a      0x34e obj\debug\src\system_nrf51.o
 .debug_line    0x000011e8       0x6e obj\debug\startup_nrf51.o
 .debug_line    0x00001256       0x27 obj\debug\s130.o

.debug_str      0x00000000    0x34615
 .debug_str     0x00000000    0x2ef3f obj\debug\src\functions.o
                              0x2f0b1 (size before relaxing)
 .debug_str     0x0002ef3f       0x23 obj\debug\src\interrupts.o
                              0x2eeee (size before relaxing)
 .debug_str     0x0002ef62     0x5504 obj\debug\src\main.o
                              0x34440 (size before relaxing)
 .debug_str     0x00034466      0x13a obj\debug\src\system_nrf51.o
                              0x2ef1b (size before relaxing)
 .debug_str     0x000345a0       0x75 obj\debug\s130.o
                               0x23d2 (size before relaxing)

.debug_frame    0x00000000      0x59c
 .debug_frame   0x00000000       0x70 obj\debug\src\functions.o
 .debug_frame   0x00000070       0x2c obj\debug\src\interrupts.o
 .debug_frame   0x0000009c      0x3ec obj\debug\src\main.o
 .debug_frame   0x00000488       0x80 obj\debug\src\system_nrf51.o
 .debug_frame   0x00000508       0x28 c:/program files (x86)/embitz/1.11/share/em_armgcc/bin/../lib/gcc/arm-none-eabi/5.4.1/../../../../arm-none-eabi/lib/armv6-m\libg_n.a(lib_a-exit.o)
 .debug_frame   0x00000530       0x2c c:/program files (x86)/embitz/1.11/share/em_armgcc/bin/../lib/gcc/arm-none-eabi/5.4.1/../../../../arm-none-eabi/lib/armv6-m\libg_n.a(lib_a-init.o)
 .debug_frame   0x0000055c       0x20 c:/program files (x86)/embitz/1.11/share/em_armgcc/bin/../lib/gcc/arm-none-eabi/5.4.1/../../../../arm-none-eabi/lib/armv6-m\libg_n.a(lib_a-memset.o)
 .debug_frame   0x0000057c       0x20 c:/program files (x86)/embitz/1.11/share/em_armgcc/bin/../lib/gcc/arm-none-eabi/5.4.1/../../../../arm-none-eabi/lib/armv6-m\libnosys_s.a(_exit.o)
