******************************************************************************
                  TI ARM Linker PC v16.6.0                     
******************************************************************************
>> Linked Sat Dec 31 19:19:26 2016

OUTPUT FILE NAME:   <RGB_PWM.out>
ENTRY POINT SYMBOL: "_c_int00"  address: 000008c5


MEMORY CONFIGURATION

         name            origin    length      used     unused   attr    fill
----------------------  --------  ---------  --------  --------  ----  --------
  MAIN                  00000000   00040000  00000a6e  0003f592  R  X
  INFO                  00200000   00004000  00000000  00004000  R  X
  SRAM_CODE             01000000   00010000  00000220  0000fde0  RW X
  SRAM_DATA             20000000   00010000  00000220  0000fde0  RW  


SEGMENT ALLOCATION MAP

run origin  load origin   length   init length attrs members
----------  ----------- ---------- ----------- ----- -------
00000000    00000000    00000a70   00000a70    r-x
  00000000    00000000    000000e4   000000e4    r-- .intvecs
  000000e4    000000e4    00000962   00000962    r-x .text
  00000a48    00000a48    00000028   00000028    r-- .cinit
20000000    20000000    00000020   00000000    rw-
  20000000    20000000    00000020   00000000    rw- .data
2000fe00    2000fe00    00000200   00000000    rw-
  2000fe00    2000fe00    00000200   00000000    rw- .stack


SECTION ALLOCATION MAP

 output                                  attributes/
section   page    origin      length       input sections
--------  ----  ----------  ----------   ----------------
.intvecs   0    00000000    000000e4     
                  00000000    000000e4     startup_msp432p401r_ccs.obj (.intvecs:retain)

.binit     0    00000000    00000000     

.text      0    000000e4    00000962     
                  000000e4    0000032c     system_msp432p401r.obj (.text)
                  00000410    000002e8     functions.obj (.text)
                  000006f8    0000009c     rtsv7M4_T_le_v4SPD16_eabi.lib : memcpy_t2.obj (.text)
                  00000794    00000070                                   : autoinit.obj (.text)
                  00000804    00000066                                   : copy_decompress_lzss.obj (.text:decompress:lzss)
                  0000086a    00000002                                   : mpu_init.obj (.text)
                  0000086c    00000058     interrupts.obj (.text)
                  000008c4    00000054     rtsv7M4_T_le_v4SPD16_eabi.lib : boot.obj (.text)
                  00000918    00000054                                   : exit.obj (.text)
                  0000096c    0000004c                                   : cpy_tbl.obj (.text)
                  000009b8    00000040     main.obj (.text)
                  000009f8    00000018     rtsv7M4_T_le_v4SPD16_eabi.lib : args_main.obj (.text)
                  00000a10    00000014                                   : _lock.obj (.text)
                  00000a24    0000000e                                   : copy_decompress_none.obj (.text:decompress:none)
                  00000a32    0000000e     startup_msp432p401r_ccs.obj (.text)
                  00000a40    00000004     rtsv7M4_T_le_v4SPD16_eabi.lib : pre_init.obj (.text)
                  00000a44    00000002                                   : startup.obj (.text)

.cinit     0    00000a48    00000028     
                  00000a48    00000016     (.cinit..data.load) [load image, compression = lzss]
                  00000a5e    00000002     --HOLE-- [fill = 0]
                  00000a60    00000008     (__TI_handler_table)
                  00000a68    00000008     (__TI_cinit_table)

.init_array 
*          0    00000000    00000000     UNINITIALIZED

.data      0    20000000    00000020     UNINITIALIZED
                  20000000    0000000c     rtsv7M4_T_le_v4SPD16_eabi.lib : exit.obj (.data:$O1$$)
                  2000000c    00000008                                   : _lock.obj (.data:$O1$$)
                  20000014    00000004                                   : stkdepth_vars.obj (.data)
                  20000018    00000004     system_msp432p401r.obj (.data)
                  2000001c    00000003     main.obj (.data:ledsRGB)
                  2000001f    00000001     main.obj (.data)

.stack     0    2000fe00    00000200     UNINITIALIZED
                  2000fe00    00000200     --HOLE--

MODULE SUMMARY

       Module                        code   ro data   rw data
       ------                        ----   -------   -------
    .\
       system_msp432p401r.obj        812    0         8      
       functions.obj                 744    0         0      
       startup_msp432p401r_ccs.obj   14     228       0      
       interrupts.obj                88     0         0      
       main.obj                      64     0         8      
    +--+-----------------------------+------+---------+---------+
       Total:                        1722   228       16     
                                                             
    C:\ti\ccsv6\tools\compiler\ti-cgt-arm_16.6.0.STS\lib\rtsv7M4_T_le_v4SPD16_eabi.lib
       memcpy_t2.obj                 156    0         0      
       autoinit.obj                  112    0         0      
       exit.obj                      84     0         24     
       copy_decompress_lzss.obj      102    0         0      
       boot.obj                      84     0         0      
       cpy_tbl.obj                   76     0         0      
       _lock.obj                     20     0         16     
       args_main.obj                 24     0         0      
       copy_decompress_none.obj      14     0         0      
       stkdepth_vars.obj             0      0         8      
       pre_init.obj                  4      0         0      
       mpu_init.obj                  2      0         0      
       startup.obj                   2      0         0      
    +--+-----------------------------+------+---------+---------+
       Total:                        680    0         48     
                                                             
       Stack:                        0      0         1024   
       Linker Generated:             0      38        0      
    +--+-----------------------------+------+---------+---------+
       Grand Total:                  2402   266       1088   


LINKER GENERATED COPY TABLES

__TI_cinit_table @ 00000a68 records: 1, size/record: 8, table size: 8
	.data: load addr=00000a48, load size=00000016 bytes, run addr=20000000, run size=00000020 bytes, compression=lzss


LINKER GENERATED HANDLER TABLE

__TI_handler_table @ 00000a60 records: 2, size/record: 4, table size: 8
	index: 0, handler: __TI_decompress_lzss
	index: 1, handler: __TI_decompress_none


GLOBAL SYMBOLS: SORTED ALPHABETICALLY BY Name 

address   name                           
-------   ----                           
00000a3f  ADC14_IRQHandler               
00000a3f  AES256_IRQHandler              
00000a3f  BusFault_Handler               
00000919  C$$EXIT                        
00000a3f  COMP_E0_IRQHandler             
00000a3f  COMP_E1_IRQHandler             
00000a3f  CS_IRQHandler                  
00000a3f  DMA_ERR_IRQHandler             
00000a3f  DMA_INT0_IRQHandler            
00000a3f  DMA_INT1_IRQHandler            
00000a3f  DMA_INT2_IRQHandler            
00000a3f  DMA_INT3_IRQHandler            
00000a3f  DebugMon_Handler               
00000a3f  Default_Handler                
00000a3f  EUSCIA0_IRQHandler             
00000a3f  EUSCIA1_IRQHandler             
0000086d  EUSCIA2_IRQHandler             
0000086d  EUSCIA2_IRQHandler             
00000a3f  EUSCIA3_IRQHandler             
00000a3f  EUSCIB0_IRQHandler             
00000a3f  EUSCIB1_IRQHandler             
00000a3f  EUSCIB2_IRQHandler             
00000a3f  EUSCIB3_IRQHandler             
00000a3f  FLCTL_IRQHandler               
00000a3f  FPU_IRQHandler                 
00000a3f  HardFault_Handler              
00000a3f  MemManage_Handler              
00000a3f  NMI_Handler                    
00000a3f  PCM_IRQHandler                 
00000a3f  PORT1_IRQHandler               
00000a3f  PORT2_IRQHandler               
00000a3f  PORT3_IRQHandler               
00000a3f  PORT4_IRQHandler               
00000a3f  PORT5_IRQHandler               
00000a3f  PORT6_IRQHandler               
00000a3f  PSS_IRQHandler                 
00000a3f  PendSV_Handler                 
2000001f  RGBcounter                     
00000a3f  RTC_C_IRQHandler               
00000a33  Reset_Handler                  
UNDEFED   SHT$$INIT_ARRAY$$Base          
UNDEFED   SHT$$INIT_ARRAY$$Limit         
00000a3f  SVC_Handler                    
00000a3f  SysTick_Handler                
20000018  SystemCoreClock                
000000e5  SystemCoreClockUpdate          
00000359  SystemInit                     
00000a3f  T32_INT1_IRQHandler            
00000a3f  T32_INT2_IRQHandler            
00000a3f  T32_INTC_IRQHandler            
00000a3f  TA0_0_IRQHandler               
00000a3f  TA0_N_IRQHandler               
00000a3f  TA1_0_IRQHandler               
00000a3f  TA1_N_IRQHandler               
00000a3f  TA2_0_IRQHandler               
00000a3f  TA2_N_IRQHandler               
00000a3f  TA3_0_IRQHandler               
00000a3f  TA3_N_IRQHandler               
00000a3f  UsageFault_Handler             
4000480c  WDTCTL_SYM                     
00000a3f  WDT_A_IRQHandler               
20010000  __STACK_END                    
00000200  __STACK_SIZE                   
00000a68  __TI_CINIT_Base                
00000a70  __TI_CINIT_Limit               
00000a60  __TI_Handler_Table_Base        
00000a68  __TI_Handler_Table_Limit       
00000795  __TI_auto_init                 
20000000  __TI_cleanup_ptr               
00000805  __TI_decompress_lzss           
00000a25  __TI_decompress_none           
20000004  __TI_dtors_ptr                 
20000008  __TI_enable_exit_profile_output
ffffffff  __TI_pprof_out_hndl            
ffffffff  __TI_prof_data_size            
ffffffff  __TI_prof_data_start           
00000000  __TI_static_base__             
000006f9  __aeabi_memcpy                 
000006f9  __aeabi_memcpy4                
000006f9  __aeabi_memcpy8                
ffffffff  __binit__                      
ffffffff  __c_args__                     
0000086b  __mpu_init                     
2000fe00  __stack                        
000009f9  _args_main                     
000008c5  _c_int00                       
2000000c  _lock                          
00000a1f  _nop                           
00000a17  _register_lock                 
00000a11  _register_unlock               
00000a45  _system_post_cinit             
00000a41  _system_pre_init               
20000010  _unlock                        
0000091d  abort                          
ffffffff  binit                          
00000473  conf_CLK                       
00000497  conf_IO                        
0000056d  conf_TA                        
000005a3  conf_UCA2                      
0000048d  conf_WDT                       
0000096d  copy_in                        
00000925  exit                           
00000000  interruptVectors               
2000001c  ledsRGB                        
000009c1  main                           
20000014  main_func_sp                   
000005f1  mapRGB                         
000006f9  memcpy                         


GLOBAL SYMBOLS: SORTED BY Symbol Address 

address   name                           
-------   ----                           
00000000  __TI_static_base__             
00000000  interruptVectors               
000000e5  SystemCoreClockUpdate          
00000200  __STACK_SIZE                   
00000359  SystemInit                     
00000473  conf_CLK                       
0000048d  conf_WDT                       
00000497  conf_IO                        
0000056d  conf_TA                        
000005a3  conf_UCA2                      
000005f1  mapRGB                         
000006f9  __aeabi_memcpy                 
000006f9  __aeabi_memcpy4                
000006f9  __aeabi_memcpy8                
000006f9  memcpy                         
00000795  __TI_auto_init                 
00000805  __TI_decompress_lzss           
0000086b  __mpu_init                     
0000086d  EUSCIA2_IRQHandler             
0000086d  EUSCIA2_IRQHandler             
000008c5  _c_int00                       
00000919  C$$EXIT                        
0000091d  abort                          
00000925  exit                           
0000096d  copy_in                        
000009c1  main                           
000009f9  _args_main                     
00000a11  _register_unlock               
00000a17  _register_lock                 
00000a1f  _nop                           
00000a25  __TI_decompress_none           
00000a33  Reset_Handler                  
00000a3f  ADC14_IRQHandler               
00000a3f  AES256_IRQHandler              
00000a3f  BusFault_Handler               
00000a3f  COMP_E0_IRQHandler             
00000a3f  COMP_E1_IRQHandler             
00000a3f  CS_IRQHandler                  
00000a3f  DMA_ERR_IRQHandler             
00000a3f  DMA_INT0_IRQHandler            
00000a3f  DMA_INT1_IRQHandler            
00000a3f  DMA_INT2_IRQHandler            
00000a3f  DMA_INT3_IRQHandler            
00000a3f  DebugMon_Handler               
00000a3f  Default_Handler                
00000a3f  EUSCIA0_IRQHandler             
00000a3f  EUSCIA1_IRQHandler             
00000a3f  EUSCIA3_IRQHandler             
00000a3f  EUSCIB0_IRQHandler             
00000a3f  EUSCIB1_IRQHandler             
00000a3f  EUSCIB2_IRQHandler             
00000a3f  EUSCIB3_IRQHandler             
00000a3f  FLCTL_IRQHandler               
00000a3f  FPU_IRQHandler                 
00000a3f  HardFault_Handler              
00000a3f  MemManage_Handler              
00000a3f  NMI_Handler                    
00000a3f  PCM_IRQHandler                 
00000a3f  PORT1_IRQHandler               
00000a3f  PORT2_IRQHandler               
00000a3f  PORT3_IRQHandler               
00000a3f  PORT4_IRQHandler               
00000a3f  PORT5_IRQHandler               
00000a3f  PORT6_IRQHandler               
00000a3f  PSS_IRQHandler                 
00000a3f  PendSV_Handler                 
00000a3f  RTC_C_IRQHandler               
00000a3f  SVC_Handler                    
00000a3f  SysTick_Handler                
00000a3f  T32_INT1_IRQHandler            
00000a3f  T32_INT2_IRQHandler            
00000a3f  T32_INTC_IRQHandler            
00000a3f  TA0_0_IRQHandler               
00000a3f  TA0_N_IRQHandler               
00000a3f  TA1_0_IRQHandler               
00000a3f  TA1_N_IRQHandler               
00000a3f  TA2_0_IRQHandler               
00000a3f  TA2_N_IRQHandler               
00000a3f  TA3_0_IRQHandler               
00000a3f  TA3_N_IRQHandler               
00000a3f  UsageFault_Handler             
00000a3f  WDT_A_IRQHandler               
00000a41  _system_pre_init               
00000a45  _system_post_cinit             
00000a60  __TI_Handler_Table_Base        
00000a68  __TI_CINIT_Base                
00000a68  __TI_Handler_Table_Limit       
00000a70  __TI_CINIT_Limit               
20000000  __TI_cleanup_ptr               
20000004  __TI_dtors_ptr                 
20000008  __TI_enable_exit_profile_output
2000000c  _lock                          
20000010  _unlock                        
20000014  main_func_sp                   
20000018  SystemCoreClock                
2000001c  ledsRGB                        
2000001f  RGBcounter                     
2000fe00  __stack                        
20010000  __STACK_END                    
4000480c  WDTCTL_SYM                     
ffffffff  __TI_pprof_out_hndl            
ffffffff  __TI_prof_data_size            
ffffffff  __TI_prof_data_start           
ffffffff  __binit__                      
ffffffff  __c_args__                     
ffffffff  binit                          
UNDEFED   SHT$$INIT_ARRAY$$Base          
UNDEFED   SHT$$INIT_ARRAY$$Limit         

[108 symbols]
