******************************************************************************
                  TI ARM Linker PC v16.6.0                     
******************************************************************************
>> Linked Tue Oct 25 20:20:22 2016

OUTPUT FILE NAME:   <RGB_PWM.out>
ENTRY POINT SYMBOL: "_c_int00"  address: 00000945


MEMORY CONFIGURATION

         name            origin    length      used     unused   attr    fill
----------------------  --------  ---------  --------  --------  ----  --------
  MAIN                  00000000   00040000  00000ade  0003f522  R  X
  INFO                  00200000   00004000  00000000  00004000  R  X
  SRAM_CODE             01000000   00010000  0000021d  0000fde3  RW X
  SRAM_DATA             20000000   00010000  0000021d  0000fde3  RW  


SEGMENT ALLOCATION MAP

run origin  load origin   length   init length attrs members
----------  ----------- ---------- ----------- ----- -------
00000000    00000000    00000ae0   00000ae0    r-x
  00000000    00000000    000000e4   000000e4    r-- .intvecs
  000000e4    000000e4    000009d2   000009d2    r-x .text
  00000ab8    00000ab8    00000028   00000028    r-- .cinit
20000000    20000000    0000001d   00000000    rw-
  20000000    20000000    0000001d   00000000    rw- .data
2000fe00    2000fe00    00000200   00000000    rw-
  2000fe00    2000fe00    00000200   00000000    rw- .stack


SECTION ALLOCATION MAP

 output                                  attributes/
section   page    origin      length       input sections
--------  ----  ----------  ----------   ----------------
.intvecs   0    00000000    000000e4     
                  00000000    000000e4     startup_msp432p401r_ccs.obj (.intvecs:retain)

.binit     0    00000000    00000000     

.text      0    000000e4    000009d2     
                  000000e4    0000032c     system_msp432p401r.obj (.text)
                  00000410    00000238     functions.obj (.text)
                  00000648    00000188     interrupts.obj (.text)
                  000007d0    0000009c     rtsv7M4_T_le_v4SPD16_eabi.lib : memcpy_t2.obj (.text)
                  0000086c    00000070                                   : autoinit.obj (.text)
                  000008dc    00000066                                   : copy_decompress_lzss.obj (.text:decompress:lzss)
                  00000942    00000002                                   : mpu_init.obj (.text)
                  00000944    00000054                                   : boot.obj (.text)
                  00000998    00000054                                   : exit.obj (.text)
                  000009ec    0000004c                                   : cpy_tbl.obj (.text)
                  00000a38    00000030     main.obj (.text)
                  00000a68    00000018     rtsv7M4_T_le_v4SPD16_eabi.lib : args_main.obj (.text)
                  00000a80    00000014                                   : _lock.obj (.text)
                  00000a94    0000000e                                   : copy_decompress_none.obj (.text:decompress:none)
                  00000aa2    0000000e     startup_msp432p401r_ccs.obj (.text)
                  00000ab0    00000004     rtsv7M4_T_le_v4SPD16_eabi.lib : pre_init.obj (.text)
                  00000ab4    00000002                                   : startup.obj (.text)

.cinit     0    00000ab8    00000028     
                  00000ab8    00000016     (.cinit..data.load) [load image, compression = lzss]
                  00000ace    00000002     --HOLE-- [fill = 0]
                  00000ad0    00000008     (__TI_handler_table)
                  00000ad8    00000008     (__TI_cinit_table)

.init_array 
*          0    00000000    00000000     UNINITIALIZED

.data      0    20000000    0000001d     UNINITIALIZED
                  20000000    0000000c     rtsv7M4_T_le_v4SPD16_eabi.lib : exit.obj (.data:$O1$$)
                  2000000c    00000008                                   : _lock.obj (.data:$O1$$)
                  20000014    00000004                                   : stkdepth_vars.obj (.data)
                  20000018    00000004     system_msp432p401r.obj (.data)
                  2000001c    00000001     main.obj (.data)

.stack     0    2000fe00    00000200     UNINITIALIZED
                  2000fe00    00000200     --HOLE--

MODULE SUMMARY

       Module                        code   ro data   rw data
       ------                        ----   -------   -------
    .\
       system_msp432p401r.obj        812    0         8      
       functions.obj                 568    0         0      
       interrupts.obj                392    0         0      
       startup_msp432p401r_ccs.obj   14     228       0      
       main.obj                      48     0         2      
    +--+-----------------------------+------+---------+---------+
       Total:                        1834   228       10     
                                                             
    C:\ti\ccsv6\tools\compiler\ti-cgt-arm_16.6.0.STS\lib\rtsv7M4_T_le_v4SPD16_eabi.lib
       memcpy_t2.obj                 156    0         0      
       autoinit.obj                  112    0         0      
       exit.obj                      84     0         24     
       copy_decompress_lzss.obj      102    0         0      
       boot.obj                      84     0         0      
       cpy_tbl.obj                   76     0         0      
       _lock.obj                     20     0         16     
       args_main.obj                 24     0         0      
       copy_decompress_none.obj      14     0         0      
       stkdepth_vars.obj             0      0         8      
       pre_init.obj                  4      0         0      
       mpu_init.obj                  2      0         0      
       startup.obj                   2      0         0      
    +--+-----------------------------+------+---------+---------+
       Total:                        680    0         48     
                                                             
       Stack:                        0      0         1024   
       Linker Generated:             0      38        0      
    +--+-----------------------------+------+---------+---------+
       Grand Total:                  2514   266       1082   


LINKER GENERATED COPY TABLES

__TI_cinit_table @ 00000ad8 records: 1, size/record: 8, table size: 8
	.data: load addr=00000ab8, load size=00000016 bytes, run addr=20000000, run size=0000001d bytes, compression=lzss


LINKER GENERATED HANDLER TABLE

__TI_handler_table @ 00000ad0 records: 2, size/record: 4, table size: 8
	index: 0, handler: __TI_decompress_lzss
	index: 1, handler: __TI_decompress_none


GLOBAL SYMBOLS: SORTED ALPHABETICALLY BY Name 

address   name                           
-------   ----                           
00000aaf  ADC14_IRQHandler               
00000aaf  AES256_IRQHandler              
00000aaf  BusFault_Handler               
00000999  C$$EXIT                        
00000aaf  COMP_E0_IRQHandler             
00000aaf  COMP_E1_IRQHandler             
00000aaf  CS_IRQHandler                  
00000aaf  DMA_ERR_IRQHandler             
00000aaf  DMA_INT0_IRQHandler            
00000aaf  DMA_INT1_IRQHandler            
00000aaf  DMA_INT2_IRQHandler            
00000aaf  DMA_INT3_IRQHandler            
00000aaf  DebugMon_Handler               
00000aaf  Default_Handler                
00000aaf  EUSCIA0_IRQHandler             
00000aaf  EUSCIA1_IRQHandler             
00000aaf  EUSCIA2_IRQHandler             
00000aaf  EUSCIA3_IRQHandler             
00000aaf  EUSCIB0_IRQHandler             
00000aaf  EUSCIB1_IRQHandler             
00000aaf  EUSCIB2_IRQHandler             
00000aaf  EUSCIB3_IRQHandler             
00000aaf  FLCTL_IRQHandler               
00000aaf  FPU_IRQHandler                 
00000aaf  HardFault_Handler              
00000aaf  MemManage_Handler              
00000aaf  NMI_Handler                    
00000aaf  PCM_IRQHandler                 
00000691  PORT1_IRQHandler               
00000691  PORT1_IRQHandler               
00000aaf  PORT2_IRQHandler               
00000aaf  PORT3_IRQHandler               
00000aaf  PORT4_IRQHandler               
00000aaf  PORT5_IRQHandler               
00000aaf  PORT6_IRQHandler               
00000aaf  PSS_IRQHandler                 
00000aaf  PendSV_Handler                 
00000aaf  RTC_C_IRQHandler               
00000aa3  Reset_Handler                  
UNDEFED   SHT$$INIT_ARRAY$$Base          
UNDEFED   SHT$$INIT_ARRAY$$Limit         
00000aaf  SVC_Handler                    
00000aaf  SysTick_Handler                
20000018  SystemCoreClock                
000000e5  SystemCoreClockUpdate          
00000359  SystemInit                     
00000aaf  T32_INT1_IRQHandler            
00000aaf  T32_INT2_IRQHandler            
00000aaf  T32_INTC_IRQHandler            
00000aaf  TA0_0_IRQHandler               
0000074f  TA0_N_IRQHandler               
0000074f  TA0_N_IRQHandler               
00000aaf  TA1_0_IRQHandler               
00000aaf  TA1_N_IRQHandler               
00000aaf  TA2_0_IRQHandler               
00000aaf  TA2_N_IRQHandler               
00000aaf  TA3_0_IRQHandler               
00000aaf  TA3_N_IRQHandler               
00000aaf  UsageFault_Handler             
4000480c  WDTCTL_SYM                     
00000aaf  WDT_A_IRQHandler               
20010000  __STACK_END                    
00000200  __STACK_SIZE                   
00000ad8  __TI_CINIT_Base                
00000ae0  __TI_CINIT_Limit               
00000ad0  __TI_Handler_Table_Base        
00000ad8  __TI_Handler_Table_Limit       
0000086d  __TI_auto_init                 
20000000  __TI_cleanup_ptr               
000008dd  __TI_decompress_lzss           
00000a95  __TI_decompress_none           
20000004  __TI_dtors_ptr                 
20000008  __TI_enable_exit_profile_output
ffffffff  __TI_pprof_out_hndl            
ffffffff  __TI_prof_data_size            
ffffffff  __TI_prof_data_start           
00000000  __TI_static_base__             
000007d1  __aeabi_memcpy                 
000007d1  __aeabi_memcpy4                
000007d1  __aeabi_memcpy8                
ffffffff  __binit__                      
ffffffff  __c_args__                     
00000943  __mpu_init                     
2000fe00  __stack                        
00000a69  _args_main                     
00000945  _c_int00                       
2000000c  _lock                          
00000a8f  _nop                           
00000a87  _register_lock                 
00000a81  _register_unlock               
00000ab5  _system_post_cinit             
00000ab1  _system_pre_init               
20000010  _unlock                        
0000099d  abort                          
ffffffff  binit                          
2000001c  cledRGB                        
00000473  conf_CLK                       
00000497  conf_IO                        
00000591  conf_TA                        
0000048d  conf_WDT                       
000009ed  copy_in                        
000009a5  exit                           
00000000  interruptVectors               
00000a41  main                           
20000014  main_func_sp                   
000007d1  memcpy                         


GLOBAL SYMBOLS: SORTED BY Symbol Address 

address   name                           
-------   ----                           
00000000  __TI_static_base__             
00000000  interruptVectors               
000000e5  SystemCoreClockUpdate          
00000200  __STACK_SIZE                   
00000359  SystemInit                     
00000473  conf_CLK                       
0000048d  conf_WDT                       
00000497  conf_IO                        
00000591  conf_TA                        
00000691  PORT1_IRQHandler               
00000691  PORT1_IRQHandler               
0000074f  TA0_N_IRQHandler               
0000074f  TA0_N_IRQHandler               
000007d1  __aeabi_memcpy                 
000007d1  __aeabi_memcpy4                
000007d1  __aeabi_memcpy8                
000007d1  memcpy                         
0000086d  __TI_auto_init                 
000008dd  __TI_decompress_lzss           
00000943  __mpu_init                     
00000945  _c_int00                       
00000999  C$$EXIT                        
0000099d  abort                          
000009a5  exit                           
000009ed  copy_in                        
00000a41  main                           
00000a69  _args_main                     
00000a81  _register_unlock               
00000a87  _register_lock                 
00000a8f  _nop                           
00000a95  __TI_decompress_none           
00000aa3  Reset_Handler                  
00000aaf  ADC14_IRQHandler               
00000aaf  AES256_IRQHandler              
00000aaf  BusFault_Handler               
00000aaf  COMP_E0_IRQHandler             
00000aaf  COMP_E1_IRQHandler             
00000aaf  CS_IRQHandler                  
00000aaf  DMA_ERR_IRQHandler             
00000aaf  DMA_INT0_IRQHandler            
00000aaf  DMA_INT1_IRQHandler            
00000aaf  DMA_INT2_IRQHandler            
00000aaf  DMA_INT3_IRQHandler            
00000aaf  DebugMon_Handler               
00000aaf  Default_Handler                
00000aaf  EUSCIA0_IRQHandler             
00000aaf  EUSCIA1_IRQHandler             
00000aaf  EUSCIA2_IRQHandler             
00000aaf  EUSCIA3_IRQHandler             
00000aaf  EUSCIB0_IRQHandler             
00000aaf  EUSCIB1_IRQHandler             
00000aaf  EUSCIB2_IRQHandler             
00000aaf  EUSCIB3_IRQHandler             
00000aaf  FLCTL_IRQHandler               
00000aaf  FPU_IRQHandler                 
00000aaf  HardFault_Handler              
00000aaf  MemManage_Handler              
00000aaf  NMI_Handler                    
00000aaf  PCM_IRQHandler                 
00000aaf  PORT2_IRQHandler               
00000aaf  PORT3_IRQHandler               
00000aaf  PORT4_IRQHandler               
00000aaf  PORT5_IRQHandler               
00000aaf  PORT6_IRQHandler               
00000aaf  PSS_IRQHandler                 
00000aaf  PendSV_Handler                 
00000aaf  RTC_C_IRQHandler               
00000aaf  SVC_Handler                    
00000aaf  SysTick_Handler                
00000aaf  T32_INT1_IRQHandler            
00000aaf  T32_INT2_IRQHandler            
00000aaf  T32_INTC_IRQHandler            
00000aaf  TA0_0_IRQHandler               
00000aaf  TA1_0_IRQHandler               
00000aaf  TA1_N_IRQHandler               
00000aaf  TA2_0_IRQHandler               
00000aaf  TA2_N_IRQHandler               
00000aaf  TA3_0_IRQHandler               
00000aaf  TA3_N_IRQHandler               
00000aaf  UsageFault_Handler             
00000aaf  WDT_A_IRQHandler               
00000ab1  _system_pre_init               
00000ab5  _system_post_cinit             
00000ad0  __TI_Handler_Table_Base        
00000ad8  __TI_CINIT_Base                
00000ad8  __TI_Handler_Table_Limit       
00000ae0  __TI_CINIT_Limit               
20000000  __TI_cleanup_ptr               
20000004  __TI_dtors_ptr                 
20000008  __TI_enable_exit_profile_output
2000000c  _lock                          
20000010  _unlock                        
20000014  main_func_sp                   
20000018  SystemCoreClock                
2000001c  cledRGB                        
2000fe00  __stack                        
20010000  __STACK_END                    
4000480c  WDTCTL_SYM                     
ffffffff  __TI_pprof_out_hndl            
ffffffff  __TI_prof_data_size            
ffffffff  __TI_prof_data_start           
ffffffff  __binit__                      
ffffffff  __c_args__                     
ffffffff  binit                          
UNDEFED   SHT$$INIT_ARRAY$$Base          
UNDEFED   SHT$$INIT_ARRAY$$Limit         

[106 symbols]
