Archive member included to satisfy reference by file (symbol)

c:/program files (x86)/embitz/1.11/share/em_armgcc/bin/../lib/gcc/arm-none-eabi/5.4.1/../../../../arm-none-eabi/lib/armv6-m\libg_n.a(lib_a-exit.o)
                              c:/program files (x86)/embitz/1.11/share/em_armgcc/bin/../lib/gcc/arm-none-eabi/5.4.1/../../../../arm-none-eabi/lib/armv6-m/crt0.o (exit)
c:/program files (x86)/embitz/1.11/share/em_armgcc/bin/../lib/gcc/arm-none-eabi/5.4.1/../../../../arm-none-eabi/lib/armv6-m\libg_n.a(lib_a-impure.o)
                              c:/program files (x86)/embitz/1.11/share/em_armgcc/bin/../lib/gcc/arm-none-eabi/5.4.1/../../../../arm-none-eabi/lib/armv6-m\libg_n.a(lib_a-exit.o) (_global_impure_ptr)
c:/program files (x86)/embitz/1.11/share/em_armgcc/bin/../lib/gcc/arm-none-eabi/5.4.1/../../../../arm-none-eabi/lib/armv6-m\libg_n.a(lib_a-init.o)
                              c:/program files (x86)/embitz/1.11/share/em_armgcc/bin/../lib/gcc/arm-none-eabi/5.4.1/../../../../arm-none-eabi/lib/armv6-m/crt0.o (__libc_init_array)
c:/program files (x86)/embitz/1.11/share/em_armgcc/bin/../lib/gcc/arm-none-eabi/5.4.1/../../../../arm-none-eabi/lib/armv6-m\libg_n.a(lib_a-memset.o)
                              c:/program files (x86)/embitz/1.11/share/em_armgcc/bin/../lib/gcc/arm-none-eabi/5.4.1/../../../../arm-none-eabi/lib/armv6-m/crt0.o (memset)
c:/program files (x86)/embitz/1.11/share/em_armgcc/bin/../lib/gcc/arm-none-eabi/5.4.1/../../../../arm-none-eabi/lib/armv6-m\libnosys_s.a(_exit.o)
                              c:/program files (x86)/embitz/1.11/share/em_armgcc/bin/../lib/gcc/arm-none-eabi/5.4.1/../../../../arm-none-eabi/lib/armv6-m\libg_n.a(lib_a-exit.o) (_exit)

Discarded input sections

 .text          0x00000000        0x0 c:/program files (x86)/embitz/1.11/share/em_armgcc/bin/../lib/gcc/arm-none-eabi/5.4.1/armv6-m/crti.o
 .data          0x00000000        0x0 c:/program files (x86)/embitz/1.11/share/em_armgcc/bin/../lib/gcc/arm-none-eabi/5.4.1/armv6-m/crti.o
 .bss           0x00000000        0x0 c:/program files (x86)/embitz/1.11/share/em_armgcc/bin/../lib/gcc/arm-none-eabi/5.4.1/armv6-m/crti.o
 .text          0x00000000       0x60 c:/program files (x86)/embitz/1.11/share/em_armgcc/bin/../lib/gcc/arm-none-eabi/5.4.1/armv6-m/crtbegin.o
 .data          0x00000000        0x4 c:/program files (x86)/embitz/1.11/share/em_armgcc/bin/../lib/gcc/arm-none-eabi/5.4.1/armv6-m/crtbegin.o
 .bss           0x00000000       0x1c c:/program files (x86)/embitz/1.11/share/em_armgcc/bin/../lib/gcc/arm-none-eabi/5.4.1/armv6-m/crtbegin.o
 .init_array    0x00000000        0x4 c:/program files (x86)/embitz/1.11/share/em_armgcc/bin/../lib/gcc/arm-none-eabi/5.4.1/armv6-m/crtbegin.o
 .fini_array    0x00000000        0x4 c:/program files (x86)/embitz/1.11/share/em_armgcc/bin/../lib/gcc/arm-none-eabi/5.4.1/armv6-m/crtbegin.o
 .eh_frame      0x00000000        0x0 c:/program files (x86)/embitz/1.11/share/em_armgcc/bin/../lib/gcc/arm-none-eabi/5.4.1/armv6-m/crtbegin.o
 .jcr           0x00000000        0x0 c:/program files (x86)/embitz/1.11/share/em_armgcc/bin/../lib/gcc/arm-none-eabi/5.4.1/armv6-m/crtbegin.o
 .ARM.attributes
                0x00000000       0x2c c:/program files (x86)/embitz/1.11/share/em_armgcc/bin/../lib/gcc/arm-none-eabi/5.4.1/armv6-m/crtbegin.o
 .data          0x00000000        0x0 c:/program files (x86)/embitz/1.11/share/em_armgcc/bin/../lib/gcc/arm-none-eabi/5.4.1/../../../../arm-none-eabi/lib/armv6-m/crt0.o
 .bss           0x00000000        0x0 c:/program files (x86)/embitz/1.11/share/em_armgcc/bin/../lib/gcc/arm-none-eabi/5.4.1/../../../../arm-none-eabi/lib/armv6-m/crt0.o
 .ARM.extab     0x00000000        0x0 c:/program files (x86)/embitz/1.11/share/em_armgcc/bin/../lib/gcc/arm-none-eabi/5.4.1/../../../../arm-none-eabi/lib/armv6-m/crt0.o
 .group         0x00000000        0x8 obj\debug\src\functions.o
 .group         0x00000000        0x8 obj\debug\src\functions.o
 .group         0x00000000        0x8 obj\debug\src\functions.o
 .group         0x00000000        0x8 obj\debug\src\functions.o
 .group         0x00000000        0x8 obj\debug\src\functions.o
 .group         0x00000000        0x8 obj\debug\src\functions.o
 .group         0x00000000        0x8 obj\debug\src\functions.o
 .group         0x00000000        0x8 obj\debug\src\functions.o
 .group         0x00000000        0x8 obj\debug\src\functions.o
 .group         0x00000000        0x8 obj\debug\src\functions.o
 .group         0x00000000        0x8 obj\debug\src\functions.o
 .group         0x00000000        0x8 obj\debug\src\functions.o
 .group         0x00000000        0x8 obj\debug\src\functions.o
 .group         0x00000000        0x8 obj\debug\src\functions.o
 .group         0x00000000        0x8 obj\debug\src\functions.o
 .text          0x00000000        0x0 obj\debug\src\functions.o
 .data          0x00000000        0x0 obj\debug\src\functions.o
 .bss           0x00000000        0x0 obj\debug\src\functions.o
 .group         0x00000000        0x8 obj\debug\src\interrupts.o
 .group         0x00000000        0x8 obj\debug\src\interrupts.o
 .group         0x00000000        0x8 obj\debug\src\interrupts.o
 .group         0x00000000        0x8 obj\debug\src\interrupts.o
 .group         0x00000000        0x8 obj\debug\src\interrupts.o
 .group         0x00000000        0x8 obj\debug\src\interrupts.o
 .group         0x00000000        0x8 obj\debug\src\interrupts.o
 .group         0x00000000        0x8 obj\debug\src\interrupts.o
 .group         0x00000000        0x8 obj\debug\src\interrupts.o
 .group         0x00000000        0x8 obj\debug\src\interrupts.o
 .group         0x00000000        0x8 obj\debug\src\interrupts.o
 .group         0x00000000        0x8 obj\debug\src\interrupts.o
 .group         0x00000000        0x8 obj\debug\src\interrupts.o
 .group         0x00000000        0x8 obj\debug\src\interrupts.o
 .group         0x00000000        0x8 obj\debug\src\interrupts.o
 .text          0x00000000        0x0 obj\debug\src\interrupts.o
 .data          0x00000000        0x0 obj\debug\src\interrupts.o
 .bss           0x00000000        0x0 obj\debug\src\interrupts.o
 .debug_macro   0x00000000      0x82c obj\debug\src\interrupts.o
 .debug_macro   0x00000000       0x22 obj\debug\src\interrupts.o
 .debug_macro   0x00000000       0x3a obj\debug\src\interrupts.o
 .debug_macro   0x00000000       0x22 obj\debug\src\interrupts.o
 .debug_macro   0x00000000       0x87 obj\debug\src\interrupts.o
 .debug_macro   0x00000000       0x44 obj\debug\src\interrupts.o
 .debug_macro   0x00000000       0xfd obj\debug\src\interrupts.o
 .debug_macro   0x00000000       0x5e obj\debug\src\interrupts.o
 .debug_macro   0x00000000      0x1df obj\debug\src\interrupts.o
 .debug_macro   0x00000000      0x241 obj\debug\src\interrupts.o
 .debug_macro   0x00000000      0x1d2 obj\debug\src\interrupts.o
 .debug_macro   0x00000000     0x74a3 obj\debug\src\interrupts.o
 .debug_macro   0x00000000      0x976 obj\debug\src\interrupts.o
 .debug_macro   0x00000000       0x10 obj\debug\src\interrupts.o
 .debug_macro   0x00000000       0x1c obj\debug\src\interrupts.o
 .group         0x00000000        0x8 obj\debug\src\main.o
 .group         0x00000000        0x8 obj\debug\src\main.o
 .group         0x00000000        0x8 obj\debug\src\main.o
 .group         0x00000000        0x8 obj\debug\src\main.o
 .group         0x00000000        0x8 obj\debug\src\main.o
 .group         0x00000000        0x8 obj\debug\src\main.o
 .group         0x00000000        0x8 obj\debug\src\main.o
 .group         0x00000000        0x8 obj\debug\src\main.o
 .group         0x00000000        0x8 obj\debug\src\main.o
 .group         0x00000000        0x8 obj\debug\src\main.o
 .group         0x00000000        0x8 obj\debug\src\main.o
 .group         0x00000000        0x8 obj\debug\src\main.o
 .group         0x00000000        0x8 obj\debug\src\main.o
 .group         0x00000000        0x8 obj\debug\src\main.o
 .group         0x00000000        0x8 obj\debug\src\main.o
 .group         0x00000000        0x8 obj\debug\src\main.o
 .group         0x00000000        0x8 obj\debug\src\main.o
 .group         0x00000000        0x8 obj\debug\src\main.o
 .group         0x00000000        0x8 obj\debug\src\main.o
 .group         0x00000000        0x8 obj\debug\src\main.o
 .group         0x00000000        0x8 obj\debug\src\main.o
 .group         0x00000000        0x8 obj\debug\src\main.o
 .group         0x00000000        0x8 obj\debug\src\main.o
 .group         0x00000000        0x8 obj\debug\src\main.o
 .group         0x00000000        0x8 obj\debug\src\main.o
 .group         0x00000000        0x8 obj\debug\src\main.o
 .text          0x00000000        0x0 obj\debug\src\main.o
 .data          0x00000000        0x0 obj\debug\src\main.o
 .bss           0x00000000        0x0 obj\debug\src\main.o
 .text.sd_ble_gap_address_set
                0x00000000        0x8 obj\debug\src\main.o
 .text.sd_ble_gap_address_get
                0x00000000        0x8 obj\debug\src\main.o
 .text.sd_ble_gap_adv_data_set
                0x00000000        0x8 obj\debug\src\main.o
 .text.sd_ble_gap_adv_start
                0x00000000        0x8 obj\debug\src\main.o
 .text.sd_ble_gap_adv_stop
                0x00000000        0x8 obj\debug\src\main.o
 .text.sd_ble_gap_conn_param_update
                0x00000000        0x8 obj\debug\src\main.o
 .text.sd_ble_gap_disconnect
                0x00000000        0x8 obj\debug\src\main.o
 .text.sd_ble_gap_tx_power_set
                0x00000000        0x8 obj\debug\src\main.o
 .text.sd_ble_gap_appearance_set
                0x00000000        0x8 obj\debug\src\main.o
 .text.sd_ble_gap_appearance_get
                0x00000000        0x8 obj\debug\src\main.o
 .text.sd_ble_gap_ppcp_set
                0x00000000        0x8 obj\debug\src\main.o
 .text.sd_ble_gap_ppcp_get
                0x00000000        0x8 obj\debug\src\main.o
 .text.sd_ble_gap_device_name_set
                0x00000000        0x8 obj\debug\src\main.o
 .text.sd_ble_gap_device_name_get
                0x00000000        0x8 obj\debug\src\main.o
 .text.sd_ble_gap_authenticate
                0x00000000        0x8 obj\debug\src\main.o
 .text.sd_ble_gap_sec_params_reply
                0x00000000        0x8 obj\debug\src\main.o
 .text.sd_ble_gap_auth_key_reply
                0x00000000        0x8 obj\debug\src\main.o
 .text.sd_ble_gap_encrypt
                0x00000000        0x8 obj\debug\src\main.o
 .text.sd_ble_gap_sec_info_reply
                0x00000000        0x8 obj\debug\src\main.o
 .text.sd_ble_gap_conn_sec_get
                0x00000000        0x8 obj\debug\src\main.o
 .text.sd_ble_gap_rssi_start
                0x00000000        0x8 obj\debug\src\main.o
 .text.sd_ble_gap_rssi_stop
                0x00000000        0x8 obj\debug\src\main.o
 .text.sd_ble_gap_rssi_get
                0x00000000        0x8 obj\debug\src\main.o
 .text.sd_ble_gap_scan_start
                0x00000000        0x8 obj\debug\src\main.o
 .text.sd_ble_gap_scan_stop
                0x00000000        0x8 obj\debug\src\main.o
 .text.sd_ble_gap_connect
                0x00000000        0x8 obj\debug\src\main.o
 .text.sd_ble_gap_connect_cancel
                0x00000000        0x8 obj\debug\src\main.o
 .text.sd_ble_l2cap_cid_register
                0x00000000        0x8 obj\debug\src\main.o
 .text.sd_ble_l2cap_cid_unregister
                0x00000000        0x8 obj\debug\src\main.o
 .text.sd_ble_l2cap_tx
                0x00000000        0x8 obj\debug\src\main.o
 .text.sd_ble_gattc_primary_services_discover
                0x00000000        0x8 obj\debug\src\main.o
 .text.sd_ble_gattc_relationships_discover
                0x00000000        0x8 obj\debug\src\main.o
 .text.sd_ble_gattc_characteristics_discover
                0x00000000        0x8 obj\debug\src\main.o
 .text.sd_ble_gattc_descriptors_discover
                0x00000000        0x8 obj\debug\src\main.o
 .text.sd_ble_gattc_char_value_by_uuid_read
                0x00000000        0x8 obj\debug\src\main.o
 .text.sd_ble_gattc_read
                0x00000000        0x8 obj\debug\src\main.o
 .text.sd_ble_gattc_char_values_read
                0x00000000        0x8 obj\debug\src\main.o
 .text.sd_ble_gattc_write
                0x00000000        0x8 obj\debug\src\main.o
 .text.sd_ble_gattc_hv_confirm
                0x00000000        0x8 obj\debug\src\main.o
 .text.sd_ble_gatts_service_add
                0x00000000        0x8 obj\debug\src\main.o
 .text.sd_ble_gatts_include_add
                0x00000000        0x8 obj\debug\src\main.o
 .text.sd_ble_gatts_characteristic_add
                0x00000000        0x8 obj\debug\src\main.o
 .text.sd_ble_gatts_descriptor_add
                0x00000000        0x8 obj\debug\src\main.o
 .text.sd_ble_gatts_value_set
                0x00000000        0x8 obj\debug\src\main.o
 .text.sd_ble_gatts_value_get
                0x00000000        0x8 obj\debug\src\main.o
 .text.sd_ble_gatts_hvx
                0x00000000        0x8 obj\debug\src\main.o
 .text.sd_ble_gatts_service_changed
                0x00000000        0x8 obj\debug\src\main.o
 .text.sd_ble_gatts_rw_authorize_reply
                0x00000000        0x8 obj\debug\src\main.o
 .text.sd_ble_gatts_sys_attr_set
                0x00000000        0x8 obj\debug\src\main.o
 .text.sd_ble_gatts_sys_attr_get
                0x00000000        0x8 obj\debug\src\main.o
 .text.sd_ble_enable
                0x00000000        0x8 obj\debug\src\main.o
 .text.sd_ble_evt_get
                0x00000000        0x8 obj\debug\src\main.o
 .text.sd_ble_tx_buffer_count_get
                0x00000000        0x8 obj\debug\src\main.o
 .text.sd_ble_uuid_vs_add
                0x00000000        0x8 obj\debug\src\main.o
 .text.sd_ble_uuid_decode
                0x00000000        0x8 obj\debug\src\main.o
 .text.sd_ble_uuid_encode
                0x00000000        0x8 obj\debug\src\main.o
 .text.sd_ble_version_get
                0x00000000        0x8 obj\debug\src\main.o
 .text.sd_ble_user_mem_reply
                0x00000000        0x8 obj\debug\src\main.o
 .text.sd_ble_opt_set
                0x00000000        0x8 obj\debug\src\main.o
 .text.sd_ble_opt_get
                0x00000000        0x8 obj\debug\src\main.o
 .debug_macro   0x00000000      0x82c obj\debug\src\main.o
 .debug_macro   0x00000000       0x22 obj\debug\src\main.o
 .debug_macro   0x00000000       0x3a obj\debug\src\main.o
 .debug_macro   0x00000000       0x22 obj\debug\src\main.o
 .debug_macro   0x00000000       0x87 obj\debug\src\main.o
 .debug_macro   0x00000000       0x44 obj\debug\src\main.o
 .debug_macro   0x00000000       0xfd obj\debug\src\main.o
 .debug_macro   0x00000000       0x5e obj\debug\src\main.o
 .debug_macro   0x00000000      0x1df obj\debug\src\main.o
 .debug_macro   0x00000000      0x241 obj\debug\src\main.o
 .debug_macro   0x00000000      0x1d2 obj\debug\src\main.o
 .debug_macro   0x00000000     0x74a3 obj\debug\src\main.o
 .debug_macro   0x00000000      0x976 obj\debug\src\main.o
 .debug_macro   0x00000000       0x10 obj\debug\src\main.o
 .debug_macro   0x00000000       0x1c obj\debug\src\main.o
 .group         0x00000000        0x8 obj\debug\src\system_nrf51.o
 .group         0x00000000        0x8 obj\debug\src\system_nrf51.o
 .group         0x00000000        0x8 obj\debug\src\system_nrf51.o
 .group         0x00000000        0x8 obj\debug\src\system_nrf51.o
 .group         0x00000000        0x8 obj\debug\src\system_nrf51.o
 .group         0x00000000        0x8 obj\debug\src\system_nrf51.o
 .group         0x00000000        0x8 obj\debug\src\system_nrf51.o
 .group         0x00000000        0x8 obj\debug\src\system_nrf51.o
 .group         0x00000000        0x8 obj\debug\src\system_nrf51.o
 .group         0x00000000        0x8 obj\debug\src\system_nrf51.o
 .group         0x00000000        0x8 obj\debug\src\system_nrf51.o
 .group         0x00000000        0x8 obj\debug\src\system_nrf51.o
 .group         0x00000000        0x8 obj\debug\src\system_nrf51.o
 .group         0x00000000        0x8 obj\debug\src\system_nrf51.o
 .group         0x00000000        0x8 obj\debug\src\system_nrf51.o
 .text          0x00000000        0x0 obj\debug\src\system_nrf51.o
 .data          0x00000000        0x0 obj\debug\src\system_nrf51.o
 .bss           0x00000000        0x0 obj\debug\src\system_nrf51.o
 .data.SystemCoreClock
                0x00000000        0x4 obj\debug\src\system_nrf51.o
 .text.SystemCoreClockUpdate
                0x00000000       0x18 obj\debug\src\system_nrf51.o
 .debug_macro   0x00000000      0x82c obj\debug\src\system_nrf51.o
 .debug_macro   0x00000000       0x22 obj\debug\src\system_nrf51.o
 .debug_macro   0x00000000       0x87 obj\debug\src\system_nrf51.o
 .debug_macro   0x00000000       0x44 obj\debug\src\system_nrf51.o
 .debug_macro   0x00000000       0xfd obj\debug\src\system_nrf51.o
 .debug_macro   0x00000000       0x5e obj\debug\src\system_nrf51.o
 .debug_macro   0x00000000      0x1df obj\debug\src\system_nrf51.o
 .debug_macro   0x00000000       0x22 obj\debug\src\system_nrf51.o
 .debug_macro   0x00000000       0x3a obj\debug\src\system_nrf51.o
 .debug_macro   0x00000000      0x241 obj\debug\src\system_nrf51.o
 .debug_macro   0x00000000      0x1d2 obj\debug\src\system_nrf51.o
 .debug_macro   0x00000000     0x74a3 obj\debug\src\system_nrf51.o
 .debug_macro   0x00000000      0x976 obj\debug\src\system_nrf51.o
 .debug_macro   0x00000000       0x10 obj\debug\src\system_nrf51.o
 .data          0x00000000        0x0 obj\debug\startup_nrf51.o
 .bss           0x00000000        0x0 obj\debug\startup_nrf51.o
 .ARM.extab     0x00000000        0x0 obj\debug\startup_nrf51.o
 .group         0x00000000        0x8 obj\debug\s130.o
 .text          0x00000000        0x0 obj\debug\s130.o
 .data          0x00000000        0x0 obj\debug\s130.o
 .bss           0x00000000        0x0 obj\debug\s130.o
 .debug_macro   0x00000000      0x82c obj\debug\s130.o
 .text          0x00000000        0x0 c:/program files (x86)/embitz/1.11/share/em_armgcc/bin/../lib/gcc/arm-none-eabi/5.4.1/../../../../arm-none-eabi/lib/armv6-m\libg_n.a(lib_a-exit.o)
 .data          0x00000000        0x0 c:/program files (x86)/embitz/1.11/share/em_armgcc/bin/../lib/gcc/arm-none-eabi/5.4.1/../../../../arm-none-eabi/lib/armv6-m\libg_n.a(lib_a-exit.o)
 .bss           0x00000000        0x0 c:/program files (x86)/embitz/1.11/share/em_armgcc/bin/../lib/gcc/arm-none-eabi/5.4.1/../../../../arm-none-eabi/lib/armv6-m\libg_n.a(lib_a-exit.o)
 .text          0x00000000        0x0 c:/program files (x86)/embitz/1.11/share/em_armgcc/bin/../lib/gcc/arm-none-eabi/5.4.1/../../../../arm-none-eabi/lib/armv6-m\libg_n.a(lib_a-impure.o)
 .data          0x00000000        0x0 c:/program files (x86)/embitz/1.11/share/em_armgcc/bin/../lib/gcc/arm-none-eabi/5.4.1/../../../../arm-none-eabi/lib/armv6-m\libg_n.a(lib_a-impure.o)
 .bss           0x00000000        0x0 c:/program files (x86)/embitz/1.11/share/em_armgcc/bin/../lib/gcc/arm-none-eabi/5.4.1/../../../../arm-none-eabi/lib/armv6-m\libg_n.a(lib_a-impure.o)
 .data._impure_ptr
                0x00000000        0x4 c:/program files (x86)/embitz/1.11/share/em_armgcc/bin/../lib/gcc/arm-none-eabi/5.4.1/../../../../arm-none-eabi/lib/armv6-m\libg_n.a(lib_a-impure.o)
 .text          0x00000000        0x0 c:/program files (x86)/embitz/1.11/share/em_armgcc/bin/../lib/gcc/arm-none-eabi/5.4.1/../../../../arm-none-eabi/lib/armv6-m\libg_n.a(lib_a-init.o)
 .data          0x00000000        0x0 c:/program files (x86)/embitz/1.11/share/em_armgcc/bin/../lib/gcc/arm-none-eabi/5.4.1/../../../../arm-none-eabi/lib/armv6-m\libg_n.a(lib_a-init.o)
 .bss           0x00000000        0x0 c:/program files (x86)/embitz/1.11/share/em_armgcc/bin/../lib/gcc/arm-none-eabi/5.4.1/../../../../arm-none-eabi/lib/armv6-m\libg_n.a(lib_a-init.o)
 .text          0x00000000        0x0 c:/program files (x86)/embitz/1.11/share/em_armgcc/bin/../lib/gcc/arm-none-eabi/5.4.1/../../../../arm-none-eabi/lib/armv6-m\libg_n.a(lib_a-memset.o)
 .data          0x00000000        0x0 c:/program files (x86)/embitz/1.11/share/em_armgcc/bin/../lib/gcc/arm-none-eabi/5.4.1/../../../../arm-none-eabi/lib/armv6-m\libg_n.a(lib_a-memset.o)
 .bss           0x00000000        0x0 c:/program files (x86)/embitz/1.11/share/em_armgcc/bin/../lib/gcc/arm-none-eabi/5.4.1/../../../../arm-none-eabi/lib/armv6-m\libg_n.a(lib_a-memset.o)
 .text          0x00000000        0x0 c:/program files (x86)/embitz/1.11/share/em_armgcc/bin/../lib/gcc/arm-none-eabi/5.4.1/../../../../arm-none-eabi/lib/armv6-m\libnosys_s.a(_exit.o)
 .data          0x00000000        0x0 c:/program files (x86)/embitz/1.11/share/em_armgcc/bin/../lib/gcc/arm-none-eabi/5.4.1/../../../../arm-none-eabi/lib/armv6-m\libnosys_s.a(_exit.o)
 .bss           0x00000000        0x0 c:/program files (x86)/embitz/1.11/share/em_armgcc/bin/../lib/gcc/arm-none-eabi/5.4.1/../../../../arm-none-eabi/lib/armv6-m\libnosys_s.a(_exit.o)
 .text          0x00000000        0x0 c:/program files (x86)/embitz/1.11/share/em_armgcc/bin/../lib/gcc/arm-none-eabi/5.4.1/armv6-m/crtend.o
 .data          0x00000000        0x0 c:/program files (x86)/embitz/1.11/share/em_armgcc/bin/../lib/gcc/arm-none-eabi/5.4.1/armv6-m/crtend.o
 .bss           0x00000000        0x0 c:/program files (x86)/embitz/1.11/share/em_armgcc/bin/../lib/gcc/arm-none-eabi/5.4.1/armv6-m/crtend.o
 .eh_frame      0x00000000        0x4 c:/program files (x86)/embitz/1.11/share/em_armgcc/bin/../lib/gcc/arm-none-eabi/5.4.1/armv6-m/crtend.o
 .jcr           0x00000000        0x4 c:/program files (x86)/embitz/1.11/share/em_armgcc/bin/../lib/gcc/arm-none-eabi/5.4.1/armv6-m/crtend.o
 .ARM.attributes
                0x00000000       0x2c c:/program files (x86)/embitz/1.11/share/em_armgcc/bin/../lib/gcc/arm-none-eabi/5.4.1/armv6-m/crtend.o
 .text          0x00000000        0x0 c:/program files (x86)/embitz/1.11/share/em_armgcc/bin/../lib/gcc/arm-none-eabi/5.4.1/armv6-m/crtn.o
 .data          0x00000000        0x0 c:/program files (x86)/embitz/1.11/share/em_armgcc/bin/../lib/gcc/arm-none-eabi/5.4.1/armv6-m/crtn.o
 .bss           0x00000000        0x0 c:/program files (x86)/embitz/1.11/share/em_armgcc/bin/../lib/gcc/arm-none-eabi/5.4.1/armv6-m/crtn.o

Memory Configuration

Name             Origin             Length             Attributes
SOFTD            0x00000000         0x0001d000         xr
FLASH            0x0001d000         0x00023000         xr
RAM              0x20002200         0x00005600         xrw
*default*        0x00000000         0xffffffff

Linker script and memory map

LOAD c:/program files (x86)/embitz/1.11/share/em_armgcc/bin/../lib/gcc/arm-none-eabi/5.4.1/armv6-m/crti.o
LOAD c:/program files (x86)/embitz/1.11/share/em_armgcc/bin/../lib/gcc/arm-none-eabi/5.4.1/armv6-m/crtbegin.o
LOAD c:/program files (x86)/embitz/1.11/share/em_armgcc/bin/../lib/gcc/arm-none-eabi/5.4.1/../../../../arm-none-eabi/lib/armv6-m/crt0.o
                0x00000200                __HEAP_SIZE = 0x200
                0x00000400                __STACK_SIZE = 0x400

.softdevice     0x00000000    0x1d000
 *(.softdevice*)
 .softdevice    0x00000000    0x1d000 obj\debug\s130.o
                0x00000000                Nordic_S130_SD

.text           0x0001d000      0x454
 *(.Vectors)
 .Vectors       0x0001d000       0xc0 obj\debug\startup_nrf51.o
                0x0001d000                __Vectors
 *(.text*)
 .text          0x0001d0c0       0x78 c:/program files (x86)/embitz/1.11/share/em_armgcc/bin/../lib/gcc/arm-none-eabi/5.4.1/../../../../arm-none-eabi/lib/armv6-m/crt0.o
                0x0001d0c0                _start
                0x0001d0c0                _mainCRTStartup
 .text.NVIC_EnableIRQ
                0x0001d138       0x2c obj\debug\src\functions.o
 .text.conf_GPIO
                0x0001d164       0x48 obj\debug\src\functions.o
                0x0001d164                conf_GPIO
 .text.conf_WDT
                0x0001d1ac       0x50 obj\debug\src\functions.o
                0x0001d1ac                conf_WDT
 .text.WDT_IRQHandler
                0x0001d1fc       0x24 obj\debug\src\interrupts.o
                0x0001d1fc                WDT_IRQHandler
 .text.main     0x0001d220       0x28 obj\debug\src\main.o
                0x0001d220                main
 .text.SystemInit
                0x0001d248       0x40 obj\debug\src\system_nrf51.o
                0x0001d248                SystemInit
 .text.is_manual_peripheral_setup_needed
                0x0001d288       0x80 obj\debug\src\system_nrf51.o
 .text.is_disabled_in_debug_needed
                0x0001d308       0x4c obj\debug\src\system_nrf51.o
 .text          0x0001d354       0x54 obj\debug\startup_nrf51.o
                0x0001d354                Reset_Handler
                0x0001d39c                NMI_Handler
                0x0001d39e                HardFault_Handler
                0x0001d3a0                SVC_Handler
                0x0001d3a2                PendSV_Handler
                0x0001d3a4                SysTick_Handler
                0x0001d3a6                GPIOTE_IRQHandler
                0x0001d3a6                RTC0_IRQHandler
                0x0001d3a6                POWER_CLOCK_IRQHandler
                0x0001d3a6                SPI0_TWI0_IRQHandler
                0x0001d3a6                LPCOMP_IRQHandler
                0x0001d3a6                SWI4_IRQHandler
                0x0001d3a6                TEMP_IRQHandler
                0x0001d3a6                QDEC_IRQHandler
                0x0001d3a6                UART0_IRQHandler
                0x0001d3a6                SWI5_IRQHandler
                0x0001d3a6                TIMER0_IRQHandler
                0x0001d3a6                RADIO_IRQHandler
                0x0001d3a6                SWI0_IRQHandler
                0x0001d3a6                TIMER1_IRQHandler
                0x0001d3a6                ECB_IRQHandler
                0x0001d3a6                Default_Handler
                0x0001d3a6                ADC_IRQHandler
                0x0001d3a6                SWI3_IRQHandler
                0x0001d3a6                CCM_AAR_IRQHandler
                0x0001d3a6                TIMER2_IRQHandler
                0x0001d3a6                SWI2_IRQHandler
                0x0001d3a6                RNG_IRQHandler
                0x0001d3a6                SPI1_TWI1_IRQHandler
                0x0001d3a6                RTC1_IRQHandler
                0x0001d3a6                SWI1_IRQHandler
 .text.exit     0x0001d3a8       0x2c c:/program files (x86)/embitz/1.11/share/em_armgcc/bin/../lib/gcc/arm-none-eabi/5.4.1/../../../../arm-none-eabi/lib/armv6-m\libg_n.a(lib_a-exit.o)
                0x0001d3a8                exit
 .text.__libc_init_array
                0x0001d3d4       0x4c c:/program files (x86)/embitz/1.11/share/em_armgcc/bin/../lib/gcc/arm-none-eabi/5.4.1/../../../../arm-none-eabi/lib/armv6-m\libg_n.a(lib_a-init.o)
                0x0001d3d4                __libc_init_array
 .text.memset   0x0001d420       0x10 c:/program files (x86)/embitz/1.11/share/em_armgcc/bin/../lib/gcc/arm-none-eabi/5.4.1/../../../../arm-none-eabi/lib/armv6-m\libg_n.a(lib_a-memset.o)
                0x0001d420                memset
 .text._exit    0x0001d430        0x2 c:/program files (x86)/embitz/1.11/share/em_armgcc/bin/../lib/gcc/arm-none-eabi/5.4.1/../../../../arm-none-eabi/lib/armv6-m\libnosys_s.a(_exit.o)
                0x0001d430                _exit
 *(.init)
 *fill*         0x0001d432        0x2 
 .init          0x0001d434        0x4 c:/program files (x86)/embitz/1.11/share/em_armgcc/bin/../lib/gcc/arm-none-eabi/5.4.1/armv6-m/crti.o
                0x0001d434                _init
 .init          0x0001d438        0x8 c:/program files (x86)/embitz/1.11/share/em_armgcc/bin/../lib/gcc/arm-none-eabi/5.4.1/armv6-m/crtn.o
 *(.fini)
 .fini          0x0001d440        0x4 c:/program files (x86)/embitz/1.11/share/em_armgcc/bin/../lib/gcc/arm-none-eabi/5.4.1/armv6-m/crti.o
                0x0001d440                _fini
 .fini          0x0001d444        0x8 c:/program files (x86)/embitz/1.11/share/em_armgcc/bin/../lib/gcc/arm-none-eabi/5.4.1/armv6-m/crtn.o
 *crtbegin.o(.ctors)
 *crtbegin?.o(.ctors)
 *(EXCLUDE_FILE(*crtend.o *crtend?.o) .ctors)
 *(SORT(.ctors.*))
 *(.ctors)
 *crtbegin.o(.dtors)
 *crtbegin?.o(.dtors)
 *(EXCLUDE_FILE(*crtend.o *crtend?.o) .dtors)
 *(SORT(.dtors.*))
 *(.dtors)
 *(.rodata*)
 .rodata.str1.1
                0x0001d44c        0x2 c:/program files (x86)/embitz/1.11/share/em_armgcc/bin/../lib/gcc/arm-none-eabi/5.4.1/../../../../arm-none-eabi/lib/armv6-m\libg_n.a(lib_a-impure.o)
 *fill*         0x0001d44e        0x2 
 .rodata._global_impure_ptr
                0x0001d450        0x4 c:/program files (x86)/embitz/1.11/share/em_armgcc/bin/../lib/gcc/arm-none-eabi/5.4.1/../../../../arm-none-eabi/lib/armv6-m\libg_n.a(lib_a-impure.o)
                0x0001d450                _global_impure_ptr
 *(.eh_frame*)

.glue_7         0x0001d454        0x0
 .glue_7        0x0001d454        0x0 linker stubs

.glue_7t        0x0001d454        0x0
 .glue_7t       0x0001d454        0x0 linker stubs

.vfp11_veneer   0x0001d454        0x0
 .vfp11_veneer  0x0001d454        0x0 linker stubs

.v4_bx          0x0001d454        0x0
 .v4_bx         0x0001d454        0x0 linker stubs

.iplt           0x0001d454        0x0
 .iplt          0x0001d454        0x0 c:/program files (x86)/embitz/1.11/share/em_armgcc/bin/../lib/gcc/arm-none-eabi/5.4.1/armv6-m/crtbegin.o

.ARM.extab
 *(.ARM.extab* .gnu.linkonce.armextab.*)
                0x0001d454                __exidx_start = .

.ARM.exidx      0x0001d454        0x8
 *(.ARM.exidx* .gnu.linkonce.armexidx.*)
 .ARM.exidx     0x0001d454        0x8 c:/program files (x86)/embitz/1.11/share/em_armgcc/bin/../lib/gcc/arm-none-eabi/5.4.1/../../../../arm-none-eabi/lib/armv6-m/crt0.o
 .ARM.exidx     0x0001d45c        0x0 obj\debug\startup_nrf51.o
                                  0x8 (size before relaxing)
                0x0001d45c                __exidx_end = .
                0x0001d45c                __etext = .

.rel.dyn        0x0001d45c        0x0
 .rel.iplt      0x0001d45c        0x0 c:/program files (x86)/embitz/1.11/share/em_armgcc/bin/../lib/gcc/arm-none-eabi/5.4.1/armv6-m/crtbegin.o

.data           0x20002200       0x60 load address 0x0001d45c
                0x20002200                __data_start__ = .
 *(vtable)
 *(.data*)
 .data.impure_data
                0x20002200       0x60 c:/program files (x86)/embitz/1.11/share/em_armgcc/bin/../lib/gcc/arm-none-eabi/5.4.1/../../../../arm-none-eabi/lib/armv6-m\libg_n.a(lib_a-impure.o)
                0x20002260                . = ALIGN (0x4)
                0x20002260                PROVIDE (__preinit_array_start, .)
 *(.preinit_array)
                0x20002260                PROVIDE (__preinit_array_end, .)
                0x20002260                . = ALIGN (0x4)
                0x20002260                PROVIDE (__init_array_start, .)
 *(SORT(.init_array.*))
 *(.init_array)
                0x20002260                PROVIDE (__init_array_end, .)
                0x20002260                . = ALIGN (0x4)
                [!provide]                PROVIDE (__fini_array_start, .)
 *(SORT(.fini_array.*))
 *(.fini_array)
                [!provide]                PROVIDE (__fini_array_end, .)
 *(.jcr)
                0x20002260                . = ALIGN (0x4)
                0x20002260                __data_end__ = .

.igot.plt       0x20002260        0x0 load address 0x0001d4bc
 .igot.plt      0x20002260        0x0 c:/program files (x86)/embitz/1.11/share/em_armgcc/bin/../lib/gcc/arm-none-eabi/5.4.1/armv6-m/crtbegin.o

.bss            0x20002260        0x0
                0x20002260                . = ALIGN (0x4)
                0x20002260                __bss_start__ = .
 *(.bss*)
 *(COMMON)
                0x20002260                . = ALIGN (0x4)
                0x20002260                __bss_end__ = .

.heap           0x20002260      0x800
                0x20002260                __end__ = .
                0x20002260                end = __end__
 *(.heap*)
 .heap          0x20002260      0x800 obj\debug\startup_nrf51.o
                0x20002260                __HeapBase
                0x20002a60                __HeapLimit = .

.stack_dummy    0x20002260      0x800
 *(.stack*)
 .stack         0x20002260      0x800 obj\debug\startup_nrf51.o
                0x20007800                __StackTop = (ORIGIN (RAM) + LENGTH (RAM))
                0x20007000                __StackLimit = (__StackTop - SIZEOF (.stack_dummy))
                0x20007800                PROVIDE (__stack, __StackTop)
                0x00000001                ASSERT ((__StackLimit >= __HeapLimit), region RAM overflowed with stack)
LOAD obj\debug\src\functions.o
LOAD obj\debug\src\interrupts.o
LOAD obj\debug\src\main.o
LOAD obj\debug\src\system_nrf51.o
LOAD obj\debug\startup_nrf51.o
LOAD obj\debug\s130.o
START GROUP
LOAD c:/program files (x86)/embitz/1.11/share/em_armgcc/bin/../lib/gcc/arm-none-eabi/5.4.1/armv6-m\libgcc.a
LOAD c:/program files (x86)/embitz/1.11/share/em_armgcc/bin/../lib/gcc/arm-none-eabi/5.4.1/../../../../arm-none-eabi/lib/armv6-m\libg_n.a
LOAD c:/program files (x86)/embitz/1.11/share/em_armgcc/bin/../lib/gcc/arm-none-eabi/5.4.1/../../../../arm-none-eabi/lib/armv6-m\libc_n.a
END GROUP
START GROUP
LOAD c:/program files (x86)/embitz/1.11/share/em_armgcc/bin/../lib/gcc/arm-none-eabi/5.4.1/armv6-m\libgcc.a
LOAD c:/program files (x86)/embitz/1.11/share/em_armgcc/bin/../lib/gcc/arm-none-eabi/5.4.1/../../../../arm-none-eabi/lib/armv6-m\libc_n.a
LOAD c:/program files (x86)/embitz/1.11/share/em_armgcc/bin/../lib/gcc/arm-none-eabi/5.4.1/../../../../arm-none-eabi/lib/armv6-m\libnosys_s.a
END GROUP
LOAD c:/program files (x86)/embitz/1.11/share/em_armgcc/bin/../lib/gcc/arm-none-eabi/5.4.1/armv6-m/crtend.o
LOAD c:/program files (x86)/embitz/1.11/share/em_armgcc/bin/../lib/gcc/arm-none-eabi/5.4.1/armv6-m/crtn.o
OUTPUT(bin\Debug\WDT.elf elf32-littlearm)

.ARM.attributes
                0x00000000       0x27
 .ARM.attributes
                0x00000000       0x1e c:/program files (x86)/embitz/1.11/share/em_armgcc/bin/../lib/gcc/arm-none-eabi/5.4.1/armv6-m/crti.o
 .ARM.attributes
                0x0000001e       0x1b c:/program files (x86)/embitz/1.11/share/em_armgcc/bin/../lib/gcc/arm-none-eabi/5.4.1/../../../../arm-none-eabi/lib/armv6-m/crt0.o
 .ARM.attributes
                0x00000039       0x31 obj\debug\src\functions.o
 .ARM.attributes
                0x0000006a       0x31 obj\debug\src\interrupts.o
 .ARM.attributes
                0x0000009b       0x31 obj\debug\src\main.o
 .ARM.attributes
                0x000000cc       0x31 obj\debug\src\system_nrf51.o
 .ARM.attributes
                0x000000fd       0x1b obj\debug\startup_nrf51.o
 .ARM.attributes
                0x00000118       0x31 obj\debug\s130.o
 .ARM.attributes
                0x00000149       0x2c c:/program files (x86)/embitz/1.11/share/em_armgcc/bin/../lib/gcc/arm-none-eabi/5.4.1/../../../../arm-none-eabi/lib/armv6-m\libg_n.a(lib_a-exit.o)
 .ARM.attributes
                0x00000175       0x2c c:/program files (x86)/embitz/1.11/share/em_armgcc/bin/../lib/gcc/arm-none-eabi/5.4.1/../../../../arm-none-eabi/lib/armv6-m\libg_n.a(lib_a-impure.o)
 .ARM.attributes
                0x000001a1       0x2c c:/program files (x86)/embitz/1.11/share/em_armgcc/bin/../lib/gcc/arm-none-eabi/5.4.1/../../../../arm-none-eabi/lib/armv6-m\libg_n.a(lib_a-init.o)
 .ARM.attributes
                0x000001cd       0x2c c:/program files (x86)/embitz/1.11/share/em_armgcc/bin/../lib/gcc/arm-none-eabi/5.4.1/../../../../arm-none-eabi/lib/armv6-m\libg_n.a(lib_a-memset.o)
 .ARM.attributes
                0x000001f9       0x2c c:/program files (x86)/embitz/1.11/share/em_armgcc/bin/../lib/gcc/arm-none-eabi/5.4.1/../../../../arm-none-eabi/lib/armv6-m\libnosys_s.a(_exit.o)
 .ARM.attributes
                0x00000225       0x1e c:/program files (x86)/embitz/1.11/share/em_armgcc/bin/../lib/gcc/arm-none-eabi/5.4.1/armv6-m/crtn.o

.comment        0x00000000       0x6e
 .comment       0x00000000       0x6e obj\debug\src\functions.o
                                 0x6f (size before relaxing)
 .comment       0x0000006e       0x6f obj\debug\src\interrupts.o
 .comment       0x0000006e       0x6f obj\debug\src\main.o
 .comment       0x0000006e       0x6f obj\debug\src\system_nrf51.o
 .comment       0x0000006e       0x6f obj\debug\s130.o

.debug_info     0x00000000     0x2bd8
 .debug_info    0x00000000      0x53e obj\debug\src\functions.o
 .debug_info    0x0000053e      0x193 obj\debug\src\interrupts.o
 .debug_info    0x000006d1     0x2260 obj\debug\src\main.o
 .debug_info    0x00002931      0x1ec obj\debug\src\system_nrf51.o
 .debug_info    0x00002b1d       0x5d obj\debug\startup_nrf51.o
 .debug_info    0x00002b7a       0x5e obj\debug\s130.o

.debug_abbrev   0x00000000      0x5a8
 .debug_abbrev  0x00000000      0x133 obj\debug\src\functions.o
 .debug_abbrev  0x00000133       0xc2 obj\debug\src\interrupts.o
 .debug_abbrev  0x000001f5      0x263 obj\debug\src\main.o
 .debug_abbrev  0x00000458       0xf4 obj\debug\src\system_nrf51.o
 .debug_abbrev  0x0000054c       0x14 obj\debug\startup_nrf51.o
 .debug_abbrev  0x00000560       0x48 obj\debug\s130.o

.debug_aranges  0x00000000      0x2c0
 .debug_aranges
                0x00000000       0x30 obj\debug\src\functions.o
 .debug_aranges
                0x00000030       0x20 obj\debug\src\interrupts.o
 .debug_aranges
                0x00000050      0x200 obj\debug\src\main.o
 .debug_aranges
                0x00000250       0x38 obj\debug\src\system_nrf51.o
 .debug_aranges
                0x00000288       0x20 obj\debug\startup_nrf51.o
 .debug_aranges
                0x000002a8       0x18 obj\debug\s130.o

.debug_ranges   0x00000000      0x248
 .debug_ranges  0x00000000       0x20 obj\debug\src\functions.o
 .debug_ranges  0x00000020       0x10 obj\debug\src\interrupts.o
 .debug_ranges  0x00000030      0x1f0 obj\debug\src\main.o
 .debug_ranges  0x00000220       0x28 obj\debug\src\system_nrf51.o

.debug_macro    0x00000000     0x9d90
 .debug_macro   0x00000000       0xe1 obj\debug\src\functions.o
 .debug_macro   0x000000e1      0x82c obj\debug\src\functions.o
 .debug_macro   0x0000090d       0x22 obj\debug\src\functions.o
 .debug_macro   0x0000092f       0x3a obj\debug\src\functions.o
 .debug_macro   0x00000969       0x22 obj\debug\src\functions.o
 .debug_macro   0x0000098b       0x87 obj\debug\src\functions.o
 .debug_macro   0x00000a12       0x44 obj\debug\src\functions.o
 .debug_macro   0x00000a56       0xfd obj\debug\src\functions.o
 .debug_macro   0x00000b53       0x5e obj\debug\src\functions.o
 .debug_macro   0x00000bb1      0x1df obj\debug\src\functions.o
 .debug_macro   0x00000d90      0x241 obj\debug\src\functions.o
 .debug_macro   0x00000fd1      0x1d2 obj\debug\src\functions.o
 .debug_macro   0x000011a3     0x74a3 obj\debug\src\functions.o
 .debug_macro   0x00008646      0x976 obj\debug\src\functions.o
 .debug_macro   0x00008fbc       0x10 obj\debug\src\functions.o
 .debug_macro   0x00008fcc       0x1c obj\debug\src\functions.o
 .debug_macro   0x00008fe8       0xe1 obj\debug\src\interrupts.o
 .debug_macro   0x000090c9      0x169 obj\debug\src\main.o
 .debug_macro   0x00009232       0xd6 obj\debug\src\main.o
 .debug_macro   0x00009308      0x1f7 obj\debug\src\main.o
 .debug_macro   0x000094ff       0x10 obj\debug\src\main.o
 .debug_macro   0x0000950f      0x375 obj\debug\src\main.o
 .debug_macro   0x00009884       0x8e obj\debug\src\main.o
 .debug_macro   0x00009912       0x3a obj\debug\src\main.o
 .debug_macro   0x0000994c       0x22 obj\debug\src\main.o
 .debug_macro   0x0000996e      0x1f0 obj\debug\src\main.o
 .debug_macro   0x00009b5e       0x16 obj\debug\src\main.o
 .debug_macro   0x00009b74       0xd9 obj\debug\src\main.o
 .debug_macro   0x00009c4d       0x1c obj\debug\src\main.o
 .debug_macro   0x00009c69       0xdf obj\debug\src\system_nrf51.o
 .debug_macro   0x00009d48       0x22 obj\debug\src\system_nrf51.o
 .debug_macro   0x00009d6a       0x26 obj\debug\s130.o

.debug_line     0x00000000     0x121c
 .debug_line    0x00000000      0x33d obj\debug\src\functions.o
 .debug_line    0x0000033d      0x2fa obj\debug\src\interrupts.o
 .debug_line    0x00000637      0x802 obj\debug\src\main.o
 .debug_line    0x00000e39      0x34e obj\debug\src\system_nrf51.o
 .debug_line    0x00001187       0x6e obj\debug\startup_nrf51.o
 .debug_line    0x000011f5       0x27 obj\debug\s130.o

.debug_str      0x00000000    0x345e2
 .debug_str     0x00000000    0x2ef19 obj\debug\src\functions.o
                              0x2f08b (size before relaxing)
 .debug_str     0x0002ef19       0x20 obj\debug\src\interrupts.o
                              0x2ee40 (size before relaxing)
 .debug_str     0x0002ef39     0x54fa obj\debug\src\main.o
                              0x34450 (size before relaxing)
 .debug_str     0x00034433      0x13a obj\debug\src\system_nrf51.o
                              0x2ef18 (size before relaxing)
 .debug_str     0x0003456d       0x75 obj\debug\s130.o
                               0x23cf (size before relaxing)

.debug_frame    0x00000000      0x598
 .debug_frame   0x00000000       0x6c obj\debug\src\functions.o
 .debug_frame   0x0000006c       0x2c obj\debug\src\interrupts.o
 .debug_frame   0x00000098      0x3ec obj\debug\src\main.o
 .debug_frame   0x00000484       0x80 obj\debug\src\system_nrf51.o
 .debug_frame   0x00000504       0x28 c:/program files (x86)/embitz/1.11/share/em_armgcc/bin/../lib/gcc/arm-none-eabi/5.4.1/../../../../arm-none-eabi/lib/armv6-m\libg_n.a(lib_a-exit.o)
 .debug_frame   0x0000052c       0x2c c:/program files (x86)/embitz/1.11/share/em_armgcc/bin/../lib/gcc/arm-none-eabi/5.4.1/../../../../arm-none-eabi/lib/armv6-m\libg_n.a(lib_a-init.o)
 .debug_frame   0x00000558       0x20 c:/program files (x86)/embitz/1.11/share/em_armgcc/bin/../lib/gcc/arm-none-eabi/5.4.1/../../../../arm-none-eabi/lib/armv6-m\libg_n.a(lib_a-memset.o)
 .debug_frame   0x00000578       0x20 c:/program files (x86)/embitz/1.11/share/em_armgcc/bin/../lib/gcc/arm-none-eabi/5.4.1/../../../../arm-none-eabi/lib/armv6-m\libnosys_s.a(_exit.o)
