Archive member included to satisfy reference by file (symbol)

c:/program files (x86)/embitz/1.11/share/em_armgcc/bin/../lib/gcc/arm-none-eabi/5.4.1/armv6-m\libgcc.a(divsf3.o)
                              obj\debug\~#\~#\~#\~#\drivers\htu21d\htu21d.o (__aeabi_fdiv)
c:/program files (x86)/embitz/1.11/share/em_armgcc/bin/../lib/gcc/arm-none-eabi/5.4.1/armv6-m\libgcc.a(mulsf3.o)
                              obj\debug\~#\~#\~#\~#\drivers\htu21d\htu21d.o (__aeabi_fmul)
c:/program files (x86)/embitz/1.11/share/em_armgcc/bin/../lib/gcc/arm-none-eabi/5.4.1/armv6-m\libgcc.a(subsf3.o)
                              obj\debug\~#\~#\~#\~#\drivers\htu21d\htu21d.o (__aeabi_fsub)
c:/program files (x86)/embitz/1.11/share/em_armgcc/bin/../lib/gcc/arm-none-eabi/5.4.1/armv6-m\libgcc.a(floatsisf.o)
                              obj\debug\~#\~#\~#\~#\drivers\htu21d\htu21d.o (__aeabi_i2f)
c:/program files (x86)/embitz/1.11/share/em_armgcc/bin/../lib/gcc/arm-none-eabi/5.4.1/armv6-m\libgcc.a(muldf3.o)
                              obj\debug\~#\~#\~#\~#\drivers\htu21d\htu21d.o (__aeabi_dmul)
c:/program files (x86)/embitz/1.11/share/em_armgcc/bin/../lib/gcc/arm-none-eabi/5.4.1/armv6-m\libgcc.a(subdf3.o)
                              obj\debug\~#\~#\~#\~#\drivers\htu21d\htu21d.o (__aeabi_dsub)
c:/program files (x86)/embitz/1.11/share/em_armgcc/bin/../lib/gcc/arm-none-eabi/5.4.1/armv6-m\libgcc.a(extendsfdf2.o)
                              obj\debug\~#\~#\~#\~#\drivers\htu21d\htu21d.o (__aeabi_f2d)
c:/program files (x86)/embitz/1.11/share/em_armgcc/bin/../lib/gcc/arm-none-eabi/5.4.1/armv6-m\libgcc.a(truncdfsf2.o)
                              obj\debug\~#\~#\~#\~#\drivers\htu21d\htu21d.o (__aeabi_d2f)
c:/program files (x86)/embitz/1.11/share/em_armgcc/bin/../lib/gcc/arm-none-eabi/5.4.1/armv6-m\libgcc.a(_clzsi2.o)
                              c:/program files (x86)/embitz/1.11/share/em_armgcc/bin/../lib/gcc/arm-none-eabi/5.4.1/armv6-m\libgcc.a(divsf3.o) (__clzsi2)
c:/program files (x86)/embitz/1.11/share/em_armgcc/bin/../lib/gcc/arm-none-eabi/5.4.1/../../../../arm-none-eabi/lib/armv6-m\libg_n.a(lib_a-exit.o)
                              c:/program files (x86)/embitz/1.11/share/em_armgcc/bin/../lib/gcc/arm-none-eabi/5.4.1/../../../../arm-none-eabi/lib/armv6-m/crt0.o (exit)
c:/program files (x86)/embitz/1.11/share/em_armgcc/bin/../lib/gcc/arm-none-eabi/5.4.1/../../../../arm-none-eabi/lib/armv6-m\libg_n.a(lib_a-impure.o)
                              c:/program files (x86)/embitz/1.11/share/em_armgcc/bin/../lib/gcc/arm-none-eabi/5.4.1/../../../../arm-none-eabi/lib/armv6-m\libg_n.a(lib_a-exit.o) (_global_impure_ptr)
c:/program files (x86)/embitz/1.11/share/em_armgcc/bin/../lib/gcc/arm-none-eabi/5.4.1/../../../../arm-none-eabi/lib/armv6-m\libg_n.a(lib_a-init.o)
                              c:/program files (x86)/embitz/1.11/share/em_armgcc/bin/../lib/gcc/arm-none-eabi/5.4.1/../../../../arm-none-eabi/lib/armv6-m/crt0.o (__libc_init_array)
c:/program files (x86)/embitz/1.11/share/em_armgcc/bin/../lib/gcc/arm-none-eabi/5.4.1/../../../../arm-none-eabi/lib/armv6-m\libg_n.a(lib_a-memset.o)
                              c:/program files (x86)/embitz/1.11/share/em_armgcc/bin/../lib/gcc/arm-none-eabi/5.4.1/../../../../arm-none-eabi/lib/armv6-m/crt0.o (memset)
c:/program files (x86)/embitz/1.11/share/em_armgcc/bin/../lib/gcc/arm-none-eabi/5.4.1/../../../../arm-none-eabi/lib/armv6-m\libnosys_s.a(_exit.o)
                              c:/program files (x86)/embitz/1.11/share/em_armgcc/bin/../lib/gcc/arm-none-eabi/5.4.1/../../../../arm-none-eabi/lib/armv6-m\libg_n.a(lib_a-exit.o) (_exit)

Allocating common symbols
Common symbol       size              file

dataToBeTX          0x1               obj\debug\src\functions.o
myPtr               0x4               obj\debug\src\functions.o
TX_inProgress       0x4               obj\debug\src\functions.o
mySTATE             0x4               obj\debug\src\functions.o
TX_buff             0x6               obj\debug\src\functions.o

Discarded input sections

 .text          0x00000000        0x0 c:/program files (x86)/embitz/1.11/share/em_armgcc/bin/../lib/gcc/arm-none-eabi/5.4.1/armv6-m/crti.o
 .data          0x00000000        0x0 c:/program files (x86)/embitz/1.11/share/em_armgcc/bin/../lib/gcc/arm-none-eabi/5.4.1/armv6-m/crti.o
 .bss           0x00000000        0x0 c:/program files (x86)/embitz/1.11/share/em_armgcc/bin/../lib/gcc/arm-none-eabi/5.4.1/armv6-m/crti.o
 .text          0x00000000       0x60 c:/program files (x86)/embitz/1.11/share/em_armgcc/bin/../lib/gcc/arm-none-eabi/5.4.1/armv6-m/crtbegin.o
 .data          0x00000000        0x4 c:/program files (x86)/embitz/1.11/share/em_armgcc/bin/../lib/gcc/arm-none-eabi/5.4.1/armv6-m/crtbegin.o
 .bss           0x00000000       0x1c c:/program files (x86)/embitz/1.11/share/em_armgcc/bin/../lib/gcc/arm-none-eabi/5.4.1/armv6-m/crtbegin.o
 .init_array    0x00000000        0x4 c:/program files (x86)/embitz/1.11/share/em_armgcc/bin/../lib/gcc/arm-none-eabi/5.4.1/armv6-m/crtbegin.o
 .fini_array    0x00000000        0x4 c:/program files (x86)/embitz/1.11/share/em_armgcc/bin/../lib/gcc/arm-none-eabi/5.4.1/armv6-m/crtbegin.o
 .eh_frame      0x00000000        0x0 c:/program files (x86)/embitz/1.11/share/em_armgcc/bin/../lib/gcc/arm-none-eabi/5.4.1/armv6-m/crtbegin.o
 .jcr           0x00000000        0x0 c:/program files (x86)/embitz/1.11/share/em_armgcc/bin/../lib/gcc/arm-none-eabi/5.4.1/armv6-m/crtbegin.o
 .ARM.attributes
                0x00000000       0x2c c:/program files (x86)/embitz/1.11/share/em_armgcc/bin/../lib/gcc/arm-none-eabi/5.4.1/armv6-m/crtbegin.o
 .data          0x00000000        0x0 c:/program files (x86)/embitz/1.11/share/em_armgcc/bin/../lib/gcc/arm-none-eabi/5.4.1/../../../../arm-none-eabi/lib/armv6-m/crt0.o
 .bss           0x00000000        0x0 c:/program files (x86)/embitz/1.11/share/em_armgcc/bin/../lib/gcc/arm-none-eabi/5.4.1/../../../../arm-none-eabi/lib/armv6-m/crt0.o
 .ARM.extab     0x00000000        0x0 c:/program files (x86)/embitz/1.11/share/em_armgcc/bin/../lib/gcc/arm-none-eabi/5.4.1/../../../../arm-none-eabi/lib/armv6-m/crt0.o
 .group         0x00000000        0x8 obj\debug\~#\~#\basics\i2c\i2c.o
 .group         0x00000000        0x8 obj\debug\~#\~#\basics\i2c\i2c.o
 .group         0x00000000        0x8 obj\debug\~#\~#\basics\i2c\i2c.o
 .group         0x00000000        0x8 obj\debug\~#\~#\basics\i2c\i2c.o
 .group         0x00000000        0x8 obj\debug\~#\~#\basics\i2c\i2c.o
 .group         0x00000000        0x8 obj\debug\~#\~#\basics\i2c\i2c.o
 .group         0x00000000        0x8 obj\debug\~#\~#\basics\i2c\i2c.o
 .group         0x00000000        0x8 obj\debug\~#\~#\basics\i2c\i2c.o
 .group         0x00000000        0x8 obj\debug\~#\~#\basics\i2c\i2c.o
 .group         0x00000000        0x8 obj\debug\~#\~#\basics\i2c\i2c.o
 .group         0x00000000        0x8 obj\debug\~#\~#\basics\i2c\i2c.o
 .group         0x00000000        0x8 obj\debug\~#\~#\basics\i2c\i2c.o
 .group         0x00000000        0x8 obj\debug\~#\~#\basics\i2c\i2c.o
 .group         0x00000000        0x8 obj\debug\~#\~#\basics\i2c\i2c.o
 .group         0x00000000        0x8 obj\debug\~#\~#\basics\i2c\i2c.o
 .text          0x00000000        0x0 obj\debug\~#\~#\basics\i2c\i2c.o
 .data          0x00000000        0x0 obj\debug\~#\~#\basics\i2c\i2c.o
 .bss           0x00000000        0x0 obj\debug\~#\~#\basics\i2c\i2c.o
 .group         0x00000000        0x8 obj\debug\s130.o
 .text          0x00000000        0x0 obj\debug\s130.o
 .data          0x00000000        0x0 obj\debug\s130.o
 .bss           0x00000000        0x0 obj\debug\s130.o
 .debug_macro   0x00000000      0x82c obj\debug\s130.o
 .group         0x00000000        0x8 obj\debug\src\functions.o
 .group         0x00000000        0x8 obj\debug\src\functions.o
 .group         0x00000000        0x8 obj\debug\src\functions.o
 .group         0x00000000        0x8 obj\debug\src\functions.o
 .group         0x00000000        0x8 obj\debug\src\functions.o
 .group         0x00000000        0x8 obj\debug\src\functions.o
 .group         0x00000000        0x8 obj\debug\src\functions.o
 .group         0x00000000        0x8 obj\debug\src\functions.o
 .group         0x00000000        0x8 obj\debug\src\functions.o
 .group         0x00000000        0x8 obj\debug\src\functions.o
 .group         0x00000000        0x8 obj\debug\src\functions.o
 .group         0x00000000        0x8 obj\debug\src\functions.o
 .group         0x00000000        0x8 obj\debug\src\functions.o
 .group         0x00000000        0x8 obj\debug\src\functions.o
 .group         0x00000000        0x8 obj\debug\src\functions.o
 .group         0x00000000        0x8 obj\debug\src\functions.o
 .text          0x00000000        0x0 obj\debug\src\functions.o
 .data          0x00000000        0x0 obj\debug\src\functions.o
 .bss           0x00000000        0x0 obj\debug\src\functions.o
 .debug_macro   0x00000000      0x82c obj\debug\src\functions.o
 .debug_macro   0x00000000       0x22 obj\debug\src\functions.o
 .debug_macro   0x00000000       0x3a obj\debug\src\functions.o
 .debug_macro   0x00000000       0x22 obj\debug\src\functions.o
 .debug_macro   0x00000000       0x87 obj\debug\src\functions.o
 .debug_macro   0x00000000       0x44 obj\debug\src\functions.o
 .debug_macro   0x00000000       0xfd obj\debug\src\functions.o
 .debug_macro   0x00000000       0x5e obj\debug\src\functions.o
 .debug_macro   0x00000000      0x1df obj\debug\src\functions.o
 .debug_macro   0x00000000      0x241 obj\debug\src\functions.o
 .debug_macro   0x00000000      0x1d2 obj\debug\src\functions.o
 .debug_macro   0x00000000     0x74c6 obj\debug\src\functions.o
 .debug_macro   0x00000000      0x976 obj\debug\src\functions.o
 .debug_macro   0x00000000       0x10 obj\debug\src\functions.o
 .group         0x00000000        0x8 obj\debug\src\interrupts.o
 .group         0x00000000        0x8 obj\debug\src\interrupts.o
 .group         0x00000000        0x8 obj\debug\src\interrupts.o
 .group         0x00000000        0x8 obj\debug\src\interrupts.o
 .group         0x00000000        0x8 obj\debug\src\interrupts.o
 .group         0x00000000        0x8 obj\debug\src\interrupts.o
 .group         0x00000000        0x8 obj\debug\src\interrupts.o
 .group         0x00000000        0x8 obj\debug\src\interrupts.o
 .group         0x00000000        0x8 obj\debug\src\interrupts.o
 .group         0x00000000        0x8 obj\debug\src\interrupts.o
 .group         0x00000000        0x8 obj\debug\src\interrupts.o
 .group         0x00000000        0x8 obj\debug\src\interrupts.o
 .group         0x00000000        0x8 obj\debug\src\interrupts.o
 .group         0x00000000        0x8 obj\debug\src\interrupts.o
 .group         0x00000000        0x8 obj\debug\src\interrupts.o
 .group         0x00000000        0x8 obj\debug\src\interrupts.o
 .text          0x00000000        0x0 obj\debug\src\interrupts.o
 .data          0x00000000        0x0 obj\debug\src\interrupts.o
 .bss           0x00000000        0x0 obj\debug\src\interrupts.o
 .debug_macro   0x00000000      0x82c obj\debug\src\interrupts.o
 .debug_macro   0x00000000       0x22 obj\debug\src\interrupts.o
 .debug_macro   0x00000000       0x3a obj\debug\src\interrupts.o
 .debug_macro   0x00000000       0x22 obj\debug\src\interrupts.o
 .debug_macro   0x00000000       0x87 obj\debug\src\interrupts.o
 .debug_macro   0x00000000       0x44 obj\debug\src\interrupts.o
 .debug_macro   0x00000000       0xfd obj\debug\src\interrupts.o
 .debug_macro   0x00000000       0x5e obj\debug\src\interrupts.o
 .debug_macro   0x00000000      0x1df obj\debug\src\interrupts.o
 .debug_macro   0x00000000      0x241 obj\debug\src\interrupts.o
 .debug_macro   0x00000000      0x1d2 obj\debug\src\interrupts.o
 .debug_macro   0x00000000     0x74c6 obj\debug\src\interrupts.o
 .debug_macro   0x00000000      0x976 obj\debug\src\interrupts.o
 .debug_macro   0x00000000       0x10 obj\debug\src\interrupts.o
 .debug_macro   0x00000000       0x34 obj\debug\src\interrupts.o
 .debug_macro   0x00000000       0x1c obj\debug\src\interrupts.o
 .group         0x00000000        0x8 obj\debug\src\main.o
 .group         0x00000000        0x8 obj\debug\src\main.o
 .group         0x00000000        0x8 obj\debug\src\main.o
 .group         0x00000000        0x8 obj\debug\src\main.o
 .group         0x00000000        0x8 obj\debug\src\main.o
 .group         0x00000000        0x8 obj\debug\src\main.o
 .group         0x00000000        0x8 obj\debug\src\main.o
 .group         0x00000000        0x8 obj\debug\src\main.o
 .group         0x00000000        0x8 obj\debug\src\main.o
 .group         0x00000000        0x8 obj\debug\src\main.o
 .group         0x00000000        0x8 obj\debug\src\main.o
 .group         0x00000000        0x8 obj\debug\src\main.o
 .group         0x00000000        0x8 obj\debug\src\main.o
 .group         0x00000000        0x8 obj\debug\src\main.o
 .group         0x00000000        0x8 obj\debug\src\main.o
 .group         0x00000000        0x8 obj\debug\src\main.o
 .group         0x00000000        0x8 obj\debug\src\main.o
 .group         0x00000000        0x8 obj\debug\src\main.o
 .group         0x00000000        0x8 obj\debug\src\main.o
 .group         0x00000000        0x8 obj\debug\src\main.o
 .group         0x00000000        0x8 obj\debug\src\main.o
 .group         0x00000000        0x8 obj\debug\src\main.o
 .group         0x00000000        0x8 obj\debug\src\main.o
 .group         0x00000000        0x8 obj\debug\src\main.o
 .group         0x00000000        0x8 obj\debug\src\main.o
 .group         0x00000000        0x8 obj\debug\src\main.o
 .group         0x00000000        0x8 obj\debug\src\main.o
 .group         0x00000000        0x8 obj\debug\src\main.o
 .text          0x00000000        0x0 obj\debug\src\main.o
 .data          0x00000000        0x0 obj\debug\src\main.o
 .bss           0x00000000        0x0 obj\debug\src\main.o
 .text.sd_ble_gap_address_set
                0x00000000        0x8 obj\debug\src\main.o
 .text.sd_ble_gap_address_get
                0x00000000        0x8 obj\debug\src\main.o
 .text.sd_ble_gap_adv_data_set
                0x00000000        0x8 obj\debug\src\main.o
 .text.sd_ble_gap_adv_start
                0x00000000        0x8 obj\debug\src\main.o
 .text.sd_ble_gap_adv_stop
                0x00000000        0x8 obj\debug\src\main.o
 .text.sd_ble_gap_conn_param_update
                0x00000000        0x8 obj\debug\src\main.o
 .text.sd_ble_gap_disconnect
                0x00000000        0x8 obj\debug\src\main.o
 .text.sd_ble_gap_tx_power_set
                0x00000000        0x8 obj\debug\src\main.o
 .text.sd_ble_gap_appearance_set
                0x00000000        0x8 obj\debug\src\main.o
 .text.sd_ble_gap_appearance_get
                0x00000000        0x8 obj\debug\src\main.o
 .text.sd_ble_gap_ppcp_set
                0x00000000        0x8 obj\debug\src\main.o
 .text.sd_ble_gap_ppcp_get
                0x00000000        0x8 obj\debug\src\main.o
 .text.sd_ble_gap_device_name_set
                0x00000000        0x8 obj\debug\src\main.o
 .text.sd_ble_gap_device_name_get
                0x00000000        0x8 obj\debug\src\main.o
 .text.sd_ble_gap_authenticate
                0x00000000        0x8 obj\debug\src\main.o
 .text.sd_ble_gap_sec_params_reply
                0x00000000        0x8 obj\debug\src\main.o
 .text.sd_ble_gap_auth_key_reply
                0x00000000        0x8 obj\debug\src\main.o
 .text.sd_ble_gap_encrypt
                0x00000000        0x8 obj\debug\src\main.o
 .text.sd_ble_gap_sec_info_reply
                0x00000000        0x8 obj\debug\src\main.o
 .text.sd_ble_gap_conn_sec_get
                0x00000000        0x8 obj\debug\src\main.o
 .text.sd_ble_gap_rssi_start
                0x00000000        0x8 obj\debug\src\main.o
 .text.sd_ble_gap_rssi_stop
                0x00000000        0x8 obj\debug\src\main.o
 .text.sd_ble_gap_rssi_get
                0x00000000        0x8 obj\debug\src\main.o
 .text.sd_ble_gap_scan_start
                0x00000000        0x8 obj\debug\src\main.o
 .text.sd_ble_gap_scan_stop
                0x00000000        0x8 obj\debug\src\main.o
 .text.sd_ble_gap_connect
                0x00000000        0x8 obj\debug\src\main.o
 .text.sd_ble_gap_connect_cancel
                0x00000000        0x8 obj\debug\src\main.o
 .text.sd_ble_l2cap_cid_register
                0x00000000        0x8 obj\debug\src\main.o
 .text.sd_ble_l2cap_cid_unregister
                0x00000000        0x8 obj\debug\src\main.o
 .text.sd_ble_l2cap_tx
                0x00000000        0x8 obj\debug\src\main.o
 .text.sd_ble_gattc_primary_services_discover
                0x00000000        0x8 obj\debug\src\main.o
 .text.sd_ble_gattc_relationships_discover
                0x00000000        0x8 obj\debug\src\main.o
 .text.sd_ble_gattc_characteristics_discover
                0x00000000        0x8 obj\debug\src\main.o
 .text.sd_ble_gattc_descriptors_discover
                0x00000000        0x8 obj\debug\src\main.o
 .text.sd_ble_gattc_char_value_by_uuid_read
                0x00000000        0x8 obj\debug\src\main.o
 .text.sd_ble_gattc_read
                0x00000000        0x8 obj\debug\src\main.o
 .text.sd_ble_gattc_char_values_read
                0x00000000        0x8 obj\debug\src\main.o
 .text.sd_ble_gattc_write
                0x00000000        0x8 obj\debug\src\main.o
 .text.sd_ble_gattc_hv_confirm
                0x00000000        0x8 obj\debug\src\main.o
 .text.sd_ble_gatts_service_add
                0x00000000        0x8 obj\debug\src\main.o
 .text.sd_ble_gatts_include_add
                0x00000000        0x8 obj\debug\src\main.o
 .text.sd_ble_gatts_characteristic_add
                0x00000000        0x8 obj\debug\src\main.o
 .text.sd_ble_gatts_descriptor_add
                0x00000000        0x8 obj\debug\src\main.o
 .text.sd_ble_gatts_value_set
                0x00000000        0x8 obj\debug\src\main.o
 .text.sd_ble_gatts_value_get
                0x00000000        0x8 obj\debug\src\main.o
 .text.sd_ble_gatts_hvx
                0x00000000        0x8 obj\debug\src\main.o
 .text.sd_ble_gatts_service_changed
                0x00000000        0x8 obj\debug\src\main.o
 .text.sd_ble_gatts_rw_authorize_reply
                0x00000000        0x8 obj\debug\src\main.o
 .text.sd_ble_gatts_sys_attr_set
                0x00000000        0x8 obj\debug\src\main.o
 .text.sd_ble_gatts_sys_attr_get
                0x00000000        0x8 obj\debug\src\main.o
 .text.sd_ble_enable
                0x00000000        0x8 obj\debug\src\main.o
 .text.sd_ble_evt_get
                0x00000000        0x8 obj\debug\src\main.o
 .text.sd_ble_tx_buffer_count_get
                0x00000000        0x8 obj\debug\src\main.o
 .text.sd_ble_uuid_vs_add
                0x00000000        0x8 obj\debug\src\main.o
 .text.sd_ble_uuid_decode
                0x00000000        0x8 obj\debug\src\main.o
 .text.sd_ble_uuid_encode
                0x00000000        0x8 obj\debug\src\main.o
 .text.sd_ble_version_get
                0x00000000        0x8 obj\debug\src\main.o
 .text.sd_ble_user_mem_reply
                0x00000000        0x8 obj\debug\src\main.o
 .text.sd_ble_opt_set
                0x00000000        0x8 obj\debug\src\main.o
 .text.sd_ble_opt_get
                0x00000000        0x8 obj\debug\src\main.o
 .debug_macro   0x00000000      0x82c obj\debug\src\main.o
 .debug_macro   0x00000000       0x22 obj\debug\src\main.o
 .debug_macro   0x00000000       0x3a obj\debug\src\main.o
 .debug_macro   0x00000000       0x22 obj\debug\src\main.o
 .debug_macro   0x00000000       0x87 obj\debug\src\main.o
 .debug_macro   0x00000000       0x44 obj\debug\src\main.o
 .debug_macro   0x00000000       0xfd obj\debug\src\main.o
 .debug_macro   0x00000000       0x5e obj\debug\src\main.o
 .debug_macro   0x00000000      0x1df obj\debug\src\main.o
 .debug_macro   0x00000000      0x241 obj\debug\src\main.o
 .debug_macro   0x00000000      0x1d2 obj\debug\src\main.o
 .debug_macro   0x00000000     0x74c6 obj\debug\src\main.o
 .debug_macro   0x00000000      0x976 obj\debug\src\main.o
 .debug_macro   0x00000000       0x10 obj\debug\src\main.o
 .debug_macro   0x00000000       0x34 obj\debug\src\main.o
 .debug_macro   0x00000000       0x1c obj\debug\src\main.o
 .debug_macro   0x00000000       0x16 obj\debug\src\main.o
 .group         0x00000000        0x8 obj\debug\src\system_nrf51.o
 .group         0x00000000        0x8 obj\debug\src\system_nrf51.o
 .group         0x00000000        0x8 obj\debug\src\system_nrf51.o
 .group         0x00000000        0x8 obj\debug\src\system_nrf51.o
 .group         0x00000000        0x8 obj\debug\src\system_nrf51.o
 .group         0x00000000        0x8 obj\debug\src\system_nrf51.o
 .group         0x00000000        0x8 obj\debug\src\system_nrf51.o
 .group         0x00000000        0x8 obj\debug\src\system_nrf51.o
 .group         0x00000000        0x8 obj\debug\src\system_nrf51.o
 .group         0x00000000        0x8 obj\debug\src\system_nrf51.o
 .group         0x00000000        0x8 obj\debug\src\system_nrf51.o
 .group         0x00000000        0x8 obj\debug\src\system_nrf51.o
 .group         0x00000000        0x8 obj\debug\src\system_nrf51.o
 .group         0x00000000        0x8 obj\debug\src\system_nrf51.o
 .group         0x00000000        0x8 obj\debug\src\system_nrf51.o
 .text          0x00000000        0x0 obj\debug\src\system_nrf51.o
 .data          0x00000000        0x0 obj\debug\src\system_nrf51.o
 .bss           0x00000000        0x0 obj\debug\src\system_nrf51.o
 .text.SystemCoreClockUpdate
                0x00000000       0x18 obj\debug\src\system_nrf51.o
 .debug_macro   0x00000000      0x82c obj\debug\src\system_nrf51.o
 .debug_macro   0x00000000       0x22 obj\debug\src\system_nrf51.o
 .debug_macro   0x00000000       0x87 obj\debug\src\system_nrf51.o
 .debug_macro   0x00000000       0x44 obj\debug\src\system_nrf51.o
 .debug_macro   0x00000000       0xfd obj\debug\src\system_nrf51.o
 .debug_macro   0x00000000       0x5e obj\debug\src\system_nrf51.o
 .debug_macro   0x00000000      0x1df obj\debug\src\system_nrf51.o
 .debug_macro   0x00000000       0x22 obj\debug\src\system_nrf51.o
 .debug_macro   0x00000000       0x3a obj\debug\src\system_nrf51.o
 .debug_macro   0x00000000      0x241 obj\debug\src\system_nrf51.o
 .debug_macro   0x00000000      0x1d2 obj\debug\src\system_nrf51.o
 .debug_macro   0x00000000     0x74c6 obj\debug\src\system_nrf51.o
 .debug_macro   0x00000000      0x976 obj\debug\src\system_nrf51.o
 .debug_macro   0x00000000       0x10 obj\debug\src\system_nrf51.o
 .data          0x00000000        0x0 obj\debug\startup_nrf51.o
 .bss           0x00000000        0x0 obj\debug\startup_nrf51.o
 .ARM.extab     0x00000000        0x0 obj\debug\startup_nrf51.o
 .group         0x00000000        0x8 obj\debug\~#\~#\~#\~#\drivers\htu21d\htu21d.o
 .group         0x00000000        0x8 obj\debug\~#\~#\~#\~#\drivers\htu21d\htu21d.o
 .group         0x00000000        0x8 obj\debug\~#\~#\~#\~#\drivers\htu21d\htu21d.o
 .group         0x00000000        0x8 obj\debug\~#\~#\~#\~#\drivers\htu21d\htu21d.o
 .group         0x00000000        0x8 obj\debug\~#\~#\~#\~#\drivers\htu21d\htu21d.o
 .group         0x00000000        0x8 obj\debug\~#\~#\~#\~#\drivers\htu21d\htu21d.o
 .group         0x00000000        0x8 obj\debug\~#\~#\~#\~#\drivers\htu21d\htu21d.o
 .group         0x00000000        0x8 obj\debug\~#\~#\~#\~#\drivers\htu21d\htu21d.o
 .group         0x00000000        0x8 obj\debug\~#\~#\~#\~#\drivers\htu21d\htu21d.o
 .group         0x00000000        0x8 obj\debug\~#\~#\~#\~#\drivers\htu21d\htu21d.o
 .group         0x00000000        0x8 obj\debug\~#\~#\~#\~#\drivers\htu21d\htu21d.o
 .group         0x00000000        0x8 obj\debug\~#\~#\~#\~#\drivers\htu21d\htu21d.o
 .group         0x00000000        0x8 obj\debug\~#\~#\~#\~#\drivers\htu21d\htu21d.o
 .group         0x00000000        0x8 obj\debug\~#\~#\~#\~#\drivers\htu21d\htu21d.o
 .group         0x00000000        0x8 obj\debug\~#\~#\~#\~#\drivers\htu21d\htu21d.o
 .text          0x00000000        0x0 obj\debug\~#\~#\~#\~#\drivers\htu21d\htu21d.o
 .data          0x00000000        0x0 obj\debug\~#\~#\~#\~#\drivers\htu21d\htu21d.o
 .bss           0x00000000        0x0 obj\debug\~#\~#\~#\~#\drivers\htu21d\htu21d.o
 .text.HTU21D_ReadRawTemperature
                0x00000000       0x90 obj\debug\~#\~#\~#\~#\drivers\htu21d\htu21d.o
 .text.HTU21D_ReadRawHumidity
                0x00000000       0x90 obj\debug\~#\~#\~#\~#\drivers\htu21d\htu21d.o
 .text.HTU21D_BatteryStatus
                0x00000000       0xb0 obj\debug\~#\~#\~#\~#\drivers\htu21d\htu21d.o
 .debug_macro   0x00000000      0x82c obj\debug\~#\~#\~#\~#\drivers\htu21d\htu21d.o
 .debug_macro   0x00000000       0x22 obj\debug\~#\~#\~#\~#\drivers\htu21d\htu21d.o
 .debug_macro   0x00000000       0x87 obj\debug\~#\~#\~#\~#\drivers\htu21d\htu21d.o
 .debug_macro   0x00000000       0x44 obj\debug\~#\~#\~#\~#\drivers\htu21d\htu21d.o
 .debug_macro   0x00000000       0xfd obj\debug\~#\~#\~#\~#\drivers\htu21d\htu21d.o
 .debug_macro   0x00000000       0x5e obj\debug\~#\~#\~#\~#\drivers\htu21d\htu21d.o
 .debug_macro   0x00000000      0x1df obj\debug\~#\~#\~#\~#\drivers\htu21d\htu21d.o
 .debug_macro   0x00000000       0x22 obj\debug\~#\~#\~#\~#\drivers\htu21d\htu21d.o
 .debug_macro   0x00000000       0x3a obj\debug\~#\~#\~#\~#\drivers\htu21d\htu21d.o
 .debug_macro   0x00000000      0x241 obj\debug\~#\~#\~#\~#\drivers\htu21d\htu21d.o
 .debug_macro   0x00000000      0x1d2 obj\debug\~#\~#\~#\~#\drivers\htu21d\htu21d.o
 .debug_macro   0x00000000     0x74c6 obj\debug\~#\~#\~#\~#\drivers\htu21d\htu21d.o
 .debug_macro   0x00000000      0x976 obj\debug\~#\~#\~#\~#\drivers\htu21d\htu21d.o
 .debug_macro   0x00000000       0x10 obj\debug\~#\~#\~#\~#\drivers\htu21d\htu21d.o
 .debug_macro   0x00000000       0x16 obj\debug\~#\~#\~#\~#\drivers\htu21d\htu21d.o
 .data          0x00000000        0x0 c:/program files (x86)/embitz/1.11/share/em_armgcc/bin/../lib/gcc/arm-none-eabi/5.4.1/armv6-m\libgcc.a(divsf3.o)
 .bss           0x00000000        0x0 c:/program files (x86)/embitz/1.11/share/em_armgcc/bin/../lib/gcc/arm-none-eabi/5.4.1/armv6-m\libgcc.a(divsf3.o)
 .data          0x00000000        0x0 c:/program files (x86)/embitz/1.11/share/em_armgcc/bin/../lib/gcc/arm-none-eabi/5.4.1/armv6-m\libgcc.a(mulsf3.o)
 .bss           0x00000000        0x0 c:/program files (x86)/embitz/1.11/share/em_armgcc/bin/../lib/gcc/arm-none-eabi/5.4.1/armv6-m\libgcc.a(mulsf3.o)
 .data          0x00000000        0x0 c:/program files (x86)/embitz/1.11/share/em_armgcc/bin/../lib/gcc/arm-none-eabi/5.4.1/armv6-m\libgcc.a(subsf3.o)
 .bss           0x00000000        0x0 c:/program files (x86)/embitz/1.11/share/em_armgcc/bin/../lib/gcc/arm-none-eabi/5.4.1/armv6-m\libgcc.a(subsf3.o)
 .data          0x00000000        0x0 c:/program files (x86)/embitz/1.11/share/em_armgcc/bin/../lib/gcc/arm-none-eabi/5.4.1/armv6-m\libgcc.a(floatsisf.o)
 .bss           0x00000000        0x0 c:/program files (x86)/embitz/1.11/share/em_armgcc/bin/../lib/gcc/arm-none-eabi/5.4.1/armv6-m\libgcc.a(floatsisf.o)
 .data          0x00000000        0x0 c:/program files (x86)/embitz/1.11/share/em_armgcc/bin/../lib/gcc/arm-none-eabi/5.4.1/armv6-m\libgcc.a(muldf3.o)
 .bss           0x00000000        0x0 c:/program files (x86)/embitz/1.11/share/em_armgcc/bin/../lib/gcc/arm-none-eabi/5.4.1/armv6-m\libgcc.a(muldf3.o)
 .data          0x00000000        0x0 c:/program files (x86)/embitz/1.11/share/em_armgcc/bin/../lib/gcc/arm-none-eabi/5.4.1/armv6-m\libgcc.a(subdf3.o)
 .bss           0x00000000        0x0 c:/program files (x86)/embitz/1.11/share/em_armgcc/bin/../lib/gcc/arm-none-eabi/5.4.1/armv6-m\libgcc.a(subdf3.o)
 .data          0x00000000        0x0 c:/program files (x86)/embitz/1.11/share/em_armgcc/bin/../lib/gcc/arm-none-eabi/5.4.1/armv6-m\libgcc.a(extendsfdf2.o)
 .bss           0x00000000        0x0 c:/program files (x86)/embitz/1.11/share/em_armgcc/bin/../lib/gcc/arm-none-eabi/5.4.1/armv6-m\libgcc.a(extendsfdf2.o)
 .data          0x00000000        0x0 c:/program files (x86)/embitz/1.11/share/em_armgcc/bin/../lib/gcc/arm-none-eabi/5.4.1/armv6-m\libgcc.a(truncdfsf2.o)
 .bss           0x00000000        0x0 c:/program files (x86)/embitz/1.11/share/em_armgcc/bin/../lib/gcc/arm-none-eabi/5.4.1/armv6-m\libgcc.a(truncdfsf2.o)
 .data          0x00000000        0x0 c:/program files (x86)/embitz/1.11/share/em_armgcc/bin/../lib/gcc/arm-none-eabi/5.4.1/armv6-m\libgcc.a(_clzsi2.o)
 .bss           0x00000000        0x0 c:/program files (x86)/embitz/1.11/share/em_armgcc/bin/../lib/gcc/arm-none-eabi/5.4.1/armv6-m\libgcc.a(_clzsi2.o)
 .text          0x00000000        0x0 c:/program files (x86)/embitz/1.11/share/em_armgcc/bin/../lib/gcc/arm-none-eabi/5.4.1/../../../../arm-none-eabi/lib/armv6-m\libg_n.a(lib_a-exit.o)
 .data          0x00000000        0x0 c:/program files (x86)/embitz/1.11/share/em_armgcc/bin/../lib/gcc/arm-none-eabi/5.4.1/../../../../arm-none-eabi/lib/armv6-m\libg_n.a(lib_a-exit.o)
 .bss           0x00000000        0x0 c:/program files (x86)/embitz/1.11/share/em_armgcc/bin/../lib/gcc/arm-none-eabi/5.4.1/../../../../arm-none-eabi/lib/armv6-m\libg_n.a(lib_a-exit.o)
 .text          0x00000000        0x0 c:/program files (x86)/embitz/1.11/share/em_armgcc/bin/../lib/gcc/arm-none-eabi/5.4.1/../../../../arm-none-eabi/lib/armv6-m\libg_n.a(lib_a-impure.o)
 .data          0x00000000        0x0 c:/program files (x86)/embitz/1.11/share/em_armgcc/bin/../lib/gcc/arm-none-eabi/5.4.1/../../../../arm-none-eabi/lib/armv6-m\libg_n.a(lib_a-impure.o)
 .bss           0x00000000        0x0 c:/program files (x86)/embitz/1.11/share/em_armgcc/bin/../lib/gcc/arm-none-eabi/5.4.1/../../../../arm-none-eabi/lib/armv6-m\libg_n.a(lib_a-impure.o)
 .data._impure_ptr
                0x00000000        0x4 c:/program files (x86)/embitz/1.11/share/em_armgcc/bin/../lib/gcc/arm-none-eabi/5.4.1/../../../../arm-none-eabi/lib/armv6-m\libg_n.a(lib_a-impure.o)
 .text          0x00000000        0x0 c:/program files (x86)/embitz/1.11/share/em_armgcc/bin/../lib/gcc/arm-none-eabi/5.4.1/../../../../arm-none-eabi/lib/armv6-m\libg_n.a(lib_a-init.o)
 .data          0x00000000        0x0 c:/program files (x86)/embitz/1.11/share/em_armgcc/bin/../lib/gcc/arm-none-eabi/5.4.1/../../../../arm-none-eabi/lib/armv6-m\libg_n.a(lib_a-init.o)
 .bss           0x00000000        0x0 c:/program files (x86)/embitz/1.11/share/em_armgcc/bin/../lib/gcc/arm-none-eabi/5.4.1/../../../../arm-none-eabi/lib/armv6-m\libg_n.a(lib_a-init.o)
 .text          0x00000000        0x0 c:/program files (x86)/embitz/1.11/share/em_armgcc/bin/../lib/gcc/arm-none-eabi/5.4.1/../../../../arm-none-eabi/lib/armv6-m\libg_n.a(lib_a-memset.o)
 .data          0x00000000        0x0 c:/program files (x86)/embitz/1.11/share/em_armgcc/bin/../lib/gcc/arm-none-eabi/5.4.1/../../../../arm-none-eabi/lib/armv6-m\libg_n.a(lib_a-memset.o)
 .bss           0x00000000        0x0 c:/program files (x86)/embitz/1.11/share/em_armgcc/bin/../lib/gcc/arm-none-eabi/5.4.1/../../../../arm-none-eabi/lib/armv6-m\libg_n.a(lib_a-memset.o)
 .text          0x00000000        0x0 c:/program files (x86)/embitz/1.11/share/em_armgcc/bin/../lib/gcc/arm-none-eabi/5.4.1/../../../../arm-none-eabi/lib/armv6-m\libnosys_s.a(_exit.o)
 .data          0x00000000        0x0 c:/program files (x86)/embitz/1.11/share/em_armgcc/bin/../lib/gcc/arm-none-eabi/5.4.1/../../../../arm-none-eabi/lib/armv6-m\libnosys_s.a(_exit.o)
 .bss           0x00000000        0x0 c:/program files (x86)/embitz/1.11/share/em_armgcc/bin/../lib/gcc/arm-none-eabi/5.4.1/../../../../arm-none-eabi/lib/armv6-m\libnosys_s.a(_exit.o)
 .text          0x00000000        0x0 c:/program files (x86)/embitz/1.11/share/em_armgcc/bin/../lib/gcc/arm-none-eabi/5.4.1/armv6-m/crtend.o
 .data          0x00000000        0x0 c:/program files (x86)/embitz/1.11/share/em_armgcc/bin/../lib/gcc/arm-none-eabi/5.4.1/armv6-m/crtend.o
 .bss           0x00000000        0x0 c:/program files (x86)/embitz/1.11/share/em_armgcc/bin/../lib/gcc/arm-none-eabi/5.4.1/armv6-m/crtend.o
 .eh_frame      0x00000000        0x4 c:/program files (x86)/embitz/1.11/share/em_armgcc/bin/../lib/gcc/arm-none-eabi/5.4.1/armv6-m/crtend.o
 .jcr           0x00000000        0x4 c:/program files (x86)/embitz/1.11/share/em_armgcc/bin/../lib/gcc/arm-none-eabi/5.4.1/armv6-m/crtend.o
 .ARM.attributes
                0x00000000       0x2c c:/program files (x86)/embitz/1.11/share/em_armgcc/bin/../lib/gcc/arm-none-eabi/5.4.1/armv6-m/crtend.o
 .text          0x00000000        0x0 c:/program files (x86)/embitz/1.11/share/em_armgcc/bin/../lib/gcc/arm-none-eabi/5.4.1/armv6-m/crtn.o
 .data          0x00000000        0x0 c:/program files (x86)/embitz/1.11/share/em_armgcc/bin/../lib/gcc/arm-none-eabi/5.4.1/armv6-m/crtn.o
 .bss           0x00000000        0x0 c:/program files (x86)/embitz/1.11/share/em_armgcc/bin/../lib/gcc/arm-none-eabi/5.4.1/armv6-m/crtn.o

Memory Configuration

Name             Origin             Length             Attributes
SOFTD            0x00000000         0x0001d000         xr
FLASH            0x0001d000         0x00023000         xr
RAM              0x20002200         0x00005600         xrw
*default*        0x00000000         0xffffffff

Linker script and memory map

LOAD c:/program files (x86)/embitz/1.11/share/em_armgcc/bin/../lib/gcc/arm-none-eabi/5.4.1/armv6-m/crti.o
LOAD c:/program files (x86)/embitz/1.11/share/em_armgcc/bin/../lib/gcc/arm-none-eabi/5.4.1/armv6-m/crtbegin.o
LOAD c:/program files (x86)/embitz/1.11/share/em_armgcc/bin/../lib/gcc/arm-none-eabi/5.4.1/../../../../arm-none-eabi/lib/armv6-m/crt0.o
                0x00000200                __HEAP_SIZE = 0x200
                0x00000400                __STACK_SIZE = 0x400

.softdevice     0x00000000    0x1d000
 *(.softdevice*)
 .softdevice    0x00000000    0x1d000 obj\debug\s130.o
                0x00000000                Nordic_S130_SD

.text           0x0001d000     0x2838
 *(.Vectors)
 .Vectors       0x0001d000       0xc0 obj\debug\startup_nrf51.o
                0x0001d000                __Vectors
 *(.text*)
 .text          0x0001d0c0       0x78 c:/program files (x86)/embitz/1.11/share/em_armgcc/bin/../lib/gcc/arm-none-eabi/5.4.1/../../../../arm-none-eabi/lib/armv6-m/crt0.o
                0x0001d0c0                _start
                0x0001d0c0                _mainCRTStartup
 .text.i2c_init
                0x0001d138      0x118 obj\debug\~#\~#\basics\i2c\i2c.o
                0x0001d138                i2c_init
 .text.i2c_write
                0x0001d250      0x13c obj\debug\~#\~#\basics\i2c\i2c.o
                0x0001d250                i2c_write
 .text.i2c_read
                0x0001d38c      0x184 obj\debug\~#\~#\basics\i2c\i2c.o
                0x0001d38c                i2c_read
 .text.NVIC_EnableIRQ
                0x0001d510       0x2c obj\debug\src\functions.o
 .text.NVIC_ClearPendingIRQ
                0x0001d53c       0x34 obj\debug\src\functions.o
 .text.NVIC_SetPriority
                0x0001d570       0xdc obj\debug\src\functions.o
 .text.conf_GPIO
                0x0001d64c       0x48 obj\debug\src\functions.o
                0x0001d64c                conf_GPIO
 .text.conf_UART
                0x0001d694       0xb8 obj\debug\src\functions.o
                0x0001d694                conf_UART
 .text.conf_TIMER0
                0x0001d74c       0x64 obj\debug\src\functions.o
                0x0001d74c                conf_TIMER0
 .text.UART0_IRQHandler
                0x0001d7b0       0x8c obj\debug\src\interrupts.o
                0x0001d7b0                UART0_IRQHandler
 .text.TIMER0_IRQHandler
                0x0001d83c       0x44 obj\debug\src\interrupts.o
                0x0001d83c                TIMER0_IRQHandler
 .text.nrf_delay_us
                0x0001d880       0x48 obj\debug\src\main.o
 .text.nrf_delay_ms
                0x0001d8c8       0x20 obj\debug\src\main.o
 .text.main     0x0001d8e8      0x198 obj\debug\src\main.o
                0x0001d8e8                main
 .text.SystemInit
                0x0001da80       0x40 obj\debug\src\system_nrf51.o
                0x0001da80                SystemInit
 .text.is_manual_peripheral_setup_needed
                0x0001dac0       0x80 obj\debug\src\system_nrf51.o
 .text.is_disabled_in_debug_needed
                0x0001db40       0x4c obj\debug\src\system_nrf51.o
 .text          0x0001db8c       0x54 obj\debug\startup_nrf51.o
                0x0001db8c                Reset_Handler
                0x0001dbd4                NMI_Handler
                0x0001dbd6                HardFault_Handler
                0x0001dbd8                SVC_Handler
                0x0001dbda                PendSV_Handler
                0x0001dbdc                SysTick_Handler
                0x0001dbde                GPIOTE_IRQHandler
                0x0001dbde                RTC0_IRQHandler
                0x0001dbde                POWER_CLOCK_IRQHandler
                0x0001dbde                RADIO_IRQHandler
                0x0001dbde                LPCOMP_IRQHandler
                0x0001dbde                SWI4_IRQHandler
                0x0001dbde                SPI0_TWI0_IRQHandler
                0x0001dbde                QDEC_IRQHandler
                0x0001dbde                SWI5_IRQHandler
                0x0001dbde                TIMER2_IRQHandler
                0x0001dbde                SWI0_IRQHandler
                0x0001dbde                TIMER1_IRQHandler
                0x0001dbde                ECB_IRQHandler
                0x0001dbde                Default_Handler
                0x0001dbde                ADC_IRQHandler
                0x0001dbde                SWI3_IRQHandler
                0x0001dbde                CCM_AAR_IRQHandler
                0x0001dbde                WDT_IRQHandler
                0x0001dbde                TEMP_IRQHandler
                0x0001dbde                SWI2_IRQHandler
                0x0001dbde                RNG_IRQHandler
                0x0001dbde                SPI1_TWI1_IRQHandler
                0x0001dbde                RTC1_IRQHandler
                0x0001dbde                SWI1_IRQHandler
 .text.HTU21D_Init
                0x0001dbe0       0x60 obj\debug\~#\~#\~#\~#\drivers\htu21d\htu21d.o
                0x0001dbe0                HTU21D_Init
 .text.HTU21D_Conf
                0x0001dc40      0x12c obj\debug\~#\~#\~#\~#\drivers\htu21d\htu21d.o
                0x0001dc40                HTU21D_Conf
 .text.HTU21D_SoftReset
                0x0001dd6c       0x70 obj\debug\~#\~#\~#\~#\drivers\htu21d\htu21d.o
                0x0001dd6c                HTU21D_SoftReset
 .text.HTU21D_TriggerTemperature
                0x0001dddc       0xa4 obj\debug\~#\~#\~#\~#\drivers\htu21d\htu21d.o
                0x0001dddc                HTU21D_TriggerTemperature
 .text.HTU21D_ReadTemperature
                0x0001de80      0x100 obj\debug\~#\~#\~#\~#\drivers\htu21d\htu21d.o
                0x0001de80                HTU21D_ReadTemperature
 .text.HTU21D_TriggerHumidity
                0x0001df80       0xa4 obj\debug\~#\~#\~#\~#\drivers\htu21d\htu21d.o
                0x0001df80                HTU21D_TriggerHumidity
 .text.HTU21D_ReadHumidity
                0x0001e024       0xd8 obj\debug\~#\~#\~#\~#\drivers\htu21d\htu21d.o
                0x0001e024                HTU21D_ReadHumidity
 .text          0x0001e0fc      0x234 c:/program files (x86)/embitz/1.11/share/em_armgcc/bin/../lib/gcc/arm-none-eabi/5.4.1/armv6-m\libgcc.a(divsf3.o)
                0x0001e0fc                __aeabi_fdiv
 .text          0x0001e330      0x228 c:/program files (x86)/embitz/1.11/share/em_armgcc/bin/../lib/gcc/arm-none-eabi/5.4.1/armv6-m\libgcc.a(mulsf3.o)
                0x0001e330                __aeabi_fmul
 .text          0x0001e558      0x30c c:/program files (x86)/embitz/1.11/share/em_armgcc/bin/../lib/gcc/arm-none-eabi/5.4.1/armv6-m\libgcc.a(subsf3.o)
                0x0001e558                __aeabi_fsub
 .text          0x0001e864       0x90 c:/program files (x86)/embitz/1.11/share/em_armgcc/bin/../lib/gcc/arm-none-eabi/5.4.1/armv6-m\libgcc.a(floatsisf.o)
                0x0001e864                __aeabi_i2f
 .text          0x0001e8f4      0x4f4 c:/program files (x86)/embitz/1.11/share/em_armgcc/bin/../lib/gcc/arm-none-eabi/5.4.1/armv6-m\libgcc.a(muldf3.o)
                0x0001e8f4                __aeabi_dmul
 .text          0x0001ede8      0x6a8 c:/program files (x86)/embitz/1.11/share/em_armgcc/bin/../lib/gcc/arm-none-eabi/5.4.1/armv6-m\libgcc.a(subdf3.o)
                0x0001ede8                __aeabi_dsub
 .text          0x0001f490       0xa8 c:/program files (x86)/embitz/1.11/share/em_armgcc/bin/../lib/gcc/arm-none-eabi/5.4.1/armv6-m\libgcc.a(extendsfdf2.o)
                0x0001f490                __aeabi_f2d
 .text          0x0001f538      0x118 c:/program files (x86)/embitz/1.11/share/em_armgcc/bin/../lib/gcc/arm-none-eabi/5.4.1/armv6-m\libgcc.a(truncdfsf2.o)
                0x0001f538                __aeabi_d2f
 .text          0x0001f650       0x3c c:/program files (x86)/embitz/1.11/share/em_armgcc/bin/../lib/gcc/arm-none-eabi/5.4.1/armv6-m\libgcc.a(_clzsi2.o)
                0x0001f650                __clzsi2
 .text.exit     0x0001f68c       0x2c c:/program files (x86)/embitz/1.11/share/em_armgcc/bin/../lib/gcc/arm-none-eabi/5.4.1/../../../../arm-none-eabi/lib/armv6-m\libg_n.a(lib_a-exit.o)
                0x0001f68c                exit
 .text.__libc_init_array
                0x0001f6b8       0x4c c:/program files (x86)/embitz/1.11/share/em_armgcc/bin/../lib/gcc/arm-none-eabi/5.4.1/../../../../arm-none-eabi/lib/armv6-m\libg_n.a(lib_a-init.o)
                0x0001f6b8                __libc_init_array
 .text.memset   0x0001f704       0x10 c:/program files (x86)/embitz/1.11/share/em_armgcc/bin/../lib/gcc/arm-none-eabi/5.4.1/../../../../arm-none-eabi/lib/armv6-m\libg_n.a(lib_a-memset.o)
                0x0001f704                memset
 .text._exit    0x0001f714        0x2 c:/program files (x86)/embitz/1.11/share/em_armgcc/bin/../lib/gcc/arm-none-eabi/5.4.1/../../../../arm-none-eabi/lib/armv6-m\libnosys_s.a(_exit.o)
                0x0001f714                _exit
 *(.init)
 *fill*         0x0001f716        0x2 
 .init          0x0001f718        0x4 c:/program files (x86)/embitz/1.11/share/em_armgcc/bin/../lib/gcc/arm-none-eabi/5.4.1/armv6-m/crti.o
                0x0001f718                _init
 .init          0x0001f71c        0x8 c:/program files (x86)/embitz/1.11/share/em_armgcc/bin/../lib/gcc/arm-none-eabi/5.4.1/armv6-m/crtn.o
 *(.fini)
 .fini          0x0001f724        0x4 c:/program files (x86)/embitz/1.11/share/em_armgcc/bin/../lib/gcc/arm-none-eabi/5.4.1/armv6-m/crti.o
                0x0001f724                _fini
 .fini          0x0001f728        0x8 c:/program files (x86)/embitz/1.11/share/em_armgcc/bin/../lib/gcc/arm-none-eabi/5.4.1/armv6-m/crtn.o
 *crtbegin.o(.ctors)
 *crtbegin?.o(.ctors)
 *(EXCLUDE_FILE(*crtend.o *crtend?.o) .ctors)
 *(SORT(.ctors.*))
 *(.ctors)
 *crtbegin.o(.dtors)
 *crtbegin?.o(.dtors)
 *(EXCLUDE_FILE(*crtend.o *crtend?.o) .dtors)
 *(SORT(.dtors.*))
 *(.dtors)
 *(.rodata*)
 .rodata        0x0001f730       0x80 c:/program files (x86)/embitz/1.11/share/em_armgcc/bin/../lib/gcc/arm-none-eabi/5.4.1/armv6-m\libgcc.a(divsf3.o)
 .rodata        0x0001f7b0       0x40 c:/program files (x86)/embitz/1.11/share/em_armgcc/bin/../lib/gcc/arm-none-eabi/5.4.1/armv6-m\libgcc.a(mulsf3.o)
 .rodata        0x0001f7f0       0x40 c:/program files (x86)/embitz/1.11/share/em_armgcc/bin/../lib/gcc/arm-none-eabi/5.4.1/armv6-m\libgcc.a(muldf3.o)
 .rodata.str1.1
                0x0001f830        0x2 c:/program files (x86)/embitz/1.11/share/em_armgcc/bin/../lib/gcc/arm-none-eabi/5.4.1/../../../../arm-none-eabi/lib/armv6-m\libg_n.a(lib_a-impure.o)
 *fill*         0x0001f832        0x2 
 .rodata._global_impure_ptr
                0x0001f834        0x4 c:/program files (x86)/embitz/1.11/share/em_armgcc/bin/../lib/gcc/arm-none-eabi/5.4.1/../../../../arm-none-eabi/lib/armv6-m\libg_n.a(lib_a-impure.o)
                0x0001f834                _global_impure_ptr
 *(.eh_frame*)

.glue_7         0x0001f838        0x0
 .glue_7        0x0001f838        0x0 linker stubs

.glue_7t        0x0001f838        0x0
 .glue_7t       0x0001f838        0x0 linker stubs

.vfp11_veneer   0x0001f838        0x0
 .vfp11_veneer  0x0001f838        0x0 linker stubs

.v4_bx          0x0001f838        0x0
 .v4_bx         0x0001f838        0x0 linker stubs

.iplt           0x0001f838        0x0
 .iplt          0x0001f838        0x0 c:/program files (x86)/embitz/1.11/share/em_armgcc/bin/../lib/gcc/arm-none-eabi/5.4.1/armv6-m/crtbegin.o

.ARM.extab
 *(.ARM.extab* .gnu.linkonce.armextab.*)
                0x0001f838                __exidx_start = .

.ARM.exidx      0x0001f838        0x8
 *(.ARM.exidx* .gnu.linkonce.armexidx.*)
 .ARM.exidx     0x0001f838        0x8 c:/program files (x86)/embitz/1.11/share/em_armgcc/bin/../lib/gcc/arm-none-eabi/5.4.1/../../../../arm-none-eabi/lib/armv6-m/crt0.o
 .ARM.exidx     0x0001f840        0x0 obj\debug\startup_nrf51.o
                                  0x8 (size before relaxing)
                0x0001f840                __exidx_end = .
                0x0001f840                __etext = .

.rel.dyn        0x0001f840        0x0
 .rel.iplt      0x0001f840        0x0 c:/program files (x86)/embitz/1.11/share/em_armgcc/bin/../lib/gcc/arm-none-eabi/5.4.1/armv6-m/crtbegin.o

.data           0x20002200       0x64 load address 0x0001f840
                0x20002200                __data_start__ = .
 *(vtable)
 *(.data*)
 .data.SystemCoreClock
                0x20002200        0x4 obj\debug\src\system_nrf51.o
                0x20002200                SystemCoreClock
 .data.impure_data
                0x20002204       0x60 c:/program files (x86)/embitz/1.11/share/em_armgcc/bin/../lib/gcc/arm-none-eabi/5.4.1/../../../../arm-none-eabi/lib/armv6-m\libg_n.a(lib_a-impure.o)
                0x20002264                . = ALIGN (0x4)
                0x20002264                PROVIDE (__preinit_array_start, .)
 *(.preinit_array)
                0x20002264                PROVIDE (__preinit_array_end, .)
                0x20002264                . = ALIGN (0x4)
                0x20002264                PROVIDE (__init_array_start, .)
 *(SORT(.init_array.*))
 *(.init_array)
                0x20002264                PROVIDE (__init_array_end, .)
                0x20002264                . = ALIGN (0x4)
                [!provide]                PROVIDE (__fini_array_start, .)
 *(SORT(.fini_array.*))
 *(.fini_array)
                [!provide]                PROVIDE (__fini_array_end, .)
 *(.jcr)
                0x20002264                . = ALIGN (0x4)
                0x20002264                __data_end__ = .

.igot.plt       0x20002264        0x0 load address 0x0001f8a4
 .igot.plt      0x20002264        0x0 c:/program files (x86)/embitz/1.11/share/em_armgcc/bin/../lib/gcc/arm-none-eabi/5.4.1/armv6-m/crtbegin.o

.bss            0x20002264       0x18 load address 0x0001f8a4
                0x20002264                . = ALIGN (0x4)
                0x20002264                __bss_start__ = .
 *(.bss*)
 *(COMMON)
 COMMON         0x20002264       0x16 obj\debug\src\functions.o
                0x20002264                dataToBeTX
                0x20002268                myPtr
                0x2000226c                TX_inProgress
                0x20002270                mySTATE
                0x20002274                TX_buff
                0x2000227c                . = ALIGN (0x4)
 *fill*         0x2000227a        0x2 
                0x2000227c                __bss_end__ = .

.heap           0x20002280      0x800
                0x20002280                __end__ = .
                0x20002280                end = __end__
 *(.heap*)
 .heap          0x20002280      0x800 obj\debug\startup_nrf51.o
                0x20002280                __HeapBase
                0x20002a80                __HeapLimit = .

.stack_dummy    0x20002280      0x800
 *(.stack*)
 .stack         0x20002280      0x800 obj\debug\startup_nrf51.o
                0x20007800                __StackTop = (ORIGIN (RAM) + LENGTH (RAM))
                0x20007000                __StackLimit = (__StackTop - SIZEOF (.stack_dummy))
                0x20007800                PROVIDE (__stack, __StackTop)
                0x00000001                ASSERT ((__StackLimit >= __HeapLimit), region RAM overflowed with stack)
LOAD obj\debug\~#\~#\basics\i2c\i2c.o
LOAD obj\debug\s130.o
LOAD obj\debug\src\functions.o
LOAD obj\debug\src\interrupts.o
LOAD obj\debug\src\main.o
LOAD obj\debug\src\system_nrf51.o
LOAD obj\debug\startup_nrf51.o
LOAD obj\debug\~#\~#\~#\~#\drivers\htu21d\htu21d.o
START GROUP
LOAD c:/program files (x86)/embitz/1.11/share/em_armgcc/bin/../lib/gcc/arm-none-eabi/5.4.1/armv6-m\libgcc.a
LOAD c:/program files (x86)/embitz/1.11/share/em_armgcc/bin/../lib/gcc/arm-none-eabi/5.4.1/../../../../arm-none-eabi/lib/armv6-m\libg_n.a
LOAD c:/program files (x86)/embitz/1.11/share/em_armgcc/bin/../lib/gcc/arm-none-eabi/5.4.1/../../../../arm-none-eabi/lib/armv6-m\libc_n.a
END GROUP
START GROUP
LOAD c:/program files (x86)/embitz/1.11/share/em_armgcc/bin/../lib/gcc/arm-none-eabi/5.4.1/armv6-m\libgcc.a
LOAD c:/program files (x86)/embitz/1.11/share/em_armgcc/bin/../lib/gcc/arm-none-eabi/5.4.1/../../../../arm-none-eabi/lib/armv6-m\libc_n.a
LOAD c:/program files (x86)/embitz/1.11/share/em_armgcc/bin/../lib/gcc/arm-none-eabi/5.4.1/../../../../arm-none-eabi/lib/armv6-m\libnosys_s.a
END GROUP
LOAD c:/program files (x86)/embitz/1.11/share/em_armgcc/bin/../lib/gcc/arm-none-eabi/5.4.1/armv6-m/crtend.o
LOAD c:/program files (x86)/embitz/1.11/share/em_armgcc/bin/../lib/gcc/arm-none-eabi/5.4.1/armv6-m/crtn.o
OUTPUT(bin\Debug\I2C.elf elf32-littlearm)

.ARM.attributes
                0x00000000       0x27
 .ARM.attributes
                0x00000000       0x1e c:/program files (x86)/embitz/1.11/share/em_armgcc/bin/../lib/gcc/arm-none-eabi/5.4.1/armv6-m/crti.o
 .ARM.attributes
                0x0000001e       0x1b c:/program files (x86)/embitz/1.11/share/em_armgcc/bin/../lib/gcc/arm-none-eabi/5.4.1/../../../../arm-none-eabi/lib/armv6-m/crt0.o
 .ARM.attributes
                0x00000039       0x31 obj\debug\~#\~#\basics\i2c\i2c.o
 .ARM.attributes
                0x0000006a       0x31 obj\debug\s130.o
 .ARM.attributes
                0x0000009b       0x31 obj\debug\src\functions.o
 .ARM.attributes
                0x000000cc       0x31 obj\debug\src\interrupts.o
 .ARM.attributes
                0x000000fd       0x31 obj\debug\src\main.o
 .ARM.attributes
                0x0000012e       0x31 obj\debug\src\system_nrf51.o
 .ARM.attributes
                0x0000015f       0x1b obj\debug\startup_nrf51.o
 .ARM.attributes
                0x0000017a       0x31 obj\debug\~#\~#\~#\~#\drivers\htu21d\htu21d.o
 .ARM.attributes
                0x000001ab       0x2c c:/program files (x86)/embitz/1.11/share/em_armgcc/bin/../lib/gcc/arm-none-eabi/5.4.1/armv6-m\libgcc.a(divsf3.o)
 .ARM.attributes
                0x000001d7       0x2c c:/program files (x86)/embitz/1.11/share/em_armgcc/bin/../lib/gcc/arm-none-eabi/5.4.1/armv6-m\libgcc.a(mulsf3.o)
 .ARM.attributes
                0x00000203       0x2c c:/program files (x86)/embitz/1.11/share/em_armgcc/bin/../lib/gcc/arm-none-eabi/5.4.1/armv6-m\libgcc.a(subsf3.o)
 .ARM.attributes
                0x0000022f       0x2c c:/program files (x86)/embitz/1.11/share/em_armgcc/bin/../lib/gcc/arm-none-eabi/5.4.1/armv6-m\libgcc.a(floatsisf.o)
 .ARM.attributes
                0x0000025b       0x2c c:/program files (x86)/embitz/1.11/share/em_armgcc/bin/../lib/gcc/arm-none-eabi/5.4.1/armv6-m\libgcc.a(muldf3.o)
 .ARM.attributes
                0x00000287       0x2c c:/program files (x86)/embitz/1.11/share/em_armgcc/bin/../lib/gcc/arm-none-eabi/5.4.1/armv6-m\libgcc.a(subdf3.o)
 .ARM.attributes
                0x000002b3       0x2c c:/program files (x86)/embitz/1.11/share/em_armgcc/bin/../lib/gcc/arm-none-eabi/5.4.1/armv6-m\libgcc.a(extendsfdf2.o)
 .ARM.attributes
                0x000002df       0x2c c:/program files (x86)/embitz/1.11/share/em_armgcc/bin/../lib/gcc/arm-none-eabi/5.4.1/armv6-m\libgcc.a(truncdfsf2.o)
 .ARM.attributes
                0x0000030b       0x1e c:/program files (x86)/embitz/1.11/share/em_armgcc/bin/../lib/gcc/arm-none-eabi/5.4.1/armv6-m\libgcc.a(_clzsi2.o)
 .ARM.attributes
                0x00000329       0x2c c:/program files (x86)/embitz/1.11/share/em_armgcc/bin/../lib/gcc/arm-none-eabi/5.4.1/../../../../arm-none-eabi/lib/armv6-m\libg_n.a(lib_a-exit.o)
 .ARM.attributes
                0x00000355       0x2c c:/program files (x86)/embitz/1.11/share/em_armgcc/bin/../lib/gcc/arm-none-eabi/5.4.1/../../../../arm-none-eabi/lib/armv6-m\libg_n.a(lib_a-impure.o)
 .ARM.attributes
                0x00000381       0x2c c:/program files (x86)/embitz/1.11/share/em_armgcc/bin/../lib/gcc/arm-none-eabi/5.4.1/../../../../arm-none-eabi/lib/armv6-m\libg_n.a(lib_a-init.o)
 .ARM.attributes
                0x000003ad       0x2c c:/program files (x86)/embitz/1.11/share/em_armgcc/bin/../lib/gcc/arm-none-eabi/5.4.1/../../../../arm-none-eabi/lib/armv6-m\libg_n.a(lib_a-memset.o)
 .ARM.attributes
                0x000003d9       0x2c c:/program files (x86)/embitz/1.11/share/em_armgcc/bin/../lib/gcc/arm-none-eabi/5.4.1/../../../../arm-none-eabi/lib/armv6-m\libnosys_s.a(_exit.o)
 .ARM.attributes
                0x00000405       0x1e c:/program files (x86)/embitz/1.11/share/em_armgcc/bin/../lib/gcc/arm-none-eabi/5.4.1/armv6-m/crtn.o

.comment        0x00000000       0x6e
 .comment       0x00000000       0x6e obj\debug\~#\~#\basics\i2c\i2c.o
                                 0x6f (size before relaxing)
 .comment       0x0000006e       0x6f obj\debug\s130.o
 .comment       0x0000006e       0x6f obj\debug\src\functions.o
 .comment       0x0000006e       0x6f obj\debug\src\interrupts.o
 .comment       0x0000006e       0x6f obj\debug\src\main.o
 .comment       0x0000006e       0x6f obj\debug\src\system_nrf51.o
 .comment       0x0000006e       0x6f obj\debug\~#\~#\~#\~#\drivers\htu21d\htu21d.o

.debug_info     0x00000000     0x4eac
 .debug_info    0x00000000      0x6b3 obj\debug\~#\~#\basics\i2c\i2c.o
 .debug_info    0x000006b3       0x5e obj\debug\s130.o
 .debug_info    0x00000711      0xa66 obj\debug\src\functions.o
 .debug_info    0x00001177      0x754 obj\debug\src\interrupts.o
 .debug_info    0x000018cb     0x292a obj\debug\src\main.o
 .debug_info    0x000041f5      0x1ec obj\debug\src\system_nrf51.o
 .debug_info    0x000043e1       0x68 obj\debug\startup_nrf51.o
 .debug_info    0x00004449      0xa63 obj\debug\~#\~#\~#\~#\drivers\htu21d\htu21d.o

.debug_abbrev   0x00000000      0x974
 .debug_abbrev  0x00000000      0x159 obj\debug\~#\~#\basics\i2c\i2c.o
 .debug_abbrev  0x00000159       0x48 obj\debug\s130.o
 .debug_abbrev  0x000001a1      0x169 obj\debug\src\functions.o
 .debug_abbrev  0x0000030a       0xdc obj\debug\src\interrupts.o
 .debug_abbrev  0x000003e6      0x2e4 obj\debug\src\main.o
 .debug_abbrev  0x000006ca       0xf4 obj\debug\src\system_nrf51.o
 .debug_abbrev  0x000007be       0x14 obj\debug\startup_nrf51.o
 .debug_abbrev  0x000007d2      0x1a2 obj\debug\~#\~#\~#\~#\drivers\htu21d\htu21d.o

.debug_aranges  0x00000000      0x388
 .debug_aranges
                0x00000000       0x30 obj\debug\~#\~#\basics\i2c\i2c.o
 .debug_aranges
                0x00000030       0x18 obj\debug\s130.o
 .debug_aranges
                0x00000048       0x48 obj\debug\src\functions.o
 .debug_aranges
                0x00000090       0x28 obj\debug\src\interrupts.o
 .debug_aranges
                0x000000b8      0x210 obj\debug\src\main.o
 .debug_aranges
                0x000002c8       0x38 obj\debug\src\system_nrf51.o
 .debug_aranges
                0x00000300       0x20 obj\debug\startup_nrf51.o
 .debug_aranges
                0x00000320       0x68 obj\debug\~#\~#\~#\~#\drivers\htu21d\htu21d.o

.debug_ranges   0x00000000      0x2f0
 .debug_ranges  0x00000000       0x20 obj\debug\~#\~#\basics\i2c\i2c.o
 .debug_ranges  0x00000020       0x38 obj\debug\src\functions.o
 .debug_ranges  0x00000058       0x18 obj\debug\src\interrupts.o
 .debug_ranges  0x00000070      0x200 obj\debug\src\main.o
 .debug_ranges  0x00000270       0x28 obj\debug\src\system_nrf51.o
 .debug_ranges  0x00000298       0x58 obj\debug\~#\~#\~#\~#\drivers\htu21d\htu21d.o

.debug_macro    0x00000000     0x9ff4
 .debug_macro   0x00000000       0xd9 obj\debug\~#\~#\basics\i2c\i2c.o
 .debug_macro   0x000000d9      0x82c obj\debug\~#\~#\basics\i2c\i2c.o
 .debug_macro   0x00000905       0x22 obj\debug\~#\~#\basics\i2c\i2c.o
 .debug_macro   0x00000927       0x3a obj\debug\~#\~#\basics\i2c\i2c.o
 .debug_macro   0x00000961       0x22 obj\debug\~#\~#\basics\i2c\i2c.o
 .debug_macro   0x00000983       0x87 obj\debug\~#\~#\basics\i2c\i2c.o
 .debug_macro   0x00000a0a       0x44 obj\debug\~#\~#\basics\i2c\i2c.o
 .debug_macro   0x00000a4e       0xfd obj\debug\~#\~#\basics\i2c\i2c.o
 .debug_macro   0x00000b4b       0x5e obj\debug\~#\~#\basics\i2c\i2c.o
 .debug_macro   0x00000ba9      0x1df obj\debug\~#\~#\basics\i2c\i2c.o
 .debug_macro   0x00000d88      0x241 obj\debug\~#\~#\basics\i2c\i2c.o
 .debug_macro   0x00000fc9      0x1d2 obj\debug\~#\~#\basics\i2c\i2c.o
 .debug_macro   0x0000119b     0x74c6 obj\debug\~#\~#\basics\i2c\i2c.o
 .debug_macro   0x00008661      0x976 obj\debug\~#\~#\basics\i2c\i2c.o
 .debug_macro   0x00008fd7       0x10 obj\debug\~#\~#\basics\i2c\i2c.o
 .debug_macro   0x00008fe7       0x16 obj\debug\~#\~#\basics\i2c\i2c.o
 .debug_macro   0x00008ffd       0x26 obj\debug\s130.o
 .debug_macro   0x00009023       0xe6 obj\debug\src\functions.o
 .debug_macro   0x00009109       0x34 obj\debug\src\functions.o
 .debug_macro   0x0000913d       0x1c obj\debug\src\functions.o
 .debug_macro   0x00009159       0xe6 obj\debug\src\interrupts.o
 .debug_macro   0x0000923f      0x19a obj\debug\src\main.o
 .debug_macro   0x000093d9       0xd6 obj\debug\src\main.o
 .debug_macro   0x000094af      0x1f7 obj\debug\src\main.o
 .debug_macro   0x000096a6       0x10 obj\debug\src\main.o
 .debug_macro   0x000096b6      0x375 obj\debug\src\main.o
 .debug_macro   0x00009a2b       0x8e obj\debug\src\main.o
 .debug_macro   0x00009ab9       0x3a obj\debug\src\main.o
 .debug_macro   0x00009af3       0x22 obj\debug\src\main.o
 .debug_macro   0x00009b15      0x1f0 obj\debug\src\main.o
 .debug_macro   0x00009d05       0x16 obj\debug\src\main.o
 .debug_macro   0x00009d1b       0xd9 obj\debug\src\main.o
 .debug_macro   0x00009df4       0x1c obj\debug\src\main.o
 .debug_macro   0x00009e10       0xdf obj\debug\src\system_nrf51.o
 .debug_macro   0x00009eef       0x22 obj\debug\src\system_nrf51.o
 .debug_macro   0x00009f11       0xe3 obj\debug\~#\~#\~#\~#\drivers\htu21d\htu21d.o

.debug_line     0x00000000     0x1b44
 .debug_line    0x00000000      0x3bb obj\debug\~#\~#\basics\i2c\i2c.o
 .debug_line    0x000003bb       0x27 obj\debug\s130.o
 .debug_line    0x000003e2      0x391 obj\debug\src\functions.o
 .debug_line    0x00000773      0x329 obj\debug\src\interrupts.o
 .debug_line    0x00000a9c      0x8c7 obj\debug\src\main.o
 .debug_line    0x00001363      0x34e obj\debug\src\system_nrf51.o
 .debug_line    0x000016b1       0x6e obj\debug\startup_nrf51.o
 .debug_line    0x0000171f      0x425 obj\debug\~#\~#\~#\~#\drivers\htu21d\htu21d.o

.debug_str      0x00000000    0x35040
 .debug_str     0x00000000    0x2f01f obj\debug\~#\~#\basics\i2c\i2c.o
                              0x2f1a3 (size before relaxing)
 .debug_str     0x0002f01f       0x75 obj\debug\s130.o
                               0x23da (size before relaxing)
 .debug_str     0x0002f094      0x3d5 obj\debug\src\functions.o
                              0x2f3a2 (size before relaxing)
 .debug_str     0x0002f469       0x34 obj\debug\src\interrupts.o
                              0x2f197 (size before relaxing)
 .debug_str     0x0002f49d     0x56fc obj\debug\src\main.o
                              0x349e2 (size before relaxing)
 .debug_str     0x00034b99      0x12a obj\debug\src\system_nrf51.o
                              0x2efe7 (size before relaxing)
 .debug_str     0x00034cc3      0x37d obj\debug\~#\~#\~#\~#\drivers\htu21d\htu21d.o
                              0x2f65c (size before relaxing)

.debug_frame    0x00000000      0xa14
 .debug_frame   0x00000000       0x78 obj\debug\~#\~#\basics\i2c\i2c.o
 .debug_frame   0x00000078       0xcc obj\debug\src\functions.o
 .debug_frame   0x00000144       0x48 obj\debug\src\interrupts.o
 .debug_frame   0x0000018c      0x434 obj\debug\src\main.o
 .debug_frame   0x000005c0       0x80 obj\debug\src\system_nrf51.o
 .debug_frame   0x00000640      0x1a4 obj\debug\~#\~#\~#\~#\drivers\htu21d\htu21d.o
 .debug_frame   0x000007e4       0x3c c:/program files (x86)/embitz/1.11/share/em_armgcc/bin/../lib/gcc/arm-none-eabi/5.4.1/armv6-m\libgcc.a(divsf3.o)
 .debug_frame   0x00000820       0x38 c:/program files (x86)/embitz/1.11/share/em_armgcc/bin/../lib/gcc/arm-none-eabi/5.4.1/armv6-m\libgcc.a(mulsf3.o)
 .debug_frame   0x00000858       0x30 c:/program files (x86)/embitz/1.11/share/em_armgcc/bin/../lib/gcc/arm-none-eabi/5.4.1/armv6-m\libgcc.a(subsf3.o)
 .debug_frame   0x00000888       0x2c c:/program files (x86)/embitz/1.11/share/em_armgcc/bin/../lib/gcc/arm-none-eabi/5.4.1/armv6-m\libgcc.a(floatsisf.o)
 .debug_frame   0x000008b4       0x3c c:/program files (x86)/embitz/1.11/share/em_armgcc/bin/../lib/gcc/arm-none-eabi/5.4.1/armv6-m\libgcc.a(muldf3.o)
 .debug_frame   0x000008f0       0x38 c:/program files (x86)/embitz/1.11/share/em_armgcc/bin/../lib/gcc/arm-none-eabi/5.4.1/armv6-m\libgcc.a(subdf3.o)
 .debug_frame   0x00000928       0x2c c:/program files (x86)/embitz/1.11/share/em_armgcc/bin/../lib/gcc/arm-none-eabi/5.4.1/armv6-m\libgcc.a(extendsfdf2.o)
 .debug_frame   0x00000954       0x2c c:/program files (x86)/embitz/1.11/share/em_armgcc/bin/../lib/gcc/arm-none-eabi/5.4.1/armv6-m\libgcc.a(truncdfsf2.o)
 .debug_frame   0x00000980       0x28 c:/program files (x86)/embitz/1.11/share/em_armgcc/bin/../lib/gcc/arm-none-eabi/5.4.1/../../../../arm-none-eabi/lib/armv6-m\libg_n.a(lib_a-exit.o)
 .debug_frame   0x000009a8       0x2c c:/program files (x86)/embitz/1.11/share/em_armgcc/bin/../lib/gcc/arm-none-eabi/5.4.1/../../../../arm-none-eabi/lib/armv6-m\libg_n.a(lib_a-init.o)
 .debug_frame   0x000009d4       0x20 c:/program files (x86)/embitz/1.11/share/em_armgcc/bin/../lib/gcc/arm-none-eabi/5.4.1/../../../../arm-none-eabi/lib/armv6-m\libg_n.a(lib_a-memset.o)
 .debug_frame   0x000009f4       0x20 c:/program files (x86)/embitz/1.11/share/em_armgcc/bin/../lib/gcc/arm-none-eabi/5.4.1/../../../../arm-none-eabi/lib/armv6-m\libnosys_s.a(_exit.o)
